C:\work\git\STM32-H5-KIT\firmware\H5_GUI_LOGGER\stm32h5-fw\src\lib\wifi\WiFiEspAT\src\WiFiEspAtBuffStream.cpp:159:1:void __static_initialization_and_destruction_0(int, int)	16	static
C:\work\git\STM32-H5-KIT\firmware\H5_GUI_LOGGER\stm32h5-fw\src\lib\wifi\WiFiEspAT\src\WiFiEspAtBuffStream.cpp:24:6:void WiFiEspAtBuffStream::setUdpPort(const char*, uint16_t)	0	static
C:\work\git\STM32-H5-KIT\firmware\H5_GUI_LOGGER\stm32h5-fw\src\lib\wifi\WiFiEspAT\src\WiFiEspAtBuffStream.cpp:29:6:bool WiFiEspAtBuffStream::connected()	8	static
C:\work\git\STM32-H5-KIT\firmware\H5_GUI_LOGGER\stm32h5-fw\src\lib\wifi\WiFiEspAT\src\WiFiEspAtBuffStream.cpp:36:6:void WiFiEspAtBuffStream::free()	0	static
C:\work\git\STM32-H5-KIT\firmware\H5_GUI_LOGGER\stm32h5-fw\src\lib\wifi\WiFiEspAT\src\WiFiEspAtBuffStream.cpp:45:6:void WiFiEspAtBuffStream::close(bool)	8	static
C:\work\git\STM32-H5-KIT\firmware\H5_GUI_LOGGER\stm32h5-fw\src\lib\wifi\WiFiEspAT\src\WiFiEspAtBuffStream.cpp:85:6:void WiFiEspAtBuffStream::flush()	16	static
C:\work\git\STM32-H5-KIT\firmware\H5_GUI_LOGGER\stm32h5-fw\src\lib\wifi\WiFiEspAT\src\WiFiEspAtBuffStream.cpp:52:8:size_t WiFiEspAtBuffStream::write(uint8_t)	8	static
C:\work\git\STM32-H5-KIT\firmware\H5_GUI_LOGGER\stm32h5-fw\src\lib\wifi\WiFiEspAT\src\WiFiEspAtBuffStream.cpp:62:8:size_t WiFiEspAtBuffStream::write(const uint8_t*, size_t)	32	static
C:\work\git\STM32-H5-KIT\firmware\H5_GUI_LOGGER\stm32h5-fw\src\lib\wifi\WiFiEspAT\src\WiFiEspAtBuffStream.cpp:93:5:int WiFiEspAtBuffStream::availableForWrite()	0	static
C:\work\git\STM32-H5-KIT\firmware\H5_GUI_LOGGER\stm32h5-fw\src\lib\wifi\WiFiEspAT\src\WiFiEspAtBuffStream.cpp:97:8:size_t WiFiEspAtBuffStream::write(Stream&)	24	static
C:\work\git\STM32-H5-KIT\firmware\H5_GUI_LOGGER\stm32h5-fw\src\lib\wifi\WiFiEspAT\src\WiFiEspAtBuffStream.cpp:102:8:size_t WiFiEspAtBuffStream::write(SendCallbackFnc)	24	static
C:\work\git\STM32-H5-KIT\firmware\H5_GUI_LOGGER\stm32h5-fw\src\lib\wifi\WiFiEspAT\src\WiFiEspAtBuffStream.cpp:107:5:int WiFiEspAtBuffStream::available()	16	static
C:\work\git\STM32-H5-KIT\firmware\H5_GUI_LOGGER\stm32h5-fw\src\lib\wifi\WiFiEspAT\src\WiFiEspAtBuffStream.cpp:120:6:void WiFiEspAtBuffStream::fillRXbuffer()	8	static
C:\work\git\STM32-H5-KIT\firmware\H5_GUI_LOGGER\stm32h5-fw\src\lib\wifi\WiFiEspAT\src\WiFiEspAtBuffStream.cpp:136:5:int WiFiEspAtBuffStream::read(uint8_t*, size_t)	32	static
C:\work\git\STM32-H5-KIT\firmware\H5_GUI_LOGGER\stm32h5-fw\src\lib\wifi\WiFiEspAT\src\WiFiEspAtBuffStream.cpp:127:5:int WiFiEspAtBuffStream::read()	16	static
C:\work\git\STM32-H5-KIT\firmware\H5_GUI_LOGGER\stm32h5-fw\src\lib\wifi\WiFiEspAT\src\WiFiEspAtBuffStream.cpp:154:5:int WiFiEspAtBuffStream::peek()	8	static
C:\work\git\STM32-H5-KIT\firmware\H5_GUI_LOGGER\stm32h5-fw\src\lib\wifi\WiFiEspAT\src\WiFiEspAtBuffStream.cpp:159:1:cpp)	8	static
