C:\work\git\STM32-H5-KIT\firmware\H5_GUI_LOGGER\stm32h5-fw\src\lib\wifi\WiFiEspAT\src\WiFiEspAtBuffManager.cpp:23:1:WiFiEspAtBuffManagerClass::WiFiEspAtBuffManagerClass()	0	static
C:\work\git\STM32-H5-KIT\firmware\H5_GUI_LOGGER\stm32h5-fw\src\lib\wifi\WiFiEspAT\src\WiFiEspAtBuffManager.cpp:142:47:void __static_initialization_and_destruction_0(int, int)	16	static
C:\work\git\STM32-H5-KIT\firmware\H5_GUI_LOGGER\stm32h5-fw\src\lib\wifi\WiFiEspAT\src\WiFiEspAtBuffManager.cpp:29:22:WiFiEspAtBuffStream* WiFiEspAtBuffManagerClass::getBuffStream(uint8_t, uint16_t, size_t, size_t)	32	static
C:\work\git\STM32-H5-KIT\firmware\H5_GUI_LOGGER\stm32h5-fw\src\lib\wifi\WiFiEspAT\src\WiFiEspAtBuffManager.cpp:112:6:void WiFiEspAtBuffManagerClass::freeUnused()	16	static
C:\work\git\STM32-H5-KIT\firmware\H5_GUI_LOGGER\stm32h5-fw\src\lib\wifi\WiFiEspAT\src\WiFiEspAtBuffManager.cpp:142:47:cpp)	8	static
