C:\work\git\STM32-H5-KIT\firmware\H5_GUI_LOGGER\stm32h5-fw\src\lib\ST\STM32H5xx_HAL_Driver\Src\stm32h5xx_hal_icache.c:171:19:HAL_ICACHE_ConfigAssociativityMode	8	static
C:\work\git\STM32-H5-KIT\firmware\H5_GUI_LOGGER\stm32h5-fw\src\lib\ST\STM32H5xx_HAL_Driver\Src\stm32h5xx_hal_icache.c:195:19:HAL_ICACHE_DeInit	0	static
C:\work\git\STM32-H5-KIT\firmware\H5_GUI_LOGGER\stm32h5-fw\src\lib\ST\STM32H5xx_HAL_Driver\Src\stm32h5xx_hal_icache.c:230:19:HAL_ICACHE_Enable	0	static
C:\work\git\STM32-H5-KIT\firmware\H5_GUI_LOGGER\stm32h5-fw\src\lib\ST\STM32H5xx_HAL_Driver\Src\stm32h5xx_hal_icache.c:243:19:HAL_ICACHE_Disable	8	static
C:\work\git\STM32-H5-KIT\firmware\H5_GUI_LOGGER\stm32h5-fw\src\lib\ST\STM32H5xx_HAL_Driver\Src\stm32h5xx_hal_icache.c:278:10:HAL_ICACHE_IsEnabled	0	static
C:\work\git\STM32-H5-KIT\firmware\H5_GUI_LOGGER\stm32h5-fw\src\lib\ST\STM32H5xx_HAL_Driver\Src\stm32h5xx_hal_icache.c:313:19:HAL_ICACHE_Invalidate_IT	0	static
C:\work\git\STM32-H5-KIT\firmware\H5_GUI_LOGGER\stm32h5-fw\src\lib\ST\STM32H5xx_HAL_Driver\Src\stm32h5xx_hal_icache.c:342:19:HAL_ICACHE_WaitForInvalidateComplete	8	static
C:\work\git\STM32-H5-KIT\firmware\H5_GUI_LOGGER\stm32h5-fw\src\lib\ST\STM32H5xx_HAL_Driver\Src\stm32h5xx_hal_icache.c:289:19:HAL_ICACHE_Invalidate	8	static
C:\work\git\STM32-H5-KIT\firmware\H5_GUI_LOGGER\stm32h5-fw\src\lib\ST\STM32H5xx_HAL_Driver\Src\stm32h5xx_hal_icache.c:384:19:HAL_ICACHE_Monitor_Start	8	static
C:\work\git\STM32-H5-KIT\firmware\H5_GUI_LOGGER\stm32h5-fw\src\lib\ST\STM32H5xx_HAL_Driver\Src\stm32h5xx_hal_icache.c:404:19:HAL_ICACHE_Monitor_Stop	8	static
C:\work\git\STM32-H5-KIT\firmware\H5_GUI_LOGGER\stm32h5-fw\src\lib\ST\STM32H5xx_HAL_Driver\Src\stm32h5xx_hal_icache.c:423:19:HAL_ICACHE_Monitor_Reset	8	static
C:\work\git\STM32-H5-KIT\firmware\H5_GUI_LOGGER\stm32h5-fw\src\lib\ST\STM32H5xx_HAL_Driver\Src\stm32h5xx_hal_icache.c:440:10:HAL_ICACHE_Monitor_GetHitValue	0	static
C:\work\git\STM32-H5-KIT\firmware\H5_GUI_LOGGER\stm32h5-fw\src\lib\ST\STM32H5xx_HAL_Driver\Src\stm32h5xx_hal_icache.c:450:10:HAL_ICACHE_Monitor_GetMissValue	0	static
C:\work\git\STM32-H5-KIT\firmware\H5_GUI_LOGGER\stm32h5-fw\src\lib\ST\STM32H5xx_HAL_Driver\Src\stm32h5xx_hal_icache.c:516:13:HAL_ICACHE_InvalidateCompleteCallback	0	static
C:\work\git\STM32-H5-KIT\firmware\H5_GUI_LOGGER\stm32h5-fw\src\lib\ST\STM32H5xx_HAL_Driver\Src\stm32h5xx_hal_icache.c:526:13:HAL_ICACHE_ErrorCallback	0	static
C:\work\git\STM32-H5-KIT\firmware\H5_GUI_LOGGER\stm32h5-fw\src\lib\ST\STM32H5xx_HAL_Driver\Src\stm32h5xx_hal_icache.c:480:6:HAL_ICACHE_IRQHandler	8	static
C:\work\git\STM32-H5-KIT\firmware\H5_GUI_LOGGER\stm32h5-fw\src\lib\ST\STM32H5xx_HAL_Driver\Src\stm32h5xx_hal_icache.c:560:20:HAL_ICACHE_EnableRemapRegion	16	static
C:\work\git\STM32-H5-KIT\firmware\H5_GUI_LOGGER\stm32h5-fw\src\lib\ST\STM32H5xx_HAL_Driver\Src\stm32h5xx_hal_icache.c:615:20:HAL_ICACHE_DisableRemapRegion	8	static
