C:\work\git\STM32-H5-KIT\firmware\H5_GUI_LOGGER\stm32h5-fw\src\lib\ST\STM32H5xx_HAL_Driver\Src\stm32h5xx_hal_eth.c:1278:13:HAL_ETH_RxAllocateCallback	0	static
C:\work\git\STM32-H5-KIT\firmware\H5_GUI_LOGGER\stm32h5-fw\src\lib\ST\STM32H5xx_HAL_Driver\Src\stm32h5xx_hal_eth.c:1164:13:ETH_UpdateDescriptor	32	static
C:\work\git\STM32-H5-KIT\firmware\H5_GUI_LOGGER\stm32h5-fw\src\lib\ST\STM32H5xx_HAL_Driver\Src\stm32h5xx_hal_eth.c:1295:13:HAL_ETH_RxLinkCallback	0	static
C:\work\git\STM32-H5-KIT\firmware\H5_GUI_LOGGER\stm32h5-fw\src\lib\ST\STM32H5xx_HAL_Driver\Src\stm32h5xx_hal_eth.c:1397:13:HAL_ETH_TxFreeCallback	0	static
C:\work\git\STM32-H5-KIT\firmware\H5_GUI_LOGGER\stm32h5-fw\src\lib\ST\STM32H5xx_HAL_Driver\Src\stm32h5xx_hal_eth.c:2780:13:ETH_SetMACConfig	4	static
C:\work\git\STM32-H5-KIT\firmware\H5_GUI_LOGGER\stm32h5-fw\src\lib\ST\STM32H5xx_HAL_Driver\Src\stm32h5xx_hal_eth.c:2857:13:ETH_SetDMAConfig	4	static
C:\work\git\STM32-H5-KIT\firmware\H5_GUI_LOGGER\stm32h5-fw\src\lib\ST\STM32H5xx_HAL_Driver\Src\stm32h5xx_hal_eth.c:2898:13:ETH_MACDMAConfig	152	static
C:\work\git\STM32-H5-KIT\firmware\H5_GUI_LOGGER\stm32h5-fw\src\lib\ST\STM32H5xx_HAL_Driver\Src\stm32h5xx_hal_eth.c:2971:13:ETH_DMATxDescListInit	4	static
C:\work\git\STM32-H5-KIT\firmware\H5_GUI_LOGGER\stm32h5-fw\src\lib\ST\STM32H5xx_HAL_Driver\Src\stm32h5xx_hal_eth.c:3009:13:ETH_DMARxDescListInit	4	static
C:\work\git\STM32-H5-KIT\firmware\H5_GUI_LOGGER\stm32h5-fw\src\lib\ST\STM32H5xx_HAL_Driver\Src\stm32h5xx_hal_eth.c:3055:17:ETH_Prepare_Tx_Descriptors	24	static
C:\work\git\STM32-H5-KIT\firmware\H5_GUI_LOGGER\stm32h5-fw\src\lib\ST\STM32H5xx_HAL_Driver\Src\stm32h5xx_hal_eth.c:467:13:HAL_ETH_MspInit	0	static
C:\work\git\STM32-H5-KIT\firmware\H5_GUI_LOGGER\stm32h5-fw\src\lib\ST\STM32H5xx_HAL_Driver\Src\stm32h5xx_hal_eth.c:482:13:HAL_ETH_MspDeInit	0	static
C:\work\git\STM32-H5-KIT\firmware\H5_GUI_LOGGER\stm32h5-fw\src\lib\ST\STM32H5xx_HAL_Driver\Src\stm32h5xx_hal_eth.c:434:19:HAL_ETH_DeInit	8	static
C:\work\git\STM32-H5-KIT\firmware\H5_GUI_LOGGER\stm32h5-fw\src\lib\ST\STM32H5xx_HAL_Driver\Src\stm32h5xx_hal_eth.c:717:19:HAL_ETH_Start	8	static
C:\work\git\STM32-H5-KIT\firmware\H5_GUI_LOGGER\stm32h5-fw\src\lib\ST\STM32H5xx_HAL_Driver\Src\stm32h5xx_hal_eth.c:763:19:HAL_ETH_Start_IT	8	static
C:\work\git\STM32-H5-KIT\firmware\H5_GUI_LOGGER\stm32h5-fw\src\lib\ST\STM32H5xx_HAL_Driver\Src\stm32h5xx_hal_eth.c:819:19:HAL_ETH_Stop	0	static
C:\work\git\STM32-H5-KIT\firmware\H5_GUI_LOGGER\stm32h5-fw\src\lib\ST\STM32H5xx_HAL_Driver\Src\stm32h5xx_hal_eth.c:858:19:HAL_ETH_Stop_IT	0	static
C:\work\git\STM32-H5-KIT\firmware\H5_GUI_LOGGER\stm32h5-fw\src\lib\ST\STM32H5xx_HAL_Driver\Src\stm32h5xx_hal_eth.c:919:19:HAL_ETH_Transmit	24	static
C:\work\git\STM32-H5-KIT\firmware\H5_GUI_LOGGER\stm32h5-fw\src\lib\ST\STM32H5xx_HAL_Driver\Src\stm32h5xx_hal_eth.c:994:19:HAL_ETH_Transmit_IT	8	static
C:\work\git\STM32-H5-KIT\firmware\H5_GUI_LOGGER\stm32h5-fw\src\lib\ST\STM32H5xx_HAL_Driver\Src\stm32h5xx_hal_eth.c:1040:19:HAL_ETH_ReadData	40	static
C:\work\git\STM32-H5-KIT\firmware\H5_GUI_LOGGER\stm32h5-fw\src\lib\ST\STM32H5xx_HAL_Driver\Src\stm32h5xx_hal_eth.c:1244:19:HAL_ETH_RegisterRxAllocateCallback	0	static
C:\work\git\STM32-H5-KIT\firmware\H5_GUI_LOGGER\stm32h5-fw\src\lib\ST\STM32H5xx_HAL_Driver\Src\stm32h5xx_hal_eth.c:1265:19:HAL_ETH_UnRegisterRxAllocateCallback	0	static
C:\work\git\STM32-H5-KIT\firmware\H5_GUI_LOGGER\stm32h5-fw\src\lib\ST\STM32H5xx_HAL_Driver\Src\stm32h5xx_hal_eth.c:1314:19:HAL_ETH_RegisterRxLinkCallback	0	static
C:\work\git\STM32-H5-KIT\firmware\H5_GUI_LOGGER\stm32h5-fw\src\lib\ST\STM32H5xx_HAL_Driver\Src\stm32h5xx_hal_eth.c:1334:19:HAL_ETH_UnRegisterRxLinkCallback	0	static
C:\work\git\STM32-H5-KIT\firmware\H5_GUI_LOGGER\stm32h5-fw\src\lib\ST\STM32H5xx_HAL_Driver\Src\stm32h5xx_hal_eth.c:1349:19:HAL_ETH_GetRxDataErrorCode	0	static
C:\work\git\STM32-H5-KIT\firmware\H5_GUI_LOGGER\stm32h5-fw\src\lib\ST\STM32H5xx_HAL_Driver\Src\stm32h5xx_hal_eth.c:1364:19:HAL_ETH_RegisterTxFreeCallback	0	static
C:\work\git\STM32-H5-KIT\firmware\H5_GUI_LOGGER\stm32h5-fw\src\lib\ST\STM32H5xx_HAL_Driver\Src\stm32h5xx_hal_eth.c:1384:19:HAL_ETH_UnRegisterTxFreeCallback	0	static
C:\work\git\STM32-H5-KIT\firmware\H5_GUI_LOGGER\stm32h5-fw\src\lib\ST\STM32H5xx_HAL_Driver\Src\stm32h5xx_hal_eth.c:1412:19:HAL_ETH_ReleaseTxPacket	24	static
C:\work\git\STM32-H5-KIT\firmware\H5_GUI_LOGGER\stm32h5-fw\src\lib\ST\STM32H5xx_HAL_Driver\Src\stm32h5xx_hal_eth.c:2027:13:HAL_ETH_TxCpltCallback	0	static
C:\work\git\STM32-H5-KIT\firmware\H5_GUI_LOGGER\stm32h5-fw\src\lib\ST\STM32H5xx_HAL_Driver\Src\stm32h5xx_hal_eth.c:2042:13:HAL_ETH_RxCpltCallback	0	static
C:\work\git\STM32-H5-KIT\firmware\H5_GUI_LOGGER\stm32h5-fw\src\lib\ST\STM32H5xx_HAL_Driver\Src\stm32h5xx_hal_eth.c:2057:13:HAL_ETH_ErrorCallback	0	static
C:\work\git\STM32-H5-KIT\firmware\H5_GUI_LOGGER\stm32h5-fw\src\lib\ST\STM32H5xx_HAL_Driver\Src\stm32h5xx_hal_eth.c:2072:13:HAL_ETH_PMTCallback	0	static
C:\work\git\STM32-H5-KIT\firmware\H5_GUI_LOGGER\stm32h5-fw\src\lib\ST\STM32H5xx_HAL_Driver\Src\stm32h5xx_hal_eth.c:2087:13:HAL_ETH_EEECallback	0	static
C:\work\git\STM32-H5-KIT\firmware\H5_GUI_LOGGER\stm32h5-fw\src\lib\ST\STM32H5xx_HAL_Driver\Src\stm32h5xx_hal_eth.c:2102:13:HAL_ETH_WakeUpCallback	0	static
C:\work\git\STM32-H5-KIT\firmware\H5_GUI_LOGGER\stm32h5-fw\src\lib\ST\STM32H5xx_HAL_Driver\Src\stm32h5xx_hal_eth.c:1879:6:HAL_ETH_IRQHandler	24	static
C:\work\git\STM32-H5-KIT\firmware\H5_GUI_LOGGER\stm32h5-fw\src\lib\ST\STM32H5xx_HAL_Driver\Src\stm32h5xx_hal_eth.c:2120:19:HAL_ETH_ReadPHYRegister	16	static
C:\work\git\STM32-H5-KIT\firmware\H5_GUI_LOGGER\stm32h5-fw\src\lib\ST\STM32H5xx_HAL_Driver\Src\stm32h5xx_hal_eth.c:2175:19:HAL_ETH_WritePHYRegister	16	static
C:\work\git\STM32-H5-KIT\firmware\H5_GUI_LOGGER\stm32h5-fw\src\lib\ST\STM32H5xx_HAL_Driver\Src\stm32h5xx_hal_eth.c:2247:19:HAL_ETH_GetMACConfig	0	static
C:\work\git\STM32-H5-KIT\firmware\H5_GUI_LOGGER\stm32h5-fw\src\lib\ST\STM32H5xx_HAL_Driver\Src\stm32h5xx_hal_eth.c:2319:19:HAL_ETH_GetDMAConfig	0	static
C:\work\git\STM32-H5-KIT\firmware\H5_GUI_LOGGER\stm32h5-fw\src\lib\ST\STM32H5xx_HAL_Driver\Src\stm32h5xx_hal_eth.c:2353:19:HAL_ETH_SetMACConfig	8	static
C:\work\git\STM32-H5-KIT\firmware\H5_GUI_LOGGER\stm32h5-fw\src\lib\ST\STM32H5xx_HAL_Driver\Src\stm32h5xx_hal_eth.c:2380:19:HAL_ETH_SetDMAConfig	8	static
C:\work\git\STM32-H5-KIT\firmware\H5_GUI_LOGGER\stm32h5-fw\src\lib\ST\STM32H5xx_HAL_Driver\Src\stm32h5xx_hal_eth.c:2405:6:HAL_ETH_SetMDIOClockRange	16	static
C:\work\git\STM32-H5-KIT\firmware\H5_GUI_LOGGER\stm32h5-fw\src\lib\ST\STM32H5xx_HAL_Driver\Src\stm32h5xx_hal_eth.c:308:19:HAL_ETH_Init	24	static
C:\work\git\STM32-H5-KIT\firmware\H5_GUI_LOGGER\stm32h5-fw\src\lib\ST\STM32H5xx_HAL_Driver\Src\stm32h5xx_hal_eth.c:2463:19:HAL_ETH_SetMACFilterConfig	0	static
C:\work\git\STM32-H5-KIT\firmware\H5_GUI_LOGGER\stm32h5-fw\src\lib\ST\STM32H5xx_HAL_Driver\Src\stm32h5xx_hal_eth.c:2497:19:HAL_ETH_GetMACFilterConfig	0	static
C:\work\git\STM32-H5-KIT\firmware\H5_GUI_LOGGER\stm32h5-fw\src\lib\ST\STM32H5xx_HAL_Driver\Src\stm32h5xx_hal_eth.c:2534:19:HAL_ETH_SetSourceMACAddrMatch	4	static
C:\work\git\STM32-H5-KIT\firmware\H5_GUI_LOGGER\stm32h5-fw\src\lib\ST\STM32H5xx_HAL_Driver\Src\stm32h5xx_hal_eth.c:2570:19:HAL_ETH_SetHashTable	0	static
C:\work\git\STM32-H5-KIT\firmware\H5_GUI_LOGGER\stm32h5-fw\src\lib\ST\STM32H5xx_HAL_Driver\Src\stm32h5xx_hal_eth.c:2592:6:HAL_ETH_SetRxVLANIdentifier	4	static
C:\work\git\STM32-H5-KIT\firmware\H5_GUI_LOGGER\stm32h5-fw\src\lib\ST\STM32H5xx_HAL_Driver\Src\stm32h5xx_hal_eth.c:2614:6:HAL_ETH_EnterPowerDownMode	0	static
C:\work\git\STM32-H5-KIT\firmware\H5_GUI_LOGGER\stm32h5-fw\src\lib\ST\STM32H5xx_HAL_Driver\Src\stm32h5xx_hal_eth.c:2636:6:HAL_ETH_ExitPowerDownMode	0	static
C:\work\git\STM32-H5-KIT\firmware\H5_GUI_LOGGER\stm32h5-fw\src\lib\ST\STM32H5xx_HAL_Driver\Src\stm32h5xx_hal_eth.c:2660:19:HAL_ETH_SetWakeUpFilter	4	static
C:\work\git\STM32-H5-KIT\firmware\H5_GUI_LOGGER\stm32h5-fw\src\lib\ST\STM32H5xx_HAL_Driver\Src\stm32h5xx_hal_eth.c:2709:22:HAL_ETH_GetState	0	static
C:\work\git\STM32-H5-KIT\firmware\H5_GUI_LOGGER\stm32h5-fw\src\lib\ST\STM32H5xx_HAL_Driver\Src\stm32h5xx_hal_eth.c:2720:10:HAL_ETH_GetError	0	static
C:\work\git\STM32-H5-KIT\firmware\H5_GUI_LOGGER\stm32h5-fw\src\lib\ST\STM32H5xx_HAL_Driver\Src\stm32h5xx_hal_eth.c:2731:10:HAL_ETH_GetDMAError	0	static
C:\work\git\STM32-H5-KIT\firmware\H5_GUI_LOGGER\stm32h5-fw\src\lib\ST\STM32H5xx_HAL_Driver\Src\stm32h5xx_hal_eth.c:2742:10:HAL_ETH_GetMACError	0	static
C:\work\git\STM32-H5-KIT\firmware\H5_GUI_LOGGER\stm32h5-fw\src\lib\ST\STM32H5xx_HAL_Driver\Src\stm32h5xx_hal_eth.c:2753:10:HAL_ETH_GetMACWakeUpSource	0	static
C:\work\git\STM32-H5-KIT\firmware\H5_GUI_LOGGER\stm32h5-fw\src\lib\ST\STM32H5xx_HAL_Driver\Src\stm32h5xx_hal_eth.c:2764:10:HAL_ETH_GetTxBuffersNumber	0	static
