C:\work\git\STM32-H5-KIT\firmware\H5_CAN_LOGGER\src\lib\lwip\app\lwip.c:142:6:ethernet_link_status_updated	8	static
C:\work\git\STM32-H5-KIT\firmware\H5_CAN_LOGGER\src\lib\lwip\app\lwip.c:66:6:lwipIsLink	0	static
C:\work\git\STM32-H5-KIT\firmware\H5_CAN_LOGGER\src\lib\lwip\app\lwip.c:82:6:lwipGetIPAddress	8	static
C:\work\git\STM32-H5-KIT\firmware\H5_CAN_LOGGER\src\lib\lwip\app\lwip.c:108:13:lwipGetDHCPStateString	0	static
C:\work\git\STM32-H5-KIT\firmware\H5_CAN_LOGGER\src\lib\lwip\app\lwip.c:164:6:Ethernet_Link_Periodic_Handle	8	static
C:\work\git\STM32-H5-KIT\firmware\H5_CAN_LOGGER\src\lib\lwip\app\lwip.c:190:6:DHCP_Process	40	static
C:\work\git\STM32-H5-KIT\firmware\H5_CAN_LOGGER\src\lib\lwip\app\lwip.c:285:6:DHCP_Periodic_Handle	8	static
C:\work\git\STM32-H5-KIT\firmware\H5_CAN_LOGGER\src\lib\lwip\app\lwip.c:299:6:MX_LWIP_Init	40	static
C:\work\git\STM32-H5-KIT\firmware\H5_CAN_LOGGER\src\lib\lwip\app\lwip.c:346:6:MX_LWIP_Process	8	static
