../Core/Src/main.c:119:6:HAL_UART_RxCpltCallback	4
../Core/Src/main.c:135:10:millis	1
../Core/Src/main.c:143:6:cliLed	7
../Core/Src/main.c:184:6:cliUart6	1
../Core/Src/main.c:194:6:cliUart10	1
../Core/Src/main.c:204:6:cliRs232	1
../Core/Src/main.c:214:6:cliRs485	6
../Core/Src/main.c:259:6:cliOled	6
../Core/Src/main.c:306:6:cliCan	20
../Core/Src/main.c:439:6:cliFram	10
../Core/Src/main.c:498:5:main	3
../Core/Src/main.c:593:6:SystemClock_Config	4
../Core/Src/main.c:649:6:PeriphCommonClock_Config	2
../Core/Src/main.c:682:6:Error_Handler	1
