../Core/Src/main.c:119:6:HAL_UART_RxCpltCallback	16	static
../Core/Src/main.c:135:10:millis	8	static
../Core/Src/main.c:143:6:cliLed	16	static
../Core/Src/main.c:184:6:cliUart6	48	static
../Core/Src/main.c:194:6:cliUart10	48	static
../Core/Src/main.c:204:6:cliRs232	48	static
../Core/Src/main.c:214:6:cliRs485	72	static
../Core/Src/main.c:259:6:cliOled	24	static
../Core/Src/main.c:306:6:cliCan	128	static
../Core/Src/main.c:439:6:cliFram	32	static
../Core/Src/main.c:498:5:main	8	static
../Core/Src/main.c:593:6:SystemClock_Config	120	static
../Core/Src/main.c:649:6:PeriphCommonClock_Config	272	static
../Core/Src/main.c:682:6:Error_Handler	4	static,ignoring_inline_asm
