C:\work\git\STM32-H5-KIT\firmware\H5_GUI_LOGGER\stm32h5-fw\src\lib\lwip\src\core\ipv4\acd.c:118:1:acd_add	16	static
C:\work\git\STM32-H5-KIT\firmware\H5_GUI_LOGGER\stm32h5-fw\src\lib\lwip\src\core\ipv4\acd.c:152:1:acd_remove	8	static
C:\work\git\STM32-H5-KIT\firmware\H5_GUI_LOGGER\stm32h5-fw\src\lib\lwip\src\core\ipv4\acd.c:182:1:acd_start	16	static
C:\work\git\STM32-H5-KIT\firmware\H5_GUI_LOGGER\stm32h5-fw\src\lib\lwip\src\core\ipv4\acd.c:210:1:acd_stop	0	static
C:\work\git\STM32-H5-KIT\firmware\H5_GUI_LOGGER\stm32h5-fw\src\lib\lwip\src\core\ipv4\acd.c:344:1:acd_restart	16	static
C:\work\git\STM32-H5-KIT\firmware\H5_GUI_LOGGER\stm32h5-fw\src\lib\lwip\src\core\ipv4\acd.c:442:1:acd_handle_arp_conflict	16	static
C:\work\git\STM32-H5-KIT\firmware\H5_GUI_LOGGER\stm32h5-fw\src\lib\lwip\src\core\ipv4\acd.c:490:1:acd_put_in_passive_mode	16	static
C:\work\git\STM32-H5-KIT\firmware\H5_GUI_LOGGER\stm32h5-fw\src\lib\lwip\src\core\ipv4\acd.c:227:1:acd_network_changed_link_down	8	static
C:\work\git\STM32-H5-KIT\firmware\H5_GUI_LOGGER\stm32h5-fw\src\lib\lwip\src\core\ipv4\acd.c:240:1:acd_tmr	16	static
C:\work\git\STM32-H5-KIT\firmware\H5_GUI_LOGGER\stm32h5-fw\src\lib\lwip\src\core\ipv4\acd.c:376:1:acd_arp_reply	32	static
C:\work\git\STM32-H5-KIT\firmware\H5_GUI_LOGGER\stm32h5-fw\src\lib\lwip\src\core\ipv4\acd.c:525:1:acd_netif_ip_addr_changed	24	static
