C:\work\git\STM32-H5-KIT\firmware\H5_GUI_LOGGER\stm32h5-fw\src\lib\lwip\src\core\ipv4\ip4.c:408:1:ip4_input_accept	8	static
C:\work\git\STM32-H5-KIT\firmware\H5_GUI_LOGGER\stm32h5-fw\src\lib\lwip\src\core\ipv4\ip4.c:152:1:ip4_route	4	static
C:\work\git\STM32-H5-KIT\firmware\H5_GUI_LOGGER\stm32h5-fw\src\lib\lwip\src\core\ipv4\ip4.c:460:1:ip4_input	32	static
C:\work\git\STM32-H5-KIT\firmware\H5_GUI_LOGGER\stm32h5-fw\src\lib\lwip\src\core\ipv4\ip4.c:861:1:ip4_output_if_src	40	static
C:\work\git\STM32-H5-KIT\firmware\H5_GUI_LOGGER\stm32h5-fw\src\lib\lwip\src\core\ipv4\ip4.c:821:1:ip4_output_if	24	static
C:\work\git\STM32-H5-KIT\firmware\H5_GUI_LOGGER\stm32h5-fw\src\lib\lwip\src\core\ipv4\ip4.c:1062:1:ip4_output	40	static
