../Core/Src/main.c:106:6:HAL_UART_RxCpltCallback	16	static
../Core/Src/main.c:121:10:millis	8	static
../Core/Src/main.c:129:6:cliLed	16	static
../Core/Src/main.c:170:6:cliUart6	48	static
../Core/Src/main.c:180:6:cliUart10	48	static
../Core/Src/main.c:190:6:cliRs232	48	static
../Core/Src/main.c:200:6:cliRs485	72	static
../Core/Src/main.c:245:6:cliOled	24	static
../Core/Src/main.c:294:5:main	8	static
../Core/Src/main.c:379:6:SystemClock_Config	120	static
../Core/Src/main.c:433:6:Error_Handler	4	static,ignoring_inline_asm
