../Core/Src/main.c:117:6:HAL_UART_RxCpltCallback	16	static
../Core/Src/main.c:133:10:millis	8	static
../Core/Src/main.c:141:6:cliLed	16	static
../Core/Src/main.c:182:6:cliUart6	48	static
../Core/Src/main.c:192:6:cliUart10	48	static
../Core/Src/main.c:202:6:cliRs232	48	static
../Core/Src/main.c:212:6:cliRs485	72	static
../Core/Src/main.c:257:6:cliOled	24	static
../Core/Src/main.c:304:6:cliCan	128	static
../Core/Src/main.c:444:5:main	8	static
../Core/Src/main.c:536:6:SystemClock_Config	120	static
../Core/Src/main.c:592:6:PeriphCommonClock_Config	272	static
../Core/Src/main.c:625:6:Error_Handler	4	static,ignoring_inline_asm
