../Core/Src/main.c:117:6:HAL_UART_RxCpltCallback	4
../Core/Src/main.c:133:10:millis	1
../Core/Src/main.c:141:6:cliLed	7
../Core/Src/main.c:182:6:cliUart6	1
../Core/Src/main.c:192:6:cliUart10	1
../Core/Src/main.c:202:6:cliRs232	1
../Core/Src/main.c:212:6:cliRs485	6
../Core/Src/main.c:257:6:cliOled	6
../Core/Src/main.c:304:6:cliCan	20
../Core/Src/main.c:444:5:main	3
../Core/Src/main.c:536:6:SystemClock_Config	4
../Core/Src/main.c:592:6:PeriphCommonClock_Config	2
../Core/Src/main.c:625:6:Error_Handler	1
