../Core/Src/main.c:116:6:HAL_UART_RxCpltCallback	16	static
../Core/Src/main.c:132:10:millis	8	static
../Core/Src/main.c:140:6:cliLed	16	static
../Core/Src/main.c:181:6:cliUart6	48	static
../Core/Src/main.c:191:6:cliUart10	48	static
../Core/Src/main.c:201:6:cliRs232	48	static
../Core/Src/main.c:211:6:cliRs485	72	static
../Core/Src/main.c:256:6:cliOled	24	static
../Core/Src/main.c:303:6:cliCan	128	static
../Core/Src/main.c:447:5:main	8	static
../Core/Src/main.c:537:6:SystemClock_Config	120	static
../Core/Src/main.c:593:6:PeriphCommonClock_Config	272	static
../Core/Src/main.c:626:6:Error_Handler	4	static,ignoring_inline_asm
