../Core/Src/main.c:116:6:HAL_UART_RxCpltCallback	4
../Core/Src/main.c:132:10:millis	1
../Core/Src/main.c:140:6:cliLed	7
../Core/Src/main.c:181:6:cliUart6	1
../Core/Src/main.c:191:6:cliUart10	1
../Core/Src/main.c:201:6:cliRs232	1
../Core/Src/main.c:211:6:cliRs485	6
../Core/Src/main.c:256:6:cliOled	6
../Core/Src/main.c:303:6:cliCan	20
../Core/Src/main.c:447:5:main	3
../Core/Src/main.c:537:6:SystemClock_Config	4
../Core/Src/main.c:593:6:PeriphCommonClock_Config	2
../Core/Src/main.c:626:6:Error_Handler	1
