C:\work\git\STM32-H5-KIT\firmware\H5_CAN_LOGGER\stm32h5-fw\src\lib\ST\STM32H5xx_HAL_Driver\Src\stm32h5xx_hal_gpio.c:178:6:HAL_GPIO_Init	32	static
C:\work\git\STM32-H5-KIT\firmware\H5_CAN_LOGGER\stm32h5-fw\src\lib\ST\STM32H5xx_HAL_Driver\Src\stm32h5xx_hal_gpio.c:310:6:HAL_GPIO_DeInit	24	static
C:\work\git\STM32-H5-KIT\firmware\H5_CAN_LOGGER\stm32h5-fw\src\lib\ST\STM32H5xx_HAL_Driver\Src\stm32h5xx_hal_gpio.c:391:15:HAL_GPIO_ReadPin	16	static
C:\work\git\STM32-H5-KIT\firmware\H5_CAN_LOGGER\stm32h5-fw\src\lib\ST\STM32H5xx_HAL_Driver\Src\stm32h5xx_hal_gpio.c:426:6:HAL_GPIO_WritePin	16	static
C:\work\git\STM32-H5-KIT\firmware\H5_CAN_LOGGER\stm32h5-fw\src\lib\ST\STM32H5xx_HAL_Driver\Src\stm32h5xx_hal_gpio.c:457:6:HAL_GPIO_WriteMultipleStatePin	16	static
C:\work\git\STM32-H5-KIT\firmware\H5_CAN_LOGGER\stm32h5-fw\src\lib\ST\STM32H5xx_HAL_Driver\Src\stm32h5xx_hal_gpio.c:476:6:HAL_GPIO_TogglePin	16	static
C:\work\git\STM32-H5-KIT\firmware\H5_CAN_LOGGER\stm32h5-fw\src\lib\ST\STM32H5xx_HAL_Driver\Src\stm32h5xx_hal_gpio.c:502:19:HAL_GPIO_LockPin	24	static
C:\work\git\STM32-H5-KIT\firmware\H5_CAN_LOGGER\stm32h5-fw\src\lib\ST\STM32H5xx_HAL_Driver\Src\stm32h5xx_hal_gpio.c:541:6:HAL_GPIO_EnableHighSPeedLowVoltage	16	static
C:\work\git\STM32-H5-KIT\firmware\H5_CAN_LOGGER\stm32h5-fw\src\lib\ST\STM32H5xx_HAL_Driver\Src\stm32h5xx_hal_gpio.c:563:6:HAL_GPIO_DisableHighSPeedLowVoltage	16	static
C:\work\git\STM32-H5-KIT\firmware\H5_CAN_LOGGER\stm32h5-fw\src\lib\ST\STM32H5xx_HAL_Driver\Src\stm32h5xx_hal_gpio.c:599:13:HAL_GPIO_EXTI_Rising_Callback	0	static
C:\work\git\STM32-H5-KIT\firmware\H5_CAN_LOGGER\stm32h5-fw\src\lib\ST\STM32H5xx_HAL_Driver\Src\stm32h5xx_hal_gpio.c:614:13:HAL_GPIO_EXTI_Falling_Callback	0	static
C:\work\git\STM32-H5-KIT\firmware\H5_CAN_LOGGER\stm32h5-fw\src\lib\ST\STM32H5xx_HAL_Driver\Src\stm32h5xx_hal_gpio.c:578:6:HAL_GPIO_EXTI_IRQHandler	8	static
