../lwip/target/ethernetif.c:124:13:low_level_init	24	static
../lwip/target/ethernetif.c:196:14:low_level_output	80	static
../lwip/target/ethernetif.c:251:22:low_level_input	24	static
../lwip/target/ethernetif.c:272:6:ethernetif_input	24	static
../lwip/target/ethernetif.c:303:7:ethernetif_init	16	static
../lwip/target/ethernetif.c:332:6:pbuf_free_custom	24	static
../lwip/target/ethernetif.c:350:7:sys_now	8	static
../lwip/target/ethernetif.c:428:9:ETH_PHY_IO_Init	8	static
../lwip/target/ethernetif.c:445:9:ETH_PHY_IO_DeInit	4	static
../lwip/target/ethernetif.c:457:9:ETH_PHY_IO_ReadReg	24	static
../lwip/target/ethernetif.c:474:9:ETH_PHY_IO_WriteReg	24	static
../lwip/target/ethernetif.c:488:9:ETH_PHY_IO_GetTick	8	static
../lwip/target/ethernetif.c:497:6:ethernet_link_check_state	136	static
../lwip/target/ethernetif.c:556:6:HAL_ETH_RxAllocateCallback	32	static
../lwip/target/ethernetif.c:576:6:HAL_ETH_RxLinkCallback	40	static
../lwip/target/ethernetif.c:609:6:HAL_ETH_TxFreeCallback	16	static
