Archive member included to satisfy reference by file (symbol)

C:/ST/STM32CubeIDE_1.19.0/STM32CubeIDE/plugins/com.st.stm32cube.ide.mcu.externaltools.gnu-tools-for-stm32.13.3.rel1.win32_1.0.0.202411081344/tools/bin/../lib/gcc/arm-none-eabi/13.3.1/../../../../arm-none-eabi/lib/thumb/v8-m.main+fp/hard\libc_nano.a(libc_a-exit.o)
                              C:/ST/STM32CubeIDE_1.19.0/STM32CubeIDE/plugins/com.st.stm32cube.ide.mcu.externaltools.gnu-tools-for-stm32.13.3.rel1.win32_1.0.0.202411081344/tools/bin/../lib/gcc/arm-none-eabi/13.3.1/../../../../arm-none-eabi/lib/thumb/v8-m.main+fp/hard/crt0.o (exit)
C:/ST/STM32CubeIDE_1.19.0/STM32CubeIDE/plugins/com.st.stm32cube.ide.mcu.externaltools.gnu-tools-for-stm32.13.3.rel1.win32_1.0.0.202411081344/tools/bin/../lib/gcc/arm-none-eabi/13.3.1/../../../../arm-none-eabi/lib/thumb/v8-m.main+fp/hard\libc_nano.a(libc_a-strtod.o)
                              ./Core/Src/cli.o (strtof)
C:/ST/STM32CubeIDE_1.19.0/STM32CubeIDE/plugins/com.st.stm32cube.ide.mcu.externaltools.gnu-tools-for-stm32.13.3.rel1.win32_1.0.0.202411081344/tools/bin/../lib/gcc/arm-none-eabi/13.3.1/../../../../arm-none-eabi/lib/thumb/v8-m.main+fp/hard\libc_nano.a(libc_a-strtol.o)
                              ./Core/Src/cli.o (strtol)
C:/ST/STM32CubeIDE_1.19.0/STM32CubeIDE/plugins/com.st.stm32cube.ide.mcu.externaltools.gnu-tools-for-stm32.13.3.rel1.win32_1.0.0.202411081344/tools/bin/../lib/gcc/arm-none-eabi/13.3.1/../../../../arm-none-eabi/lib/thumb/v8-m.main+fp/hard\libc_nano.a(libc_a-ctype_.o)
                              C:/ST/STM32CubeIDE_1.19.0/STM32CubeIDE/plugins/com.st.stm32cube.ide.mcu.externaltools.gnu-tools-for-stm32.13.3.rel1.win32_1.0.0.202411081344/tools/bin/../lib/gcc/arm-none-eabi/13.3.1/../../../../arm-none-eabi/lib/thumb/v8-m.main+fp/hard\libc_nano.a(libc_a-strtol.o) (_ctype_)
C:/ST/STM32CubeIDE_1.19.0/STM32CubeIDE/plugins/com.st.stm32cube.ide.mcu.externaltools.gnu-tools-for-stm32.13.3.rel1.win32_1.0.0.202411081344/tools/bin/../lib/gcc/arm-none-eabi/13.3.1/../../../../arm-none-eabi/lib/thumb/v8-m.main+fp/hard\libc_nano.a(libc_a-findfp.o)
                              C:/ST/STM32CubeIDE_1.19.0/STM32CubeIDE/plugins/com.st.stm32cube.ide.mcu.externaltools.gnu-tools-for-stm32.13.3.rel1.win32_1.0.0.202411081344/tools/bin/../lib/gcc/arm-none-eabi/13.3.1/../../../../arm-none-eabi/lib/thumb/v8-m.main+fp/hard\libc_nano.a(libc_a-exit.o) (__stdio_exit_handler)
C:/ST/STM32CubeIDE_1.19.0/STM32CubeIDE/plugins/com.st.stm32cube.ide.mcu.externaltools.gnu-tools-for-stm32.13.3.rel1.win32_1.0.0.202411081344/tools/bin/../lib/gcc/arm-none-eabi/13.3.1/../../../../arm-none-eabi/lib/thumb/v8-m.main+fp/hard\libc_nano.a(libc_a-fwalk.o)
                              C:/ST/STM32CubeIDE_1.19.0/STM32CubeIDE/plugins/com.st.stm32cube.ide.mcu.externaltools.gnu-tools-for-stm32.13.3.rel1.win32_1.0.0.202411081344/tools/bin/../lib/gcc/arm-none-eabi/13.3.1/../../../../arm-none-eabi/lib/thumb/v8-m.main+fp/hard\libc_nano.a(libc_a-findfp.o) (_fwalk_sglue)
C:/ST/STM32CubeIDE_1.19.0/STM32CubeIDE/plugins/com.st.stm32cube.ide.mcu.externaltools.gnu-tools-for-stm32.13.3.rel1.win32_1.0.0.202411081344/tools/bin/../lib/gcc/arm-none-eabi/13.3.1/../../../../arm-none-eabi/lib/thumb/v8-m.main+fp/hard\libc_nano.a(libc_a-stdio.o)
                              C:/ST/STM32CubeIDE_1.19.0/STM32CubeIDE/plugins/com.st.stm32cube.ide.mcu.externaltools.gnu-tools-for-stm32.13.3.rel1.win32_1.0.0.202411081344/tools/bin/../lib/gcc/arm-none-eabi/13.3.1/../../../../arm-none-eabi/lib/thumb/v8-m.main+fp/hard\libc_nano.a(libc_a-findfp.o) (__sread)
C:/ST/STM32CubeIDE_1.19.0/STM32CubeIDE/plugins/com.st.stm32cube.ide.mcu.externaltools.gnu-tools-for-stm32.13.3.rel1.win32_1.0.0.202411081344/tools/bin/../lib/gcc/arm-none-eabi/13.3.1/../../../../arm-none-eabi/lib/thumb/v8-m.main+fp/hard\libc_nano.a(libc_a-vsnprintf.o)
                              ./Core/Src/cli.o (vsnprintf)
C:/ST/STM32CubeIDE_1.19.0/STM32CubeIDE/plugins/com.st.stm32cube.ide.mcu.externaltools.gnu-tools-for-stm32.13.3.rel1.win32_1.0.0.202411081344/tools/bin/../lib/gcc/arm-none-eabi/13.3.1/../../../../arm-none-eabi/lib/thumb/v8-m.main+fp/hard\libc_nano.a(libc_a-memset.o)
                              C:/ST/STM32CubeIDE_1.19.0/STM32CubeIDE/plugins/com.st.stm32cube.ide.mcu.externaltools.gnu-tools-for-stm32.13.3.rel1.win32_1.0.0.202411081344/tools/bin/../lib/gcc/arm-none-eabi/13.3.1/../../../../arm-none-eabi/lib/thumb/v8-m.main+fp/hard/crt0.o (memset)
C:/ST/STM32CubeIDE_1.19.0/STM32CubeIDE/plugins/com.st.stm32cube.ide.mcu.externaltools.gnu-tools-for-stm32.13.3.rel1.win32_1.0.0.202411081344/tools/bin/../lib/gcc/arm-none-eabi/13.3.1/../../../../arm-none-eabi/lib/thumb/v8-m.main+fp/hard\libc_nano.a(libc_a-strncmp.o)
[...]
Memory Configuration

Name             Origin             Length             Attributes
RAM              0x20000000         0x000a0000         xrw
FLASH            0x08000000         0x00200000         xr
*default*        0x00000000         0xffffffff

Linker script and memory map

LOAD C:/ST/STM32CubeIDE_1.19.0/STM32CubeIDE/plugins/com.st.stm32cube.ide.mcu.externaltools.gnu-tools-for-stm32.13.3.rel1.win32_1.0.0.202411081344/tools/bin/../lib/gcc/arm-none-eabi/13.3.1/thumb/v8-m.main+fp/hard/crti.o
LOAD C:/ST/STM32CubeIDE_1.19.0/STM32CubeIDE/plugins/com.st.stm32cube.ide.mcu.externaltools.gnu-tools-for-stm32.13.3.rel1.win32_1.0.0.202411081344/tools/bin/../lib/gcc/arm-none-eabi/13.3.1/thumb/v8-m.main+fp/hard/crtbegin.o
LOAD C:/ST/STM32CubeIDE_1.19.0/STM32CubeIDE/plugins/com.st.stm32cube.ide.mcu.externaltools.gnu-tools-for-stm32.13.3.rel1.win32_1.0.0.202411081344/tools/bin/../lib/gcc/arm-none-eabi/13.3.1/../../../../arm-none-eabi/lib/thumb/v8-m.main+fp/hard/crt0.o
LOAD ./Core/Src/cli.o
LOAD ./Core/Src/custom_can.o
LOAD ./Core/Src/fdcan.o
LOAD ./Core/Src/gpdma.o
LOAD ./Core/Src/gpio.o
LOAD ./Core/Src/i2c.o
LOAD ./Core/Src/icache.o
LOAD ./Core/Src/main.o
LOAD ./Core/Src/stm32h5xx_hal_msp.o
LOAD ./Core/Src/stm32h5xx_it.o
LOAD ./Core/Src/syscalls.o
LOAD ./Core/Src/sysmem.o
LOAD ./Core/Src/system_stm32h5xx.o
LOAD ./Core/Src/usart.o
LOAD ./Core/Src/driver/ssd1306.o
LOAD ./Core/Startup/startup_stm32h563vitx.o
LOAD ./Drivers/STM32H5xx_HAL_Driver/Src/stm32h5xx_hal.o
LOAD ./Drivers/STM32H5xx_HAL_Driver/Src/stm32h5xx_hal_cortex.o
LOAD ./Drivers/STM32H5xx_HAL_Driver/Src/stm32h5xx_hal_dma.o
LOAD ./Drivers/STM32H5xx_HAL_Driver/Src/stm32h5xx_hal_dma_ex.o
LOAD ./Drivers/STM32H5xx_HAL_Driver/Src/stm32h5xx_hal_exti.o
LOAD ./Drivers/STM32H5xx_HAL_Driver/Src/stm32h5xx_hal_fdcan.o
LOAD ./Drivers/STM32H5xx_HAL_Driver/Src/stm32h5xx_hal_flash.o
LOAD ./Drivers/STM32H5xx_HAL_Driver/Src/stm32h5xx_hal_flash_ex.o
LOAD ./Drivers/STM32H5xx_HAL_Driver/Src/stm32h5xx_hal_gpio.o
LOAD ./Drivers/STM32H5xx_HAL_Driver/Src/stm32h5xx_hal_i2c.o
LOAD ./Drivers/STM32H5xx_HAL_Driver/Src/stm32h5xx_hal_i2c_ex.o
LOAD ./Drivers/STM32H5xx_HAL_Driver/Src/stm32h5xx_hal_icache.o
LOAD ./Drivers/STM32H5xx_HAL_Driver/Src/stm32h5xx_hal_pwr.o
LOAD ./Drivers/STM32H5xx_HAL_Driver/Src/stm32h5xx_hal_pwr_ex.o
LOAD ./Drivers/STM32H5xx_HAL_Driver/Src/stm32h5xx_hal_rcc.o
LOAD ./Drivers/STM32H5xx_HAL_Driver/Src/stm32h5xx_hal_rcc_ex.o
LOAD ./Drivers/STM32H5xx_HAL_Driver/Src/stm32h5xx_hal_uart.o
LOAD ./Drivers/STM32H5xx_HAL_Driver/Src/stm32h5xx_hal_uart_ex.o
START GROUP
LOAD C:/ST/STM32CubeIDE_1.19.0/STM32CubeIDE/plugins/com.st.stm32cube.ide.mcu.externaltools.gnu-tools-for-stm32.13.3.rel1.win32_1.0.0.202411081344/tools/bin/../lib/gcc/arm-none-eabi/13.3.1/../../../../arm-none-eabi/lib/thumb/v8-m.main+fp/hard\libc_nano.a
LOAD C:/ST/STM32CubeIDE_1.19.0/STM32CubeIDE/plugins/com.st.stm32cube.ide.mcu.externaltools.gnu-tools-for-stm32.13.3.rel1.win32_1.0.0.202411081344/tools/bin/../lib/gcc/arm-none-eabi/13.3.1/../../../../arm-none-eabi/lib/thumb/v8-m.main+fp/hard\libm.a
END GROUP
START GROUP
LOAD C:/ST/STM32CubeIDE_1.19.0/STM32CubeIDE/plugins/com.st.stm32cube.ide.mcu.externaltools.gnu-tools-for-stm32.13.3.rel1.win32_1.0.0.202411081344/tools/bin/../lib/gcc/arm-none-eabi/13.3.1/thumb/v8-m.main+fp/hard\libgcc.a
LOAD C:/ST/STM32CubeIDE_1.19.0/STM32CubeIDE/plugins/com.st.stm32cube.ide.mcu.externaltools.gnu-tools-for-stm32.13.3.rel1.win32_1.0.0.202411081344/tools/bin/../lib/gcc/arm-none-eabi/13.3.1/../../../../arm-none-eabi/lib/thumb/v8-m.main+fp/hard\libc_nano.a
END GROUP
START GROUP
LOAD C:/ST/STM32CubeIDE_1.19.0/STM32CubeIDE/plugins/com.st.stm32cube.ide.mcu.externaltools.gnu-tools-for-stm32.13.3.rel1.win32_1.0.0.202411081344/tools/bin/../lib/gcc/arm-none-eabi/13.3.1/thumb/v8-m.main+fp/hard\libgcc.a
LOAD C:/ST/STM32CubeIDE_1.19.0/STM32CubeIDE/plugins/com.st.stm32cube.ide.mcu.externaltools.gnu-tools-for-stm32.13.3.rel1.win32_1.0.0.202411081344/tools/bin/../lib/gcc/arm-none-eabi/13.3.1/../../../../arm-none-eabi/lib/thumb/v8-m.main+fp/hard\libc_nano.a
LOAD C:/ST/STM32CubeIDE_1.19.0/STM32CubeIDE/plugins/com.st.stm32cube.ide.mcu.externaltools.gnu-tools-for-stm32.13.3.rel1.win32_1.0.0.202411081344/tools/bin/../lib/gcc/arm-none-eabi/13.3.1/../../../../arm-none-eabi/lib/thumb/v8-m.main+fp/hard\libnosys.a
END GROUP
START GROUP
LOAD C:/ST/STM32CubeIDE_1.19.0/STM32CubeIDE/plugins/com.st.stm32cube.ide.mcu.externaltools.gnu-tools-for-stm32.13.3.rel1.win32_1.0.0.202411081344/tools/bin/../lib/gcc/arm-none-eabi/13.3.1/thumb/v8-m.main+fp/hard\libgcc.a
LOAD C:/ST/STM32CubeIDE_1.19.0/STM32CubeIDE/plugins/com.st.stm32cube.ide.mcu.externaltools.gnu-tools-for-stm32.13.3.rel1.win32_1.0.0.202411081344/tools/bin/../lib/gcc/arm-none-eabi/13.3.1/../../../../arm-none-eabi/lib/thumb/v8-m.main+fp/hard\libc_nano.a
LOAD C:/ST/STM32CubeIDE_1.19.0/STM32CubeIDE/plugins/com.st.stm32cube.ide.mcu.externaltools.gnu-tools-for-stm32.13.3.rel1.win32_1.0.0.202411081344/tools/bin/../lib/gcc/arm-none-eabi/13.3.1/../../../../arm-none-eabi/lib/thumb/v8-m.main+fp/hard\libnosys.a
END GROUP
LOAD C:/ST/STM32CubeIDE_1.19.0/STM32CubeIDE/plugins/com.st.stm32cube.ide.mcu.externaltools.gnu-tools-for-stm32.13.3.rel1.win32_1.0.0.202411081344/tools/bin/../lib/gcc/arm-none-eabi/13.3.1/thumb/v8-m.main+fp/hard/crtend.o
LOAD C:/ST/STM32CubeIDE_1.19.0/STM32CubeIDE/plugins/com.st.stm32cube.ide.mcu.externaltools.gnu-tools-for-stm32.13.3.rel1.win32_1.0.0.202411081344/tools/bin/../lib/gcc/arm-none-eabi/13.3.1/thumb/v8-m.main+fp/hard/crtn.o
                0x200a0000                        _estack = (ORIGIN (RAM) + LENGTH (RAM))
                0x00000200                        _Min_Heap_Size = 0x200
                0x00000400                        _Min_Stack_Size = 0x400

.isr_vector     0x08000000      0x24c
                0x08000000                        . = ALIGN (0x4)
 *(.isr_vector)
 .isr_vector    0x08000000      0x24c ./Core/Startup/startup_stm32h563vitx.o
                0x08000000                g_pfnVectors
                0x0800024c                        . = ALIGN (0x4)

.text           0x08000250    0x12384
                0x08000250                        . = ALIGN (0x4)
 *(.text)
 .text          0x08000250       0x40 C:/ST/STM32CubeIDE_1.19.0/STM32CubeIDE/plugins/com.st.stm32cube.ide.mcu.externaltools.gnu-tools-for-stm32.13.3.rel1.win32_1.0.0.202411081344/tools/bin/../lib/gcc/arm-none-eabi/13.3.1/thumb/v8-m.main+fp/hard/crtbegin.o
 .text          0x08000290       0x14 C:/ST/STM32CubeIDE_1.19.0/STM32CubeIDE/plugins/com.st.stm32cube.ide.mcu.externaltools.gnu-tools-for-stm32.13.3.rel1.win32_1.0.0.202411081344/tools/bin/../lib/gcc/arm-none-eabi/13.3.1/../../../../arm-none-eabi/lib/thumb/v8-m.main+fp/hard\libc_nano.a(libc_a-strcmp.o)
                0x08000290                strcmp
 .text          0x080002a4       0x10 C:/ST/STM32CubeIDE_1.19.0/STM32CubeIDE/plugins/com.st.stm32cube.ide.mcu.externaltools.gnu-tools-for-stm32.13.3.rel1.win32_1.0.0.202411081344/tools/bin/../lib/gcc/arm-none-eabi/13.3.1/../../../../arm-none-eabi/lib/thumb/v8-m.main+fp/hard\libc_nano.a(libc_a-strlen.o)
                0x080002a4                strlen
 .text          0x080002b4      0x378 C:/ST/STM32CubeIDE_1.19.0/STM32CubeIDE/plugins/com.st.stm32cube.ide.mcu.externaltools.gnu-tools-for-stm32.13.3.rel1.win32_1.0.0.202411081344/tools/bin/../lib/gcc/arm-none-eabi/13.3.1/thumb/v8-m.main+fp/hard\libgcc.a(_arm_addsubdf3.o)
                0x080002b4                __aeabi_drsub
                0x080002bc                __aeabi_dsub
                0x080002bc                __subdf3
                0x080002c0                __aeabi_dadd
                0x080002c0                __adddf3
                0x08000538                __floatunsidf
                0x08000538                __aeabi_ui2d
                0x08000558                __floatsidf
                0x08000558                __aeabi_i2d
                0x0800057c                __aeabi_f2d
                0x0800057c                __extendsfdf2
                0x080005c0                __floatundidf
                0x080005c0                __aeabi_ul2d
                0x080005d0                __floatdidf
                0x080005d0                __aeabi_l2d
 .text          0x0800062c      0x424 C:/ST/STM32CubeIDE_1.19.0/STM32CubeIDE/plugins/com.st.stm32cube.ide.mcu.externaltools.gnu-tools-for-stm32.13.3.rel1.win32_1.0.0.202411081344/tools/bin/../lib/gcc/arm-none-eabi/13.3.1/thumb/v8-m.main+fp/hard\libgcc.a(_arm_muldivdf3.o)
                0x0800062c                __aeabi_dmul
                0x0800062c                __muldf3
                0x08000880                __divdf3
                0x08000880                __aeabi_ddiv
 .text          0x08000a50      0x110 C:/ST/STM32CubeIDE_1.19.0/STM32CubeIDE/plugins/com.st.stm32cube.ide.mcu.externaltools.gnu-tools-for-stm32.13.3.rel1.win32_1.0.0.202411081344/tools/bin/../lib/gcc/arm-none-eabi/13.3.1/thumb/v8-m.main+fp/hard\libgcc.a(_arm_cmpdf2.o)
                0x08000a50                __gtdf2
                0x08000a50                __gedf2
                0x08000a58                __ltdf2
                0x08000a58                __ledf2
                0x08000a60                __nedf2
                0x08000a60                __eqdf2
                0x08000a60                __cmpdf2
                0x08000adc                __aeabi_cdrcmple
                0x08000aec                __aeabi_cdcmpeq
                0x08000aec                __aeabi_cdcmple
                0x08000afc                __aeabi_dcmpeq
                0x08000b10                __aeabi_dcmplt
                0x08000b24                __aeabi_dcmple
                0x08000b38                __aeabi_dcmpge
                0x08000b4c                __aeabi_dcmpgt
 .text          0x08000b60       0x2c C:/ST/STM32CubeIDE_1.19.0/STM32CubeIDE/plugins/com.st.stm32cube.ide.mcu.externaltools.gnu-tools-for-stm32.13.3.rel1.win32_1.0.0.202411081344/tools/bin/../lib/gcc/arm-none-eabi/13.3.1/thumb/v8-m.main+fp/hard\libgcc.a(_arm_unorddf2.o)
                0x08000b60                __unorddf2
                0x08000b60                __aeabi_dcmpun
 .text          0x08000b8c       0x40 C:/ST/STM32CubeIDE_1.19.0/STM32CubeIDE/plugins/com.st.stm32cube.ide.mcu.externaltools.gnu-tools-for-stm32.13.3.rel1.win32_1.0.0.202411081344/tools/bin/../lib/gcc/arm-none-eabi/13.3.1/thumb/v8-m.main+fp/hard\libgcc.a(_arm_fixunsdfsi.o)
                0x08000b8c                __aeabi_d2uiz
                0x08000b8c                __fixunsdfsi
 .text          0x08000bcc       0xa0 C:/ST/STM32CubeIDE_1.19.0/STM32CubeIDE/plugins/com.st.stm32cube.ide.mcu.externaltools.gnu-tools-for-stm32.13.3.rel1.win32_1.0.0.202411081344/tools/bin/../lib/gcc/arm-none-eabi/13.3.1/thumb/v8-m.main+fp/hard\libgcc.a(_arm_truncdfsf2.o)
                0x08000bcc                __truncdfsf2
                0x08000bcc                __aeabi_d2f
 .text          0x08000c6c       0x30 C:/ST/STM32CubeIDE_1.19.0/STM32CubeIDE/plugins/com.st.stm32cube.ide.mcu.externaltools.gnu-tools-for-stm32.13.3.rel1.win32_1.0.0.202411081344/tools/bin/../lib/gcc/arm-none-eabi/13.3.1/thumb/v8-m.main+fp/hard\libgcc.a(_aeabi_uldivmod.o)
                0x08000c6c                __aeabi_uldivmod
 .text          0x08000c9c       0x30 C:/ST/STM32CubeIDE_1.19.0/STM32CubeIDE/plugins/com.st.stm32cube.ide.mcu.externaltools.gnu-tools-for-stm32.13.3.rel1.win32_1.0.0.202411081344/tools/bin/../lib/gcc/arm-none-eabi/13.3.1/thumb/v8-m.main+fp/hard\libgcc.a(_fixdfdi.o)
                0x08000c9c                __fixdfdi
                0x08000c9c                __aeabi_d2lz
 .text          0x08000ccc       0x3c C:/ST/STM32CubeIDE_1.19.0/STM32CubeIDE/plugins/com.st.stm32cube.ide.mcu.externaltools.gnu-tools-for-stm32.13.3.rel1.win32_1.0.0.202411081344/tools/bin/../lib/gcc/arm-none-eabi/13.3.1/thumb/v8-m.main+fp/hard\libgcc.a(_fixunsdfdi.o)
                0x08000ccc                __fixunsdfdi
                0x08000ccc                __aeabi_d2ulz
 .text          0x08000d08      0x348 C:/ST/STM32CubeIDE_1.19.0/STM32CubeIDE/plugins/com.st.stm32cube.ide.mcu.externaltools.gnu-tools-for-stm32.13.3.rel1.win32_1.0.0.202411081344/tools/bin/../lib/gcc/arm-none-eabi/13.3.1/thumb/v8-m.main+fp/hard\libgcc.a(_udivmoddi4.o)
                0x08000d08                __udivmoddi4
 .text          0x08001050        0x4 C:/ST/STM32CubeIDE_1.19.0/STM32CubeIDE/plugins/com.st.stm32cube.ide.mcu.externaltools.gnu-tools-for-stm32.13.3.rel1.win32_1.0.0.202411081344/tools/bin/../lib/gcc/arm-none-eabi/13.3.1/thumb/v8-m.main+fp/hard\libgcc.a(_dvmd_tls.o)
                0x08001050                __aeabi_idiv0
                0x08001050                __aeabi_ldiv0
 *(.text*)
 .text.cliInit  0x08001054       0x7c ./Core/Src/cli.o
                0x08001054                cliInit
 .text.cliLineClean
                0x080010d0       0x2c ./Core/Src/cli.o
 .text.cliShowPrompt
                0x080010fc       0x1c ./Core/Src/cli.o
 .text.cliLineAdd
                0x08001118       0x86 ./Core/Src/cli.o
 *fill*         0x0800119e        0x2 
 .text.cliLineChange
                0x080011a0      0x124 ./Core/Src/cli.o
 .text.cliProcess
                0x080012c4      0x3a8 ./Core/Src/cli.o
                0x080012c4                cliProcess
 .text.cliRunCmd
                0x0800166c       0xc4 ./Core/Src/cli.o
 .text.cliParseArgs
                0x08001730       0xa8 ./Core/Src/cli.o
 .text.cliPrintf
                0x080017d8       0x50 ./Core/Src/cli.o
                0x080017d8                cliPrintf
 .text.cliToUpper
                0x08001828       0x5e ./Core/Src/cli.o
 *fill*         0x08001886        0x2 
 .text.cliArgsGetData
                0x08001888       0x48 ./Core/Src/cli.o
 .text.cliArgsGetFloat
                0x080018d0       0x50 ./Core/Src/cli.o
 .text.cliArgsGetStr
                0x08001920       0x40 ./Core/Src/cli.o
 .text.cliArgsIsStr
                0x08001960       0x50 ./Core/Src/cli.o
 .text.cliAdd   0x080019b0       0xa8 ./Core/Src/cli.o
                0x080019b0                cliAdd
 .text.cliShowList
                0x08001a58       0x68 ./Core/Src/cli.o
                0x08001a58                cliShowList
 .text.customCanInit
                0x08001ac0      0x140 ./Core/Src/custom_can.o
                0x08001ac0                customCanInit
 .text.customCanClose
                0x08001c00       0x24 ./Core/Src/custom_can.o
                0x08001c00                customCanClose
 .text.MX_FDCAN1_Init
                0x08001c24       0x8c ./Core/Src/fdcan.o
                0x08001c24                MX_FDCAN1_Init
 .text.MX_FDCAN2_Init
                0x08001cb0       0x8c ./Core/Src/fdcan.o
                0x08001cb0                MX_FDCAN2_Init
 .text.HAL_FDCAN_MspInit
                0x08001d3c      0x16c ./Core/Src/fdcan.o
                0x08001d3c                HAL_FDCAN_MspInit
 .text.HAL_FDCAN_MspDeInit
                0x08001ea8       0xac ./Core/Src/fdcan.o
                0x08001ea8                HAL_FDCAN_MspDeInit
 .text.MX_GPDMA1_Init
                0x08001f54      0x1cc ./Core/Src/gpdma.o
                0x08001f54                MX_GPDMA1_Init
 .text.MX_GPIO_Init
                0x08002120      0x104 ./Core/Src/gpio.o
                0x08002120                MX_GPIO_Init
 .text.MX_I2C1_Init
                0x08002224       0x80 ./Core/Src/i2c.o
                0x08002224                MX_I2C1_Init
 .text.HAL_I2C_MspInit
                0x080022a4      0x11c ./Core/Src/i2c.o
                0x080022a4                HAL_I2C_MspInit
 .text.MX_ICACHE_Init
                0x080023c0       0x26 ./Core/Src/icache.o
                0x080023c0                MX_ICACHE_Init
 *fill*         0x080023e6        0x2 
 .text.HAL_UART_RxCpltCallback
                0x080023e8       0x58 ./Core/Src/main.o
                0x080023e8                HAL_UART_RxCpltCallback
 .text.millis   0x08002440        0xe ./Core/Src/main.o
                0x08002440                millis
 *fill*         0x0800244e        0x2 
 .text.cliLed   0x08002450       0xe4 ./Core/Src/main.o
                0x08002450                cliLed
 .text.cliUart6
                0x08002534       0x4c ./Core/Src/main.o
                0x08002534                cliUart6
 .text.cliUart10
                0x08002580       0x4c ./Core/Src/main.o
                0x08002580                cliUart10
 .text.cliRs232
                0x080025cc       0x54 ./Core/Src/main.o
                0x080025cc                cliRs232
 .text.cliRs485
                0x08002620      0x148 ./Core/Src/main.o
                0x08002620                cliRs485
 .text.cliOled  0x08002768       0xb0 ./Core/Src/main.o
                0x08002768                cliOled
 .text.cliCan   0x08002818      0x250 ./Core/Src/main.o
                0x08002818                cliCan
 .text.main     0x08002a68      0x158 ./Core/Src/main.o
                0x08002a68                main
 .text.SystemClock_Config
                0x08002bc0       0xe0 ./Core/Src/main.o
                0x08002bc0                SystemClock_Config
 .text.PeriphCommonClock_Config
                0x08002ca0       0xd6 ./Core/Src/main.o
                0x08002ca0                PeriphCommonClock_Config
 .text.Error_Handler
                0x08002d76        0xc ./Core/Src/main.o
                0x08002d76                Error_Handler
 .text.HAL_MspInit
                0x08002d82        0xe ./Core/Src/stm32h5xx_hal_msp.o
                0x08002d82                HAL_MspInit
 .text.NMI_Handler
                0x08002d90        0x8 ./Core/Src/stm32h5xx_it.o
                0x08002d90                NMI_Handler
 .text.HardFault_Handler
                0x08002d98        0x8 ./Core/Src/stm32h5xx_it.o
                0x08002d98                HardFault_Handler
 .text.MemManage_Handler
                0x08002da0        0x8 ./Core/Src/stm32h5xx_it.o
                0x08002da0                MemManage_Handler
 .text.BusFault_Handler
                0x08002da8        0x8 ./Core/Src/stm32h5xx_it.o
                0x08002da8                BusFault_Handler
 .text.UsageFault_Handler
                0x08002db0        0x8 ./Core/Src/stm32h5xx_it.o
                0x08002db0                UsageFault_Handler
 .text.SVC_Handler
                0x08002db8        0xe ./Core/Src/stm32h5xx_it.o
                0x08002db8                SVC_Handler
 .text.DebugMon_Handler
                0x08002dc6        0xe ./Core/Src/stm32h5xx_it.o
                0x08002dc6                DebugMon_Handler
 .text.PendSV_Handler
                0x08002dd4        0xe ./Core/Src/stm32h5xx_it.o
                0x08002dd4                PendSV_Handler
 .text.SysTick_Handler
                0x08002de2        0xc ./Core/Src/stm32h5xx_it.o
                0x08002de2                SysTick_Handler
 *fill*         0x08002dee        0x2 
 .text.FDCAN1_IT0_IRQHandler
                0x08002df0       0x14 ./Core/Src/stm32h5xx_it.o
                0x08002df0                FDCAN1_IT0_IRQHandler
 .text.FDCAN1_IT1_IRQHandler
                0x08002e04       0x14 ./Core/Src/stm32h5xx_it.o
                0x08002e04                FDCAN1_IT1_IRQHandler
 .text.USART1_IRQHandler
                0x08002e18       0x14 ./Core/Src/stm32h5xx_it.o
                0x08002e18                USART1_IRQHandler
 .text.FDCAN2_IT0_IRQHandler
                0x08002e2c       0x14 ./Core/Src/stm32h5xx_it.o
                0x08002e2c                FDCAN2_IT0_IRQHandler
 .text.FDCAN2_IT1_IRQHandler
                0x08002e40       0x14 ./Core/Src/stm32h5xx_it.o
                0x08002e40                FDCAN2_IT1_IRQHandler
 .text._getpid  0x08002e54       0x10 ./Core/Src/syscalls.o
                0x08002e54                _getpid
 .text._kill    0x08002e64       0x20 ./Core/Src/syscalls.o
                0x08002e64                _kill
 .text._exit    0x08002e84       0x16 ./Core/Src/syscalls.o
                0x08002e84                _exit
 .text._read    0x08002e9a       0x3a ./Core/Src/syscalls.o
                0x08002e9a                _read
 .text._write   0x08002ed4       0x38 ./Core/Src/syscalls.o
                0x08002ed4                _write
 .text._close   0x08002f0c       0x18 ./Core/Src/syscalls.o
                0x08002f0c                _close
 .text._fstat   0x08002f24       0x20 ./Core/Src/syscalls.o
                0x08002f24                _fstat
 .text._isatty  0x08002f44       0x16 ./Core/Src/syscalls.o
                0x08002f44                _isatty
 .text._lseek   0x08002f5a       0x1a ./Core/Src/syscalls.o
                0x08002f5a                _lseek
 .text._sbrk    0x08002f74       0x6c ./Core/Src/sysmem.o
                0x08002f74                _sbrk
 .text.SystemInit
                0x08002fe0       0xf8 ./Core/Src/system_stm32h5xx.o
                0x08002fe0                SystemInit
 .text.MX_UART4_Init
                0x080030d8       0xa0 ./Core/Src/usart.o
                0x080030d8                MX_UART4_Init
 .text.MX_UART5_Init
                0x08003178       0x98 ./Core/Src/usart.o
                0x08003178                MX_UART5_Init
 .text.MX_UART7_Init
                0x08003210       0x9c ./Core/Src/usart.o
                0x08003210                MX_UART7_Init
 .text.MX_USART1_UART_Init
                0x080032ac       0x98 ./Core/Src/usart.o
                0x080032ac                MX_USART1_UART_Init
 .text.MX_USART6_UART_Init
                0x08003344       0x98 ./Core/Src/usart.o
                0x08003344                MX_USART6_UART_Init
 .text.MX_USART10_UART_Init
                0x080033dc       0x98 ./Core/Src/usart.o
                0x080033dc                MX_USART10_UART_Init
 .text.HAL_UART_MspInit
                0x08003474      0x61c ./Core/Src/usart.o
                0x08003474                HAL_UART_MspInit
 .text.ssd1306WriteCommand
                0x08003a90       0x3c ./Core/Src/driver/ssd1306.o
 .text.ssd1306Init
                0x08003acc       0x5c ./Core/Src/driver/ssd1306.o
                0x08003acc                ssd1306Init
 .text.ssd1306Fill
                0x08003b28       0x30 ./Core/Src/driver/ssd1306.o
                0x08003b28                ssd1306Fill
 .text.ssd1306Clear
                0x08003b58       0x28 ./Core/Src/driver/ssd1306.o
                0x08003b58                ssd1306Clear
 .text.ssd1306UpdateScreen
                0x08003b80       0x64 ./Core/Src/driver/ssd1306.o
                0x08003b80                ssd1306UpdateScreen
 .text.ssd1306SetCursor
                0x08003be4       0x30 ./Core/Src/driver/ssd1306.o
                0x08003be4                ssd1306SetCursor
 .text.ssd1306WriteChar
                0x08003c14      0x12c ./Core/Src/driver/ssd1306.o
                0x08003c14                ssd1306WriteChar
 .text.Reset_Handler
                0x08003d40       0x50 ./Core/Startup/startup_stm32h563vitx.o
                0x08003d40                Reset_Handler
 .text.Default_Handler
                0x08003d90        0x2 ./Core/Startup/startup_stm32h563vitx.o
                0x08003d90                EXTI2_IRQHandler
                0x08003d90                TIM8_TRG_COM_IRQHandler
                0x08003d90                TIM8_CC_IRQHandler
                0x08003d90                EXTI5_IRQHandler
                0x08003d90                I3C1_ER_IRQHandler
                0x08003d90                UART8_IRQHandler
                0x08003d90                SPI4_IRQHandler
                0x08003d90                GPDMA2_Channel1_IRQHandler
                0x08003d90                FLASH_S_IRQHandler
                0x08003d90                EXTI13_IRQHandler
                0x08003d90                TIM1_CC_IRQHandler
                0x08003d90                GPDMA2_Channel3_IRQHandler
                0x08003d90                TAMP_IRQHandler
                0x08003d90                TIM6_IRQHandler
                0x08003d90                EXTI12_IRQHandler
                0x08003d90                CORDIC_IRQHandler
                0x08003d90                USB_DRD_FS_IRQHandler
                0x08003d90                EXTI3_IRQHandler
                0x08003d90                LPTIM4_IRQHandler
                0x08003d90                GPDMA1_Channel5_IRQHandler
                0x08003d90                EXTI8_IRQHandler
                0x08003d90                GPDMA2_Channel5_IRQHandler
                0x08003d90                LPTIM2_IRQHandler
                0x08003d90                I2C3_ER_IRQHandler
                0x08003d90                GPDMA2_Channel2_IRQHandler
                0x08003d90                USART10_IRQHandler
                0x08003d90                LPTIM3_IRQHandler
                0x08003d90                EXTI0_IRQHandler
                0x08003d90                I2C2_EV_IRQHandler
                0x08003d90                FPU_IRQHandler
                0x08003d90                GPDMA1_Channel3_IRQHandler
                0x08003d90                GPDMA1_Channel7_IRQHandler
                0x08003d90                RAMCFG_IRQHandler
                0x08003d90                DCACHE1_IRQHandler
                0x08003d90                SPI1_IRQHandler
                0x08003d90                OCTOSPI1_IRQHandler
                0x08003d90                GPDMA1_Channel2_IRQHandler
                0x08003d90                TIM8_UP_IRQHandler
                0x08003d90                RCC_S_IRQHandler
                0x08003d90                SAI2_IRQHandler
                0x08003d90                ADC1_IRQHandler
                0x08003d90                USART6_IRQHandler
                0x08003d90                EXTI15_IRQHandler
                0x08003d90                TIM17_IRQHandler
                0x08003d90                USART3_IRQHandler
                0x08003d90                RTC_IRQHandler
                0x08003d90                EXTI9_IRQHandler
                0x08003d90                LPTIM5_IRQHandler
                0x08003d90                UART5_IRQHandler
                0x08003d90                TIM4_IRQHandler
                0x08003d90                I2C1_EV_IRQHandler
                0x08003d90                GPDMA1_Channel1_IRQHandler
                0x08003d90                TIM16_IRQHandler
                0x08003d90                UART4_IRQHandler
                0x08003d90                SecureFault_Handler
                0x08003d90                TIM3_IRQHandler
                0x08003d90                RCC_IRQHandler
                0x08003d90                UART9_IRQHandler
                0x08003d90                TIM1_TRG_COM_IRQHandler
                0x08003d90                Default_Handler
                0x08003d90                FMAC_IRQHandler
                0x08003d90                CEC_IRQHandler
                0x08003d90                USART11_IRQHandler
                0x08003d90                TIM14_IRQHandler
                0x08003d90                TIM13_IRQHandler
                0x08003d90                GPDMA2_Channel4_IRQHandler
                0x08003d90                SPI5_IRQHandler
                0x08003d90                TIM12_IRQHandler
                0x08003d90                TIM7_IRQHandler
                0x08003d90                SDMMC1_IRQHandler
                0x08003d90                TIM5_IRQHandler
                0x08003d90                UCPD1_IRQHandler
                0x08003d90                GPDMA1_Channel0_IRQHandler
                0x08003d90                I3C1_EV_IRQHandler
                0x08003d90                TIM15_IRQHandler
                0x08003d90                PVD_AVD_IRQHandler
                0x08003d90                I2C3_EV_IRQHandler
                0x08003d90                ETH_WKUP_IRQHandler
                0x08003d90                ADC2_IRQHandler
                0x08003d90                SPI2_IRQHandler
                0x08003d90                EXTI14_IRQHandler
                0x08003d90                EXTI11_IRQHandler
                0x08003d90                CRS_IRQHandler
                0x08003d90                EXTI4_IRQHandler
                0x08003d90                GPDMA2_Channel0_IRQHandler
                0x08003d90                RTC_S_IRQHandler
                0x08003d90                RNG_IRQHandler
                0x08003d90                ETH_IRQHandler
                0x08003d90                GPDMA2_Channel6_IRQHandler
                0x08003d90                TIM1_UP_IRQHandler
                0x08003d90                UART12_IRQHandler
                0x08003d90                WWDG_IRQHandler
                0x08003d90                SPI6_IRQHandler
                0x08003d90                I2C4_EV_IRQHandler
                0x08003d90                IWDG_IRQHandler
                0x08003d90                LPUART1_IRQHandler
                0x08003d90                TIM2_IRQHandler
                0x08003d90                GPDMA1_Channel4_IRQHandler
                0x08003d90                EXTI7_IRQHandler
                0x08003d90                TIM1_BRK_IRQHandler
                0x08003d90                EXTI1_IRQHandler
                0x08003d90                SDMMC2_IRQHandler
                0x08003d90                LPTIM6_IRQHandler
                0x08003d90                DAC1_IRQHandler
                0x08003d90                DTS_IRQHandler
                0x08003d90                UART7_IRQHandler
                0x08003d90                GTZC_IRQHandler
                0x08003d90                USART2_IRQHandler
                0x08003d90                GPDMA1_Channel6_IRQHandler
                0x08003d90                GPDMA2_Channel7_IRQHandler
                0x08003d90                I2C2_ER_IRQHandler
                0x08003d90                TIM8_BRK_IRQHandler
                0x08003d90                FLASH_IRQHandler
                0x08003d90                EXTI10_IRQHandler
                0x08003d90                SPI3_IRQHandler
                0x08003d90                I2C1_ER_IRQHandler
                0x08003d90                FMC_IRQHandler
                0x08003d90                EXTI6_IRQHandler
                0x08003d90                LPTIM1_IRQHandler
                0x08003d90                DCMI_PSSI_IRQHandler
                0x08003d90                I2C4_ER_IRQHandler
                0x08003d90                ICACHE_IRQHandler
                0x08003d90                SAI1_IRQHandler
                0x08003d90                HASH_IRQHandler
 *fill*         0x08003d92        0x2 
 .text.HAL_Init
                0x08003d94       0x50 ./Drivers/STM32H5xx_HAL_Driver/Src/stm32h5xx_hal.o
                0x08003d94                HAL_Init
 .text.HAL_InitTick
                0x08003de4       0xec ./Drivers/STM32H5xx_HAL_Driver/Src/stm32h5xx_hal.o
                0x08003de4                HAL_InitTick
 .text.HAL_IncTick
                0x08003ed0       0x28 ./Drivers/STM32H5xx_HAL_Driver/Src/stm32h5xx_hal.o
                0x08003ed0                HAL_IncTick
 .text.HAL_GetTick
                0x08003ef8       0x18 ./Drivers/STM32H5xx_HAL_Driver/Src/stm32h5xx_hal.o
                0x08003ef8                HAL_GetTick
 .text.__NVIC_SetPriorityGrouping
                0x08003f10       0x48 ./Drivers/STM32H5xx_HAL_Driver/Src/stm32h5xx_hal_cortex.o
 .text.__NVIC_GetPriorityGrouping
                0x08003f58       0x1c ./Drivers/STM32H5xx_HAL_Driver/Src/stm32h5xx_hal_cortex.o
 .text.__NVIC_EnableIRQ
                0x08003f74       0x3c ./Drivers/STM32H5xx_HAL_Driver/Src/stm32h5xx_hal_cortex.o
 .text.__NVIC_DisableIRQ
                0x08003fb0       0x48 ./Drivers/STM32H5xx_HAL_Driver/Src/stm32h5xx_hal_cortex.o
 .text.__NVIC_SetPriority
                0x08003ff8       0x54 ./Drivers/STM32H5xx_HAL_Driver/Src/stm32h5xx_hal_cortex.o
 .text.NVIC_EncodePriority
                0x0800404c       0x66 ./Drivers/STM32H5xx_HAL_Driver/Src/stm32h5xx_hal_cortex.o
 .text.HAL_NVIC_SetPriorityGrouping
                0x080040b2       0x16 ./Drivers/STM32H5xx_HAL_Driver/Src/stm32h5xx_hal_cortex.o
                0x080040b2                HAL_NVIC_SetPriorityGrouping
 .text.HAL_NVIC_SetPriority
                0x080040c8       0x34 ./Drivers/STM32H5xx_HAL_Driver/Src/stm32h5xx_hal_cortex.o
                0x080040c8                HAL_NVIC_SetPriority
 .text.HAL_NVIC_EnableIRQ
                0x080040fc       0x1c ./Drivers/STM32H5xx_HAL_Driver/Src/stm32h5xx_hal_cortex.o
                0x080040fc                HAL_NVIC_EnableIRQ
 .text.HAL_NVIC_DisableIRQ
                0x08004118       0x1c ./Drivers/STM32H5xx_HAL_Driver/Src/stm32h5xx_hal_cortex.o
                0x08004118                HAL_NVIC_DisableIRQ
 .text.HAL_SYSTICK_Config
                0x08004134       0x44 ./Drivers/STM32H5xx_HAL_Driver/Src/stm32h5xx_hal_cortex.o
                0x08004134                HAL_SYSTICK_Config
 .text.HAL_SYSTICK_CLKSourceConfig
                0x08004178       0xb0 ./Drivers/STM32H5xx_HAL_Driver/Src/stm32h5xx_hal_cortex.o
                0x08004178                HAL_SYSTICK_CLKSourceConfig
 .text.HAL_SYSTICK_GetCLKSourceConfig
                0x08004228       0x6c ./Drivers/STM32H5xx_HAL_Driver/Src/stm32h5xx_hal_cortex.o
                0x08004228                HAL_SYSTICK_GetCLKSourceConfig
 .text.HAL_DMA_Abort
                0x08004294       0xf8 ./Drivers/STM32H5xx_HAL_Driver/Src/stm32h5xx_hal_dma.o
                0x08004294                HAL_DMA_Abort
 .text.HAL_DMA_Abort_IT
                0x0800438c       0x52 ./Drivers/STM32H5xx_HAL_Driver/Src/stm32h5xx_hal_dma.o
                0x0800438c                HAL_DMA_Abort_IT
 .text.HAL_DMA_ConfigChannelAttributes
                0x080043de       0x78 ./Drivers/STM32H5xx_HAL_Driver/Src/stm32h5xx_hal_dma.o
                0x080043de                HAL_DMA_ConfigChannelAttributes
 *fill*         0x08004456        0x2 
 .text.HAL_DMAEx_List_Init
                0x08004458      0x258 ./Drivers/STM32H5xx_HAL_Driver/Src/stm32h5xx_hal_dma_ex.o
                0x08004458                HAL_DMAEx_List_Init
 .text.HAL_DMAEx_List_BuildNode
                0x080046b0       0x2c ./Drivers/STM32H5xx_HAL_Driver/Src/stm32h5xx_hal_dma_ex.o
                0x080046b0                HAL_DMAEx_List_BuildNode
 .text.HAL_DMAEx_List_InsertNode
                0x080046dc      0x192 ./Drivers/STM32H5xx_HAL_Driver/Src/stm32h5xx_hal_dma_ex.o
                0x080046dc                HAL_DMAEx_List_InsertNode
 .text.HAL_DMAEx_List_SetCircularMode
                0x0800486e       0xc0 ./Drivers/STM32H5xx_HAL_Driver/Src/stm32h5xx_hal_dma_ex.o
                0x0800486e                HAL_DMAEx_List_SetCircularMode
 *fill*         0x0800492e        0x2 
 .text.HAL_DMAEx_List_LinkQ
                0x08004930      0x138 ./Drivers/STM32H5xx_HAL_Driver/Src/stm32h5xx_hal_dma_ex.o
                0x08004930                HAL_DMAEx_List_LinkQ
 .text.DMA_List_Init
                0x08004a68      0x2b0 ./Drivers/STM32H5xx_HAL_Driver/Src/stm32h5xx_hal_dma_ex.o
 .text.DMA_List_BuildNode
                0x08004d18      0x2c0 ./Drivers/STM32H5xx_HAL_Driver/Src/stm32h5xx_hal_dma_ex.o
 .text.DMA_List_CheckNodesBaseAddresses
                0x08004fd8       0x60 ./Drivers/STM32H5xx_HAL_Driver/Src/stm32h5xx_hal_dma_ex.o
 .text.DMA_List_CheckNodesTypes
                0x08005038       0x78 ./Drivers/STM32H5xx_HAL_Driver/Src/stm32h5xx_hal_dma_ex.o
 .text.DMA_List_GetCLLRNodeInfo
                0x080050b0       0x60 ./Drivers/STM32H5xx_HAL_Driver/Src/stm32h5xx_hal_dma_ex.o
 .text.DMA_List_FindNode
                0x08005110      0x13e ./Drivers/STM32H5xx_HAL_Driver/Src/stm32h5xx_hal_dma_ex.o
 *fill*         0x0800524e        0x2 
 .text.HAL_FDCAN_Init
                0x08005250      0x2b4 ./Drivers/STM32H5xx_HAL_Driver/Src/stm32h5xx_hal_fdcan.o
                0x08005250                HAL_FDCAN_Init
 .text.HAL_FDCAN_DeInit
                0x08005504       0x46 ./Drivers/STM32H5xx_HAL_Driver/Src/stm32h5xx_hal_fdcan.o
                0x08005504                HAL_FDCAN_DeInit
 .text.HAL_FDCAN_ConfigFilter
                0x0800554a       0xb4 ./Drivers/STM32H5xx_HAL_Driver/Src/stm32h5xx_hal_fdcan.o
                0x0800554a                HAL_FDCAN_ConfigFilter
 .text.HAL_FDCAN_Start
                0x080055fe       0x50 ./Drivers/STM32H5xx_HAL_Driver/Src/stm32h5xx_hal_fdcan.o
                0x080055fe                HAL_FDCAN_Start
 .text.HAL_FDCAN_Stop
                0x0800564e       0xe0 ./Drivers/STM32H5xx_HAL_Driver/Src/stm32h5xx_hal_fdcan.o
                0x0800564e                HAL_FDCAN_Stop
 .text.HAL_FDCAN_AddMessageToTxFifoQ
                0x0800572e       0x88 ./Drivers/STM32H5xx_HAL_Driver/Src/stm32h5xx_hal_fdcan.o
                0x0800572e                HAL_FDCAN_AddMessageToTxFifoQ
 *fill*         0x080057b6        0x2 
 .text.HAL_FDCAN_GetRxMessage
                0x080057b8      0x210 ./Drivers/STM32H5xx_HAL_Driver/Src/stm32h5xx_hal_fdcan.o
                0x080057b8                HAL_FDCAN_GetRxMessage
 .text.HAL_FDCAN_GetRxFifoFillLevel
                0x080059c8       0x3c ./Drivers/STM32H5xx_HAL_Driver/Src/stm32h5xx_hal_fdcan.o
                0x080059c8                HAL_FDCAN_GetRxFifoFillLevel
 .text.HAL_FDCAN_ConfigInterruptLines
                0x08005a04       0x68 ./Drivers/STM32H5xx_HAL_Driver/Src/stm32h5xx_hal_fdcan.o
                0x08005a04                HAL_FDCAN_ConfigInterruptLines
 .text.HAL_FDCAN_ActivateNotification
                0x08005a6c      0x1cc ./Drivers/STM32H5xx_HAL_Driver/Src/stm32h5xx_hal_fdcan.o
                0x08005a6c                HAL_FDCAN_ActivateNotification
 .text.HAL_FDCAN_IRQHandler
                0x08005c38      0x266 ./Drivers/STM32H5xx_HAL_Driver/Src/stm32h5xx_hal_fdcan.o
                0x08005c38                HAL_FDCAN_IRQHandler
 .text.HAL_FDCAN_TxEventFifoCallback
                0x08005e9e       0x16 ./Drivers/STM32H5xx_HAL_Driver/Src/stm32h5xx_hal_fdcan.o
                0x08005e9e                HAL_FDCAN_TxEventFifoCallback
 .text.HAL_FDCAN_RxFifo0Callback
                0x08005eb4       0x16 ./Drivers/STM32H5xx_HAL_Driver/Src/stm32h5xx_hal_fdcan.o
                0x08005eb4                HAL_FDCAN_RxFifo0Callback
 .text.HAL_FDCAN_RxFifo1Callback
                0x08005eca       0x16 ./Drivers/STM32H5xx_HAL_Driver/Src/stm32h5xx_hal_fdcan.o
                0x08005eca                HAL_FDCAN_RxFifo1Callback
 .text.HAL_FDCAN_TxFifoEmptyCallback
                0x08005ee0       0x14 ./Drivers/STM32H5xx_HAL_Driver/Src/stm32h5xx_hal_fdcan.o
                0x08005ee0                HAL_FDCAN_TxFifoEmptyCallback
 .text.HAL_FDCAN_TxBufferCompleteCallback
                0x08005ef4       0x16 ./Drivers/STM32H5xx_HAL_Driver/Src/stm32h5xx_hal_fdcan.o
                0x08005ef4                HAL_FDCAN_TxBufferCompleteCallback
 .text.HAL_FDCAN_TxBufferAbortCallback
                0x08005f0a       0x16 ./Drivers/STM32H5xx_HAL_Driver/Src/stm32h5xx_hal_fdcan.o
                0x08005f0a                HAL_FDCAN_TxBufferAbortCallback
 .text.HAL_FDCAN_TimestampWraparoundCallback
                0x08005f20       0x14 ./Drivers/STM32H5xx_HAL_Driver/Src/stm32h5xx_hal_fdcan.o
                0x08005f20                HAL_FDCAN_TimestampWraparoundCallback
 .text.HAL_FDCAN_TimeoutOccurredCallback
                0x08005f34       0x14 ./Drivers/STM32H5xx_HAL_Driver/Src/stm32h5xx_hal_fdcan.o
                0x08005f34                HAL_FDCAN_TimeoutOccurredCallback
 .text.HAL_FDCAN_HighPriorityMessageCallback
                0x08005f48       0x14 ./Drivers/STM32H5xx_HAL_Driver/Src/stm32h5xx_hal_fdcan.o
                0x08005f48                HAL_FDCAN_HighPriorityMessageCallback
 .text.HAL_FDCAN_ErrorCallback
                0x08005f5c       0x14 ./Drivers/STM32H5xx_HAL_Driver/Src/stm32h5xx_hal_fdcan.o
                0x08005f5c                HAL_FDCAN_ErrorCallback
 .text.HAL_FDCAN_ErrorStatusCallback
                0x08005f70       0x16 ./Drivers/STM32H5xx_HAL_Driver/Src/stm32h5xx_hal_fdcan.o
                0x08005f70                HAL_FDCAN_ErrorStatusCallback
 *fill*         0x08005f86        0x2 
 .text.FDCAN_CalcultateRamBlockAddresses
                0x08005f88       0xc4 ./Drivers/STM32H5xx_HAL_Driver/Src/stm32h5xx_hal_fdcan.o
 .text.FDCAN_CopyMessageToRAM
                0x0800604c       0xf8 ./Drivers/STM32H5xx_HAL_Driver/Src/stm32h5xx_hal_fdcan.o
 .text.HAL_GPIO_Init
                0x08006144      0x2bc ./Drivers/STM32H5xx_HAL_Driver/Src/stm32h5xx_hal_gpio.o
                0x08006144                HAL_GPIO_Init
 .text.HAL_GPIO_DeInit
                0x08006400      0x178 ./Drivers/STM32H5xx_HAL_Driver/Src/stm32h5xx_hal_gpio.o
                0x08006400                HAL_GPIO_DeInit
 .text.HAL_GPIO_WritePin
                0x08006578       0x30 ./Drivers/STM32H5xx_HAL_Driver/Src/stm32h5xx_hal_gpio.o
                0x08006578                HAL_GPIO_WritePin
 .text.HAL_I2C_Init
                0x080065a8      0x136 ./Drivers/STM32H5xx_HAL_Driver/Src/stm32h5xx_hal_i2c.o
                0x080065a8                HAL_I2C_Init
 *fill*         0x080066de        0x2 
 .text.HAL_I2C_Mem_Write
                0x080066e0      0x228 ./Drivers/STM32H5xx_HAL_Driver/Src/stm32h5xx_hal_i2c.o
                0x080066e0                HAL_I2C_Mem_Write
 .text.I2C_RequestMemoryWrite
                0x08006908       0xa8 ./Drivers/STM32H5xx_HAL_Driver/Src/stm32h5xx_hal_i2c.o
 .text.I2C_Flush_TXDR
                0x080069b0       0x48 ./Drivers/STM32H5xx_HAL_Driver/Src/stm32h5xx_hal_i2c.o
 .text.I2C_WaitOnFlagUntilTimeout
                0x080069f8       0xb2 ./Drivers/STM32H5xx_HAL_Driver/Src/stm32h5xx_hal_i2c.o
 .text.I2C_WaitOnTXISFlagUntilTimeout
                0x08006aaa       0x8e ./Drivers/STM32H5xx_HAL_Driver/Src/stm32h5xx_hal_i2c.o
 .text.I2C_WaitOnSTOPFlagUntilTimeout
                0x08006b38       0x86 ./Drivers/STM32H5xx_HAL_Driver/Src/stm32h5xx_hal_i2c.o
 *fill*         0x08006bbe        0x2 
 .text.I2C_IsErrorOccurred
                0x08006bc0      0x1c0 ./Drivers/STM32H5xx_HAL_Driver/Src/stm32h5xx_hal_i2c.o
 .text.I2C_TransferConfig
                0x08006d80       0x64 ./Drivers/STM32H5xx_HAL_Driver/Src/stm32h5xx_hal_i2c.o
 .text.HAL_I2CEx_ConfigAnalogFilter
                0x08006de4       0x96 ./Drivers/STM32H5xx_HAL_Driver/Src/stm32h5xx_hal_i2c_ex.o
                0x08006de4                HAL_I2CEx_ConfigAnalogFilter
 .text.HAL_I2CEx_ConfigDigitalFilter
                0x08006e7a       0x98 ./Drivers/STM32H5xx_HAL_Driver/Src/stm32h5xx_hal_i2c_ex.o
                0x08006e7a                HAL_I2CEx_ConfigDigitalFilter
 *fill*         0x08006f12        0x2 
 .text.HAL_ICACHE_ConfigAssociativityMode
                0x08006f14       0x40 ./Drivers/STM32H5xx_HAL_Driver/Src/stm32h5xx_hal_icache.o
                0x08006f14                HAL_ICACHE_ConfigAssociativityMode
 .text.HAL_ICACHE_Enable
                0x08006f54       0x20 ./Drivers/STM32H5xx_HAL_Driver/Src/stm32h5xx_hal_icache.o
                0x08006f54                HAL_ICACHE_Enable
 .text.HAL_RCC_OscConfig
                0x08006f74      0x870 ./Drivers/STM32H5xx_HAL_Driver/Src/stm32h5xx_hal_rcc.o
                0x08006f74                HAL_RCC_OscConfig
 .text.HAL_RCC_ClockConfig
                0x080077e4      0x370 ./Drivers/STM32H5xx_HAL_Driver/Src/stm32h5xx_hal_rcc.o
                0x080077e4                HAL_RCC_ClockConfig
 .text.HAL_RCC_GetSysClockFreq
                0x08007b54      0x258 ./Drivers/STM32H5xx_HAL_Driver/Src/stm32h5xx_hal_rcc.o
                0x08007b54                HAL_RCC_GetSysClockFreq
 .text.HAL_RCC_GetHCLKFreq
                0x08007dac       0x38 ./Drivers/STM32H5xx_HAL_Driver/Src/stm32h5xx_hal_rcc.o
                0x08007dac                HAL_RCC_GetHCLKFreq
 .text.HAL_RCC_GetPCLK1Freq
                0x08007de4       0x2c ./Drivers/STM32H5xx_HAL_Driver/Src/stm32h5xx_hal_rcc.o
                0x08007de4                HAL_RCC_GetPCLK1Freq
 .text.HAL_RCC_GetPCLK2Freq
                0x08007e10       0x2c ./Drivers/STM32H5xx_HAL_Driver/Src/stm32h5xx_hal_rcc.o
                0x08007e10                HAL_RCC_GetPCLK2Freq
 .text.HAL_RCC_GetPCLK3Freq
                0x08007e3c       0x2c ./Drivers/STM32H5xx_HAL_Driver/Src/stm32h5xx_hal_rcc.o
                0x08007e3c                HAL_RCC_GetPCLK3Freq
 .text.HAL_RCCEx_PeriphCLKConfig
                0x08007e68     0x1f14 ./Drivers/STM32H5xx_HAL_Driver/Src/stm32h5xx_hal_rcc_ex.o
                0x08007e68                HAL_RCCEx_PeriphCLKConfig
 .text.HAL_RCCEx_GetPLL1ClockFreq
                0x08009d7c      0x2d8 ./Drivers/STM32H5xx_HAL_Driver/Src/stm32h5xx_hal_rcc_ex.o
                0x08009d7c                HAL_RCCEx_GetPLL1ClockFreq
 .text.HAL_RCCEx_GetPLL2ClockFreq
                0x0800a054      0x2d8 ./Drivers/STM32H5xx_HAL_Driver/Src/stm32h5xx_hal_rcc_ex.o
                0x0800a054                HAL_RCCEx_GetPLL2ClockFreq
 .text.HAL_RCCEx_GetPLL3ClockFreq
                0x0800a32c      0x2d8 ./Drivers/STM32H5xx_HAL_Driver/Src/stm32h5xx_hal_rcc_ex.o
                0x0800a32c                HAL_RCCEx_GetPLL3ClockFreq
 .text.HAL_RCCEx_GetPeriphCLKFreq
                0x0800a604     0x26b4 ./Drivers/STM32H5xx_HAL_Driver/Src/stm32h5xx_hal_rcc_ex.o
                0x0800a604                HAL_RCCEx_GetPeriphCLKFreq
 .text.RCCEx_PLL2_Config
                0x0800ccb8      0x130 ./Drivers/STM32H5xx_HAL_Driver/Src/stm32h5xx_hal_rcc_ex.o
 .text.RCCEx_PLL3_Config
                0x0800cde8      0x130 ./Drivers/STM32H5xx_HAL_Driver/Src/stm32h5xx_hal_rcc_ex.o
 .text.HAL_UART_Init
                0x0800cf18       0xa0 ./Drivers/STM32H5xx_HAL_Driver/Src/stm32h5xx_hal_uart.o
                0x0800cf18                HAL_UART_Init
 .text.HAL_UART_Transmit
                0x0800cfb8      0x13c ./Drivers/STM32H5xx_HAL_Driver/Src/stm32h5xx_hal_uart.o
                0x0800cfb8                HAL_UART_Transmit
 .text.HAL_UART_Receive
                0x0800d0f4      0x1ae ./Drivers/STM32H5xx_HAL_Driver/Src/stm32h5xx_hal_uart.o
                0x0800d0f4                HAL_UART_Receive
 *fill*         0x0800d2a2        0x2 
 .text.HAL_UART_Receive_IT
                0x0800d2a4       0xc4 ./Drivers/STM32H5xx_HAL_Driver/Src/stm32h5xx_hal_uart.o
                0x0800d2a4                HAL_UART_Receive_IT
 .text.HAL_UART_AbortReceive_IT
                0x0800d368      0x168 ./Drivers/STM32H5xx_HAL_Driver/Src/stm32h5xx_hal_uart.o
                0x0800d368                HAL_UART_AbortReceive_IT
 .text.HAL_UART_IRQHandler
                0x0800d4d0      0x5dc ./Drivers/STM32H5xx_HAL_Driver/Src/stm32h5xx_hal_uart.o
                0x0800d4d0                HAL_UART_IRQHandler
 .text.HAL_UART_TxCpltCallback
                0x0800daac       0x14 ./Drivers/STM32H5xx_HAL_Driver/Src/stm32h5xx_hal_uart.o
                0x0800daac                HAL_UART_TxCpltCallback
 .text.HAL_UART_ErrorCallback
                0x0800dac0       0x14 ./Drivers/STM32H5xx_HAL_Driver/Src/stm32h5xx_hal_uart.o
                0x0800dac0                HAL_UART_ErrorCallback
 .text.HAL_UART_AbortReceiveCpltCallback
                0x0800dad4       0x14 ./Drivers/STM32H5xx_HAL_Driver/Src/stm32h5xx_hal_uart.o
                0x0800dad4                HAL_UART_AbortReceiveCpltCallback
 .text.HAL_UARTEx_RxEventCallback
                0x0800dae8       0x18 ./Drivers/STM32H5xx_HAL_Driver/Src/stm32h5xx_hal_uart.o
                0x0800dae8                HAL_UARTEx_RxEventCallback
 .text.UART_SetConfig
                0x0800db00      0x3dc ./Drivers/STM32H5xx_HAL_Driver/Src/stm32h5xx_hal_uart.o
                0x0800db00                UART_SetConfig
 .text.UART_AdvFeatureConfig
                0x0800dedc      0x144 ./Drivers/STM32H5xx_HAL_Driver/Src/stm32h5xx_hal_uart.o
                0x0800dedc                UART_AdvFeatureConfig
 .text.UART_CheckIdleState
                0x0800e020      0x154 ./Drivers/STM32H5xx_HAL_Driver/Src/stm32h5xx_hal_uart.o
                0x0800e020                UART_CheckIdleState
 .text.UART_WaitOnFlagUntilTimeout
                0x0800e174       0xda ./Drivers/STM32H5xx_HAL_Driver/Src/stm32h5xx_hal_uart.o
                0x0800e174                UART_WaitOnFlagUntilTimeout
 *fill*         0x0800e24e        0x2 
 .text.UART_Start_Receive_IT
                0x0800e250      0x244 ./Drivers/STM32H5xx_HAL_Driver/Src/stm32h5xx_hal_uart.o
                0x0800e250                UART_Start_Receive_IT
 .text.UART_EndRxTransfer
                0x0800e494       0xcc ./Drivers/STM32H5xx_HAL_Driver/Src/stm32h5xx_hal_uart.o
 .text.UART_DMAAbortOnError
                0x0800e560       0x24 ./Drivers/STM32H5xx_HAL_Driver/Src/stm32h5xx_hal_uart.o
 .text.UART_DMARxOnlyAbortCallback
                0x0800e584       0x4a ./Drivers/STM32H5xx_HAL_Driver/Src/stm32h5xx_hal_uart.o
 .text.UART_EndTransmit_IT
                0x0800e5ce       0x56 ./Drivers/STM32H5xx_HAL_Driver/Src/stm32h5xx_hal_uart.o
 .text.UART_RxISR_8BIT
                0x0800e624      0x1c4 ./Drivers/STM32H5xx_HAL_Driver/Src/stm32h5xx_hal_uart.o
 .text.UART_RxISR_16BIT
                0x0800e7e8      0x1c4 ./Drivers/STM32H5xx_HAL_Driver/Src/stm32h5xx_hal_uart.o
 .text.UART_RxISR_8BIT_FIFOEN
                0x0800e9ac      0x370 ./Drivers/STM32H5xx_HAL_Driver/Src/stm32h5xx_hal_uart.o
 .text.UART_RxISR_16BIT_FIFOEN
                0x0800ed1c      0x378 ./Drivers/STM32H5xx_HAL_Driver/Src/stm32h5xx_hal_uart.o
 .text.HAL_RS485Ex_Init
                0x0800f094       0xd2 ./Drivers/STM32H5xx_HAL_Driver/Src/stm32h5xx_hal_uart_ex.o
                0x0800f094                HAL_RS485Ex_Init
 .text.HAL_UARTEx_WakeupCallback
                0x0800f166       0x14 ./Drivers/STM32H5xx_HAL_Driver/Src/stm32h5xx_hal_uart_ex.o
                0x0800f166                HAL_UARTEx_WakeupCallback
 .text.HAL_UARTEx_RxFifoFullCallback
                0x0800f17a       0x14 ./Drivers/STM32H5xx_HAL_Driver/Src/stm32h5xx_hal_uart_ex.o
                0x0800f17a                HAL_UARTEx_RxFifoFullCallback
 .text.HAL_UARTEx_TxFifoEmptyCallback
                0x0800f18e       0x14 ./Drivers/STM32H5xx_HAL_Driver/Src/stm32h5xx_hal_uart_ex.o
                0x0800f18e                HAL_UARTEx_TxFifoEmptyCallback
 .text.HAL_UARTEx_DisableFifoMode
                0x0800f1a2       0x72 ./Drivers/STM32H5xx_HAL_Driver/Src/stm32h5xx_hal_uart_ex.o
                0x0800f1a2                HAL_UARTEx_DisableFifoMode
 .text.HAL_UARTEx_SetTxFifoThreshold
                0x0800f214       0x7c ./Drivers/STM32H5xx_HAL_Driver/Src/stm32h5xx_hal_uart_ex.o
                0x0800f214                HAL_UARTEx_SetTxFifoThreshold
 .text.HAL_UARTEx_SetRxFifoThreshold
                0x0800f290       0x7c ./Drivers/STM32H5xx_HAL_Driver/Src/stm32h5xx_hal_uart_ex.o
                0x0800f290                HAL_UARTEx_SetRxFifoThreshold
 .text.UARTEx_SetNbDataToProcess
                0x0800f30c       0x9c ./Drivers/STM32H5xx_HAL_Driver/Src/stm32h5xx_hal_uart_ex.o
 .text.sulp     0x0800f3a8       0x3c C:/ST/STM32CubeIDE_1.19.0/STM32CubeIDE/plugins/com.st.stm32cube.ide.mcu.externaltools.gnu-tools-for-stm32.13.3.rel1.win32_1.0.0.202411081344/tools/bin/../lib/gcc/arm-none-eabi/13.3.1/../../../../arm-none-eabi/lib/thumb/v8-m.main+fp/hard\libc_nano.a(libc_a-strtod.o)
 *fill*         0x0800f3e4        0x4 
 .text._strtod_l
                0x0800f3e8      0xbc8 C:/ST/STM32CubeIDE_1.19.0/STM32CubeIDE/plugins/com.st.stm32cube.ide.mcu.externaltools.gnu-tools-for-stm32.13.3.rel1.win32_1.0.0.202411081344/tools/bin/../lib/gcc/arm-none-eabi/13.3.1/../../../../arm-none-eabi/lib/thumb/v8-m.main+fp/hard\libc_nano.a(libc_a-strtod.o)
                0x0800f3e8                _strtod_l
 .text.strtof   0x0800ffb0       0xc8 C:/ST/STM32CubeIDE_1.19.0/STM32CubeIDE/plugins/com.st.stm32cube.ide.mcu.externaltools.gnu-tools-for-stm32.13.3.rel1.win32_1.0.0.202411081344/tools/bin/../lib/gcc/arm-none-eabi/13.3.1/../../../../arm-none-eabi/lib/thumb/v8-m.main+fp/hard\libc_nano.a(libc_a-strtod.o)
                0x0800ffb0                strtof
 .text._strtol_l.isra.0
                0x08010078       0xf4 C:/ST/STM32CubeIDE_1.19.0/STM32CubeIDE/plugins/com.st.stm32cube.ide.mcu.externaltools.gnu-tools-for-stm32.13.3.rel1.win32_1.0.0.202411081344/tools/bin/../lib/gcc/arm-none-eabi/13.3.1/../../../../arm-none-eabi/lib/thumb/v8-m.main+fp/hard\libc_nano.a(libc_a-strtol.o)
 .text.strtol   0x0801016c       0x14 C:/ST/STM32CubeIDE_1.19.0/STM32CubeIDE/plugins/com.st.stm32cube.ide.mcu.externaltools.gnu-tools-for-stm32.13.3.rel1.win32_1.0.0.202411081344/tools/bin/../lib/gcc/arm-none-eabi/13.3.1/../../../../arm-none-eabi/lib/thumb/v8-m.main+fp/hard\libc_nano.a(libc_a-strtol.o)
                0x0801016c                strtol
 .text.std      0x08010180       0x6c C:/ST/STM32CubeIDE_1.19.0/STM32CubeIDE/plugins/com.st.stm32cube.ide.mcu.externaltools.gnu-tools-for-stm32.13.3.rel1.win32_1.0.0.202411081344/tools/bin/../lib/gcc/arm-none-eabi/13.3.1/../../../../arm-none-eabi/lib/thumb/v8-m.main+fp/hard\libc_nano.a(libc_a-findfp.o)
 .text.stdio_exit_handler
                0x080101ec       0x18 C:/ST/STM32CubeIDE_1.19.0/STM32CubeIDE/plugins/com.st.stm32cube.ide.mcu.externaltools.gnu-tools-for-stm32.13.3.rel1.win32_1.0.0.202411081344/tools/bin/../lib/gcc/arm-none-eabi/13.3.1/../../../../arm-none-eabi/lib/thumb/v8-m.main+fp/hard\libc_nano.a(libc_a-findfp.o)
 .text.cleanup_stdio
                0x08010204       0x40 C:/ST/STM32CubeIDE_1.19.0/STM32CubeIDE/plugins/com.st.stm32cube.ide.mcu.externaltools.gnu-tools-for-stm32.13.3.rel1.win32_1.0.0.202411081344/tools/bin/../lib/gcc/arm-none-eabi/13.3.1/../../../../arm-none-eabi/lib/thumb/v8-m.main+fp/hard\libc_nano.a(libc_a-findfp.o)
 .text.global_stdio_init.part.0
                0x08010244       0x3c C:/ST/STM32CubeIDE_1.19.0/STM32CubeIDE/plugins/com.st.stm32cube.ide.mcu.externaltools.gnu-tools-for-stm32.13.3.rel1.win32_1.0.0.202411081344/tools/bin/../lib/gcc/arm-none-eabi/13.3.1/../../../../arm-none-eabi/lib/thumb/v8-m.main+fp/hard\libc_nano.a(libc_a-findfp.o)
 .text.__sfp_lock_acquire
                0x08010280        0xc C:/ST/STM32CubeIDE_1.19.0/STM32CubeIDE/plugins/com.st.stm32cube.ide.mcu.externaltools.gnu-tools-for-stm32.13.3.rel1.win32_1.0.0.202411081344/tools/bin/../lib/gcc/arm-none-eabi/13.3.1/../../../../arm-none-eabi/lib/thumb/v8-m.main+fp/hard\libc_nano.a(libc_a-findfp.o)
                0x08010280                __sfp_lock_acquire
 .text.__sfp_lock_release
                0x0801028c        0xc C:/ST/STM32CubeIDE_1.19.0/STM32CubeIDE/plugins/com.st.stm32cube.ide.mcu.externaltools.gnu-tools-for-stm32.13.3.rel1.win32_1.0.0.202411081344/tools/bin/../lib/gcc/arm-none-eabi/13.3.1/../../../../arm-none-eabi/lib/thumb/v8-m.main+fp/hard\libc_nano.a(libc_a-findfp.o)
                0x0801028c                __sfp_lock_release
 .text.__sinit  0x08010298       0x30 C:/ST/STM32CubeIDE_1.19.0/STM32CubeIDE/plugins/com.st.stm32cube.ide.mcu.externaltools.gnu-tools-for-stm32.13.3.rel1.win32_1.0.0.202411081344/tools/bin/../lib/gcc/arm-none-eabi/13.3.1/../../../../arm-none-eabi/lib/thumb/v8-m.main+fp/hard\libc_nano.a(libc_a-findfp.o)
                0x08010298                __sinit
 .text._fwalk_sglue
                0x080102c8       0x3c C:/ST/STM32CubeIDE_1.19.0/STM32CubeIDE/plugins/com.st.stm32cube.ide.mcu.externaltools.gnu-tools-for-stm32.13.3.rel1.win32_1.0.0.202411081344/tools/bin/../lib/gcc/arm-none-eabi/13.3.1/../../../../arm-none-eabi/lib/thumb/v8-m.main+fp/hard\libc_nano.a(libc_a-fwalk.o)
                0x080102c8                _fwalk_sglue
 .text.__sread  0x08010304       0x22 C:/ST/STM32CubeIDE_1.19.0/STM32CubeIDE/plugins/com.st.stm32cube.ide.mcu.externaltools.gnu-tools-for-stm32.13.3.rel1.win32_1.0.0.202411081344/tools/bin/../lib/gcc/arm-none-eabi/13.3.1/../../../../arm-none-eabi/lib/thumb/v8-m.main+fp/hard\libc_nano.a(libc_a-stdio.o)
                0x08010304                __sread
 .text.__swrite
                0x08010326       0x38 C:/ST/STM32CubeIDE_1.19.0/STM32CubeIDE/plugins/com.st.stm32cube.ide.mcu.externaltools.gnu-tools-for-stm32.13.3.rel1.win32_1.0.0.202411081344/tools/bin/../lib/gcc/arm-none-eabi/13.3.1/../../../../arm-none-eabi/lib/thumb/v8-m.main+fp/hard\libc_nano.a(libc_a-stdio.o)
                0x08010326                __swrite
 .text.__sseek  0x0801035e       0x24 C:/ST/STM32CubeIDE_1.19.0/STM32CubeIDE/plugins/com.st.stm32cube.ide.mcu.externaltools.gnu-tools-for-stm32.13.3.rel1.win32_1.0.0.202411081344/tools/bin/../lib/gcc/arm-none-eabi/13.3.1/../../../../arm-none-eabi/lib/thumb/v8-m.main+fp/hard\libc_nano.a(libc_a-stdio.o)
                0x0801035e                __sseek
 .text.__sclose
                0x08010382        0x8 C:/ST/STM32CubeIDE_1.19.0/STM32CubeIDE/plugins/com.st.stm32cube.ide.mcu.externaltools.gnu-tools-for-stm32.13.3.rel1.win32_1.0.0.202411081344/tools/bin/../lib/gcc/arm-none-eabi/13.3.1/../../../../arm-none-eabi/lib/thumb/v8-m.main+fp/hard\libc_nano.a(libc_a-stdio.o)
                0x08010382                __sclose
 .text._vsnprintf_r
                0x0801038a       0x5c C:/ST/STM32CubeIDE_1.19.0/STM32CubeIDE/plugins/com.st.stm32cube.ide.mcu.externaltools.gnu-tools-for-stm32.13.3.rel1.win32_1.0.0.202411081344/tools/bin/../lib/gcc/arm-none-eabi/13.3.1/../../../../arm-none-eabi/lib/thumb/v8-m.main+fp/hard\libc_nano.a(libc_a-vsnprintf.o)
                0x0801038a                _vsniprintf_r
                0x0801038a                _vsnprintf_r
 *fill*         0x080103e6        0x2 
 .text.vsnprintf
                0x080103e8       0x1c C:/ST/STM32CubeIDE_1.19.0/STM32CubeIDE/plugins/com.st.stm32cube.ide.mcu.externaltools.gnu-tools-for-stm32.13.3.rel1.win32_1.0.0.202411081344/tools/bin/../lib/gcc/arm-none-eabi/13.3.1/../../../../arm-none-eabi/lib/thumb/v8-m.main+fp/hard\libc_nano.a(libc_a-vsnprintf.o)
                0x080103e8                vsniprintf
                0x080103e8                vsnprintf
 .text.memset   0x08010404       0x10 C:/ST/STM32CubeIDE_1.19.0/STM32CubeIDE/plugins/com.st.stm32cube.ide.mcu.externaltools.gnu-tools-for-stm32.13.3.rel1.win32_1.0.0.202411081344/tools/bin/../lib/gcc/arm-none-eabi/13.3.1/../../../../arm-none-eabi/lib/thumb/v8-m.main+fp/hard\libc_nano.a(libc_a-memset.o)
                0x08010404                memset
 .text.strncmp  0x08010414       0x24 C:/ST/STM32CubeIDE_1.19.0/STM32CubeIDE/plugins/com.st.stm32cube.ide.mcu.externaltools.gnu-tools-for-stm32.13.3.rel1.win32_1.0.0.202411081344/tools/bin/../lib/gcc/arm-none-eabi/13.3.1/../../../../arm-none-eabi/lib/thumb/v8-m.main+fp/hard\libc_nano.a(libc_a-strncmp.o)
                0x08010414                strncmp
 .text.strncpy  0x08010438       0x26 C:/ST/STM32CubeIDE_1.19.0/STM32CubeIDE/plugins/com.st.stm32cube.ide.mcu.externaltools.gnu-tools-for-stm32.13.3.rel1.win32_1.0.0.202411081344/tools/bin/../lib/gcc/arm-none-eabi/13.3.1/../../../../arm-none-eabi/lib/thumb/v8-m.main+fp/hard\libc_nano.a(libc_a-strncpy.o)
                0x08010438                strncpy
 .text.__strtok_r
                0x0801045e       0x50 C:/ST/STM32CubeIDE_1.19.0/STM32CubeIDE/plugins/com.st.stm32cube.ide.mcu.externaltools.gnu-tools-for-stm32.13.3.rel1.win32_1.0.0.202411081344/tools/bin/../lib/gcc/arm-none-eabi/13.3.1/../../../../arm-none-eabi/lib/thumb/v8-m.main+fp/hard\libc_nano.a(libc_a-strtok_r.o)
                0x0801045e                __strtok_r
 .text.strtok_r
                0x080104ae        0x6 C:/ST/STM32CubeIDE_1.19.0/STM32CubeIDE/plugins/com.st.stm32cube.ide.mcu.externaltools.gnu-tools-for-stm32.13.3.rel1.win32_1.0.0.202411081344/tools/bin/../lib/gcc/arm-none-eabi/13.3.1/../../../../arm-none-eabi/lib/thumb/v8-m.main+fp/hard\libc_nano.a(libc_a-strtok_r.o)
                0x080104ae                strtok_r
 .text._close_r
                0x080104b4       0x20 C:/ST/STM32CubeIDE_1.19.0/STM32CubeIDE/plugins/com.st.stm32cube.ide.mcu.externaltools.gnu-tools-for-stm32.13.3.rel1.win32_1.0.0.202411081344/tools/bin/../lib/gcc/arm-none-eabi/13.3.1/../../../../arm-none-eabi/lib/thumb/v8-m.main+fp/hard\libc_nano.a(libc_a-closer.o)
                0x080104b4                _close_r
 .text._lseek_r
                0x080104d4       0x24 C:/ST/STM32CubeIDE_1.19.0/STM32CubeIDE/plugins/com.st.stm32cube.ide.mcu.externaltools.gnu-tools-for-stm32.13.3.rel1.win32_1.0.0.202411081344/tools/bin/../lib/gcc/arm-none-eabi/13.3.1/../../../../arm-none-eabi/lib/thumb/v8-m.main+fp/hard\libc_nano.a(libc_a-lseekr.o)
                0x080104d4                _lseek_r
 .text._read_r  0x080104f8       0x24 C:/ST/STM32CubeIDE_1.19.0/STM32CubeIDE/plugins/com.st.stm32cube.ide.mcu.externaltools.gnu-tools-for-stm32.13.3.rel1.win32_1.0.0.202411081344/tools/bin/../lib/gcc/arm-none-eabi/13.3.1/../../../../arm-none-eabi/lib/thumb/v8-m.main+fp/hard\libc_nano.a(libc_a-readr.o)
                0x080104f8                _read_r
 .text._write_r
                0x0801051c       0x24 C:/ST/STM32CubeIDE_1.19.0/STM32CubeIDE/plugins/com.st.stm32cube.ide.mcu.externaltools.gnu-tools-for-stm32.13.3.rel1.win32_1.0.0.202411081344/tools/bin/../lib/gcc/arm-none-eabi/13.3.1/../../../../arm-none-eabi/lib/thumb/v8-m.main+fp/hard\libc_nano.a(libc_a-writer.o)
                0x0801051c                _write_r
 .text.__errno  0x08010540        0xc C:/ST/STM32CubeIDE_1.19.0/STM32CubeIDE/plugins/com.st.stm32cube.ide.mcu.externaltools.gnu-tools-for-stm32.13.3.rel1.win32_1.0.0.202411081344/tools/bin/../lib/gcc/arm-none-eabi/13.3.1/../../../../arm-none-eabi/lib/thumb/v8-m.main+fp/hard\libc_nano.a(libc_a-errno.o)
                0x08010540                __errno
 .text.__libc_init_array
                0x0801054c       0x48 C:/ST/STM32CubeIDE_1.19.0/STM32CubeIDE/plugins/com.st.stm32cube.ide.mcu.externaltools.gnu-tools-for-stm32.13.3.rel1.win32_1.0.0.202411081344/tools/bin/../lib/gcc/arm-none-eabi/13.3.1/../../../../arm-none-eabi/lib/thumb/v8-m.main+fp/hard\libc_nano.a(libc_a-init.o)
                0x0801054c                __libc_init_array
 .text.__retarget_lock_init_recursive
                0x08010594        0x2 C:/ST/STM32CubeIDE_1.19.0/STM32CubeIDE/plugins/com.st.stm32cube.ide.mcu.externaltools.gnu-tools-for-stm32.13.3.rel1.win32_1.0.0.202411081344/tools/bin/../lib/gcc/arm-none-eabi/13.3.1/../../../../arm-none-eabi/lib/thumb/v8-m.main+fp/hard\libc_nano.a(libc_a-lock.o)
                0x08010594                __retarget_lock_init_recursive
 .text.__retarget_lock_acquire_recursive
                0x08010596        0x2 C:/ST/STM32CubeIDE_1.19.0/STM32CubeIDE/plugins/com.st.stm32cube.ide.mcu.externaltools.gnu-tools-for-stm32.13.3.rel1.win32_1.0.0.202411081344/tools/bin/../lib/gcc/arm-none-eabi/13.3.1/../../../../arm-none-eabi/lib/thumb/v8-m.main+fp/hard\libc_nano.a(libc_a-lock.o)
                0x08010596                __retarget_lock_acquire_recursive
 .text.__retarget_lock_release_recursive
                0x08010598        0x2 C:/ST/STM32CubeIDE_1.19.0/STM32CubeIDE/plugins/com.st.stm32cube.ide.mcu.externaltools.gnu-tools-for-stm32.13.3.rel1.win32_1.0.0.202411081344/tools/bin/../lib/gcc/arm-none-eabi/13.3.1/../../../../arm-none-eabi/lib/thumb/v8-m.main+fp/hard\libc_nano.a(libc_a-lock.o)
                0x08010598                __retarget_lock_release_recursive
 .text.memcpy   0x0801059a       0x1a C:/ST/STM32CubeIDE_1.19.0/STM32CubeIDE/plugins/com.st.stm32cube.ide.mcu.externaltools.gnu-tools-for-stm32.13.3.rel1.win32_1.0.0.202411081344/tools/bin/../lib/gcc/arm-none-eabi/13.3.1/../../../../arm-none-eabi/lib/thumb/v8-m.main+fp/hard\libc_nano.a(libc_a-memcpy-stub.o)
                0x0801059a                memcpy
 *fill*         0x080105b4        0x4 
 .text.nan      0x080105b8       0x10 C:/ST/STM32CubeIDE_1.19.0/STM32CubeIDE/plugins/com.st.stm32cube.ide.mcu.externaltools.gnu-tools-for-stm32.13.3.rel1.win32_1.0.0.202411081344/tools/bin/../lib/gcc/arm-none-eabi/13.3.1/../../../../arm-none-eabi/lib/thumb/v8-m.main+fp/hard\libc_nano.a(libm_a-s_nan.o)
                0x080105b8                nan
 .text.nanf     0x080105c8        0xc C:/ST/STM32CubeIDE_1.19.0/STM32CubeIDE/plugins/com.st.stm32cube.ide.mcu.externaltools.gnu-tools-for-stm32.13.3.rel1.win32_1.0.0.202411081344/tools/bin/../lib/gcc/arm-none-eabi/13.3.1/../../../../arm-none-eabi/lib/thumb/v8-m.main+fp/hard\libc_nano.a(libm_a-sf_nan.o)
                0x080105c8                nanf
 .text._free_r  0x080105d4       0x94 C:/ST/STM32CubeIDE_1.19.0/STM32CubeIDE/plugins/com.st.stm32cube.ide.mcu.externaltools.gnu-tools-for-stm32.13.3.rel1.win32_1.0.0.202411081344/tools/bin/../lib/gcc/arm-none-eabi/13.3.1/../../../../arm-none-eabi/lib/thumb/v8-m.main+fp/hard\libc_nano.a(libc_a-freer.o)
                0x080105d4                _free_r
 .text.rshift   0x08010668       0xa2 C:/ST/STM32CubeIDE_1.19.0/STM32CubeIDE/plugins/com.st.stm32cube.ide.mcu.externaltools.gnu-tools-for-stm32.13.3.rel1.win32_1.0.0.202411081344/tools/bin/../lib/gcc/arm-none-eabi/13.3.1/../../../../arm-none-eabi/lib/thumb/v8-m.main+fp/hard\libc_nano.a(libc_a-gdtoa-gethex.o)
 .text.__hexdig_fun
                0x0801070a       0x2a C:/ST/STM32CubeIDE_1.19.0/STM32CubeIDE/plugins/com.st.stm32cube.ide.mcu.externaltools.gnu-tools-for-stm32.13.3.rel1.win32_1.0.0.202411081344/tools/bin/../lib/gcc/arm-none-eabi/13.3.1/../../../../arm-none-eabi/lib/thumb/v8-m.main+fp/hard\libc_nano.a(libc_a-gdtoa-gethex.o)
                0x0801070a                __hexdig_fun
 .text.__gethex
                0x08010734      0x41c C:/ST/STM32CubeIDE_1.19.0/STM32CubeIDE/plugins/com.st.stm32cube.ide.mcu.externaltools.gnu-tools-for-stm32.13.3.rel1.win32_1.0.0.202411081344/tools/bin/../lib/gcc/arm-none-eabi/13.3.1/../../../../arm-none-eabi/lib/thumb/v8-m.main+fp/hard\libc_nano.a(libc_a-gdtoa-gethex.o)
                0x08010734                __gethex
 .text.L_shift  0x08010b50       0x24 C:/ST/STM32CubeIDE_1.19.0/STM32CubeIDE/plugins/com.st.stm32cube.ide.mcu.externaltools.gnu-tools-for-stm32.13.3.rel1.win32_1.0.0.202411081344/tools/bin/../lib/gcc/arm-none-eabi/13.3.1/../../../../arm-none-eabi/lib/thumb/v8-m.main+fp/hard\libc_nano.a(libc_a-gdtoa-hexnan.o)
 .text.__match  0x08010b74       0x28 C:/ST/STM32CubeIDE_1.19.0/STM32CubeIDE/plugins/com.st.stm32cube.ide.mcu.externaltools.gnu-tools-for-stm32.13.3.rel1.win32_1.0.0.202411081344/tools/bin/../lib/gcc/arm-none-eabi/13.3.1/../../../../arm-none-eabi/lib/thumb/v8-m.main+fp/hard\libc_nano.a(libc_a-gdtoa-hexnan.o)
                0x08010b74                __match
 .text.__hexnan
                0x08010b9c      0x136 C:/ST/STM32CubeIDE_1.19.0/STM32CubeIDE/plugins/com.st.stm32cube.ide.mcu.externaltools.gnu-tools-for-stm32.13.3.rel1.win32_1.0.0.202411081344/tools/bin/../lib/gcc/arm-none-eabi/13.3.1/../../../../arm-none-eabi/lib/thumb/v8-m.main+fp/hard\libc_nano.a(libc_a-gdtoa-hexnan.o)
                0x08010b9c                __hexnan
 *fill*         0x08010cd2        0x2 
 .text.sbrk_aligned
                0x08010cd4       0x44 C:/ST/STM32CubeIDE_1.19.0/STM32CubeIDE/plugins/com.st.stm32cube.ide.mcu.externaltools.gnu-tools-for-stm32.13.3.rel1.win32_1.0.0.202411081344/tools/bin/../lib/gcc/arm-none-eabi/13.3.1/../../../../arm-none-eabi/lib/thumb/v8-m.main+fp/hard\libc_nano.a(libc_a-mallocr.o)
 .text._malloc_r
                0x08010d18      0x100 C:/ST/STM32CubeIDE_1.19.0/STM32CubeIDE/plugins/com.st.stm32cube.ide.mcu.externaltools.gnu-tools-for-stm32.13.3.rel1.win32_1.0.0.202411081344/tools/bin/../lib/gcc/arm-none-eabi/13.3.1/../../../../arm-none-eabi/lib/thumb/v8-m.main+fp/hard\libc_nano.a(libc_a-mallocr.o)
                0x08010d18                _malloc_r
 .text.__ascii_mbtowc
                0x08010e18       0x24 C:/ST/STM32CubeIDE_1.19.0/STM32CubeIDE/plugins/com.st.stm32cube.ide.mcu.externaltools.gnu-tools-for-stm32.13.3.rel1.win32_1.0.0.202411081344/tools/bin/../lib/gcc/arm-none-eabi/13.3.1/../../../../arm-none-eabi/lib/thumb/v8-m.main+fp/hard\libc_nano.a(libc_a-mbtowc_r.o)
                0x08010e18                __ascii_mbtowc
 .text.__malloc_lock
                0x08010e3c        0xc C:/ST/STM32CubeIDE_1.19.0/STM32CubeIDE/plugins/com.st.stm32cube.ide.mcu.externaltools.gnu-tools-for-stm32.13.3.rel1.win32_1.0.0.202411081344/tools/bin/../lib/gcc/arm-none-eabi/13.3.1/../../../../arm-none-eabi/lib/thumb/v8-m.main+fp/hard\libc_nano.a(libc_a-mlock.o)
                0x08010e3c                __malloc_lock
 .text.__malloc_unlock
                0x08010e48        0xc C:/ST/STM32CubeIDE_1.19.0/STM32CubeIDE/plugins/com.st.stm32cube.ide.mcu.externaltools.gnu-tools-for-stm32.13.3.rel1.win32_1.0.0.202411081344/tools/bin/../lib/gcc/arm-none-eabi/13.3.1/../../../../arm-none-eabi/lib/thumb/v8-m.main+fp/hard\libc_nano.a(libc_a-mlock.o)
                0x08010e48                __malloc_unlock
 .text._Balloc  0x08010e54       0x80 C:/ST/STM32CubeIDE_1.19.0/STM32CubeIDE/plugins/com.st.stm32cube.ide.mcu.externaltools.gnu-tools-for-stm32.13.3.rel1.win32_1.0.0.202411081344/tools/bin/../lib/gcc/arm-none-eabi/13.3.1/../../../../arm-none-eabi/lib/thumb/v8-m.main+fp/hard\libc_nano.a(libc_a-mprec.o)
                0x08010e54                _Balloc
 .text._Bfree   0x08010ed4       0x44 C:/ST/STM32CubeIDE_1.19.0/STM32CubeIDE/plugins/com.st.stm32cube.ide.mcu.externaltools.gnu-tools-for-stm32.13.3.rel1.win32_1.0.0.202411081344/tools/bin/../lib/gcc/arm-none-eabi/13.3.1/../../../../arm-none-eabi/lib/thumb/v8-m.main+fp/hard\libc_nano.a(libc_a-mprec.o)
                0x08010ed4                _Bfree
 .text.__multadd
                0x08010f18       0x90 C:/ST/STM32CubeIDE_1.19.0/STM32CubeIDE/plugins/com.st.stm32cube.ide.mcu.externaltools.gnu-tools-for-stm32.13.3.rel1.win32_1.0.0.202411081344/tools/bin/../lib/gcc/arm-none-eabi/13.3.1/../../../../arm-none-eabi/lib/thumb/v8-m.main+fp/hard\libc_nano.a(libc_a-mprec.o)
                0x08010f18                __multadd
 .text.__s2b    0x08010fa8       0x94 C:/ST/STM32CubeIDE_1.19.0/STM32CubeIDE/plugins/com.st.stm32cube.ide.mcu.externaltools.gnu-tools-for-stm32.13.3.rel1.win32_1.0.0.202411081344/tools/bin/../lib/gcc/arm-none-eabi/13.3.1/../../../../arm-none-eabi/lib/thumb/v8-m.main+fp/hard\libc_nano.a(libc_a-mprec.o)
                0x08010fa8                __s2b
 .text.__hi0bits
                0x0801103c       0x3e C:/ST/STM32CubeIDE_1.19.0/STM32CubeIDE/plugins/com.st.stm32cube.ide.mcu.externaltools.gnu-tools-for-stm32.13.3.rel1.win32_1.0.0.202411081344/tools/bin/../lib/gcc/arm-none-eabi/13.3.1/../../../../arm-none-eabi/lib/thumb/v8-m.main+fp/hard\libc_nano.a(libc_a-mprec.o)
                0x0801103c                __hi0bits
 .text.__lo0bits
                0x0801107a       0x5a C:/ST/STM32CubeIDE_1.19.0/STM32CubeIDE/plugins/com.st.stm32cube.ide.mcu.externaltools.gnu-tools-for-stm32.13.3.rel1.win32_1.0.0.202411081344/tools/bin/../lib/gcc/arm-none-eabi/13.3.1/../../../../arm-none-eabi/lib/thumb/v8-m.main+fp/hard\libc_nano.a(libc_a-mprec.o)
                0x0801107a                __lo0bits
 .text.__i2b    0x080110d4       0x2c C:/ST/STM32CubeIDE_1.19.0/STM32CubeIDE/plugins/com.st.stm32cube.ide.mcu.externaltools.gnu-tools-for-stm32.13.3.rel1.win32_1.0.0.202411081344/tools/bin/../lib/gcc/arm-none-eabi/13.3.1/../../../../arm-none-eabi/lib/thumb/v8-m.main+fp/hard\libc_nano.a(libc_a-mprec.o)
                0x080110d4                __i2b
 .text.__multiply
                0x08011100      0x148 C:/ST/STM32CubeIDE_1.19.0/STM32CubeIDE/plugins/com.st.stm32cube.ide.mcu.externaltools.gnu-tools-for-stm32.13.3.rel1.win32_1.0.0.202411081344/tools/bin/../lib/gcc/arm-none-eabi/13.3.1/../../../../arm-none-eabi/lib/thumb/v8-m.main+fp/hard\libc_nano.a(libc_a-mprec.o)
                0x08011100                __multiply
 .text.__pow5mult
                0x08011248       0xb4 C:/ST/STM32CubeIDE_1.19.0/STM32CubeIDE/plugins/com.st.stm32cube.ide.mcu.externaltools.gnu-tools-for-stm32.13.3.rel1.win32_1.0.0.202411081344/tools/bin/../lib/gcc/arm-none-eabi/13.3.1/../../../../arm-none-eabi/lib/thumb/v8-m.main+fp/hard\libc_nano.a(libc_a-mprec.o)
                0x08011248                __pow5mult
 .text.__lshift
                0x080112fc       0xd8 C:/ST/STM32CubeIDE_1.19.0/STM32CubeIDE/plugins/com.st.stm32cube.ide.mcu.externaltools.gnu-tools-for-stm32.13.3.rel1.win32_1.0.0.202411081344/tools/bin/../lib/gcc/arm-none-eabi/13.3.1/../../../../arm-none-eabi/lib/thumb/v8-m.main+fp/hard\libc_nano.a(libc_a-mprec.o)
                0x080112fc                __lshift
 .text.__mcmp   0x080113d4       0x36 C:/ST/STM32CubeIDE_1.19.0/STM32CubeIDE/plugins/com.st.stm32cube.ide.mcu.externaltools.gnu-tools-for-stm32.13.3.rel1.win32_1.0.0.202411081344/tools/bin/../lib/gcc/arm-none-eabi/13.3.1/../../../../arm-none-eabi/lib/thumb/v8-m.main+fp/hard\libc_nano.a(libc_a-mprec.o)
                0x080113d4                __mcmp
 *fill*         0x0801140a        0x2 
 .text.__mdiff  0x0801140c      0x130 C:/ST/STM32CubeIDE_1.19.0/STM32CubeIDE/plugins/com.st.stm32cube.ide.mcu.externaltools.gnu-tools-for-stm32.13.3.rel1.win32_1.0.0.202411081344/tools/bin/../lib/gcc/arm-none-eabi/13.3.1/../../../../arm-none-eabi/lib/thumb/v8-m.main+fp/hard\libc_nano.a(libc_a-mprec.o)
                0x0801140c                __mdiff
 .text.__ulp    0x0801153c       0x4c C:/ST/STM32CubeIDE_1.19.0/STM32CubeIDE/plugins/com.st.stm32cube.ide.mcu.externaltools.gnu-tools-for-stm32.13.3.rel1.win32_1.0.0.202411081344/tools/bin/../lib/gcc/arm-none-eabi/13.3.1/../../../../arm-none-eabi/lib/thumb/v8-m.main+fp/hard\libc_nano.a(libc_a-mprec.o)
                0x0801153c                __ulp
 .text.__b2d    0x08011588       0x9c C:/ST/STM32CubeIDE_1.19.0/STM32CubeIDE/plugins/com.st.stm32cube.ide.mcu.externaltools.gnu-tools-for-stm32.13.3.rel1.win32_1.0.0.202411081344/tools/bin/../lib/gcc/arm-none-eabi/13.3.1/../../../../arm-none-eabi/lib/thumb/v8-m.main+fp/hard\libc_nano.a(libc_a-mprec.o)
                0x08011588                __b2d
 .text.__d2b    0x08011624       0xb0 C:/ST/STM32CubeIDE_1.19.0/STM32CubeIDE/plugins/com.st.stm32cube.ide.mcu.externaltools.gnu-tools-for-stm32.13.3.rel1.win32_1.0.0.202411081344/tools/bin/../lib/gcc/arm-none-eabi/13.3.1/../../../../arm-none-eabi/lib/thumb/v8-m.main+fp/hard\libc_nano.a(libc_a-mprec.o)
                0x08011624                __d2b
 .text.__ratio  0x080116d4       0x64 C:/ST/STM32CubeIDE_1.19.0/STM32CubeIDE/plugins/com.st.stm32cube.ide.mcu.externaltools.gnu-tools-for-stm32.13.3.rel1.win32_1.0.0.202411081344/tools/bin/../lib/gcc/arm-none-eabi/13.3.1/../../../../arm-none-eabi/lib/thumb/v8-m.main+fp/hard\libc_nano.a(libc_a-mprec.o)
                0x080116d4                __ratio
 .text.__copybits
                0x08011738       0x46 C:/ST/STM32CubeIDE_1.19.0/STM32CubeIDE/plugins/com.st.stm32cube.ide.mcu.externaltools.gnu-tools-for-stm32.13.3.rel1.win32_1.0.0.202411081344/tools/bin/../lib/gcc/arm-none-eabi/13.3.1/../../../../arm-none-eabi/lib/thumb/v8-m.main+fp/hard\libc_nano.a(libc_a-mprec.o)
                0x08011738                __copybits
 .text.__any_on
                0x0801177e       0x42 C:/ST/STM32CubeIDE_1.19.0/STM32CubeIDE/plugins/com.st.stm32cube.ide.mcu.externaltools.gnu-tools-for-stm32.13.3.rel1.win32_1.0.0.202411081344/tools/bin/../lib/gcc/arm-none-eabi/13.3.1/../../../../arm-none-eabi/lib/thumb/v8-m.main+fp/hard\libc_nano.a(libc_a-mprec.o)
                0x0801177e                __any_on
 .text.__ascii_wctomb
                0x080117c0       0x1a C:/ST/STM32CubeIDE_1.19.0/STM32CubeIDE/plugins/com.st.stm32cube.ide.mcu.externaltools.gnu-tools-for-stm32.13.3.rel1.win32_1.0.0.202411081344/tools/bin/../lib/gcc/arm-none-eabi/13.3.1/../../../../arm-none-eabi/lib/thumb/v8-m.main+fp/hard\libc_nano.a(libc_a-wctomb_r.o)
                0x080117c0                __ascii_wctomb
 .text.__ssputs_r
                0x080117da       0xb6 C:/ST/STM32CubeIDE_1.19.0/STM32CubeIDE/plugins/com.st.stm32cube.ide.mcu.externaltools.gnu-tools-for-stm32.13.3.rel1.win32_1.0.0.202411081344/tools/bin/../lib/gcc/arm-none-eabi/13.3.1/../../../../arm-none-eabi/lib/thumb/v8-m.main+fp/hard\libc_nano.a(libc_a-nano-svfprintf.o)
                0x080117da                __ssputs_r
 .text._svfprintf_r
                0x08011890      0x1f8 C:/ST/STM32CubeIDE_1.19.0/STM32CubeIDE/plugins/com.st.stm32cube.ide.mcu.externaltools.gnu-tools-for-stm32.13.3.rel1.win32_1.0.0.202411081344/tools/bin/../lib/gcc/arm-none-eabi/13.3.1/../../../../arm-none-eabi/lib/thumb/v8-m.main+fp/hard\libc_nano.a(libc_a-nano-svfprintf.o)
                0x08011890                _svfiprintf_r
                0x08011890                _svfprintf_r
 .text._printf_common
                0x08011a88       0xe4 C:/ST/STM32CubeIDE_1.19.0/STM32CubeIDE/plugins/com.st.stm32cube.ide.mcu.externaltools.gnu-tools-for-stm32.13.3.rel1.win32_1.0.0.202411081344/tools/bin/../lib/gcc/arm-none-eabi/13.3.1/../../../../arm-none-eabi/lib/thumb/v8-m.main+fp/hard\libc_nano.a(libc_a-nano-vfprintf_i.o)
                0x08011a88                _printf_common
 .text._printf_i
                0x08011b6c      0x23c C:/ST/STM32CubeIDE_1.19.0/STM32CubeIDE/plugins/com.st.stm32cube.ide.mcu.externaltools.gnu-tools-for-stm32.13.3.rel1.win32_1.0.0.202411081344/tools/bin/../lib/gcc/arm-none-eabi/13.3.1/../../../../arm-none-eabi/lib/thumb/v8-m.main+fp/hard\libc_nano.a(libc_a-nano-vfprintf_i.o)
                0x08011b6c                _printf_i
 .text.__sflush_r
                0x08011da8      0x108 C:/ST/STM32CubeIDE_1.19.0/STM32CubeIDE/plugins/com.st.stm32cube.ide.mcu.externaltools.gnu-tools-for-stm32.13.3.rel1.win32_1.0.0.202411081344/tools/bin/../lib/gcc/arm-none-eabi/13.3.1/../../../../arm-none-eabi/lib/thumb/v8-m.main+fp/hard\libc_nano.a(libc_a-fflush.o)
                0x08011da8                __sflush_r
 .text._fflush_r
                0x08011eb0       0x50 C:/ST/STM32CubeIDE_1.19.0/STM32CubeIDE/plugins/com.st.stm32cube.ide.mcu.externaltools.gnu-tools-for-stm32.13.3.rel1.win32_1.0.0.202411081344/tools/bin/../lib/gcc/arm-none-eabi/13.3.1/../../../../arm-none-eabi/lib/thumb/v8-m.main+fp/hard\libc_nano.a(libc_a-fflush.o)
                0x08011eb0                _fflush_r
 .text.memmove  0x08011f00       0x34 C:/ST/STM32CubeIDE_1.19.0/STM32CubeIDE/plugins/com.st.stm32cube.ide.mcu.externaltools.gnu-tools-for-stm32.13.3.rel1.win32_1.0.0.202411081344/tools/bin/../lib/gcc/arm-none-eabi/13.3.1/../../../../arm-none-eabi/lib/thumb/v8-m.main+fp/hard\libc_nano.a(libc_a-memmove.o)
                0x08011f00                memmove
 .text._sbrk_r  0x08011f34       0x20 C:/ST/STM32CubeIDE_1.19.0/STM32CubeIDE/plugins/com.st.stm32cube.ide.mcu.externaltools.gnu-tools-for-stm32.13.3.rel1.win32_1.0.0.202411081344/tools/bin/../lib/gcc/arm-none-eabi/13.3.1/../../../../arm-none-eabi/lib/thumb/v8-m.main+fp/hard\libc_nano.a(libc_a-sbrkr.o)
                0x08011f34                _sbrk_r
 .text.memchr   0x08011f54       0x1c C:/ST/STM32CubeIDE_1.19.0/STM32CubeIDE/plugins/com.st.stm32cube.ide.mcu.externaltools.gnu-tools-for-stm32.13.3.rel1.win32_1.0.0.202411081344/tools/bin/../lib/gcc/arm-none-eabi/13.3.1/../../../../arm-none-eabi/lib/thumb/v8-m.main+fp/hard\libc_nano.a(libc_a-memchr-stub.o)
                0x08011f54                memchr
 .text.__assert_func
                0x08011f70       0x3c C:/ST/STM32CubeIDE_1.19.0/STM32CubeIDE/plugins/com.st.stm32cube.ide.mcu.externaltools.gnu-tools-for-stm32.13.3.rel1.win32_1.0.0.202411081344/tools/bin/../lib/gcc/arm-none-eabi/13.3.1/../../../../arm-none-eabi/lib/thumb/v8-m.main+fp/hard\libc_nano.a(libc_a-assert.o)
                0x08011f70                __assert_func
 .text._calloc_r
                0x08011fac       0x28 C:/ST/STM32CubeIDE_1.19.0/STM32CubeIDE/plugins/com.st.stm32cube.ide.mcu.externaltools.gnu-tools-for-stm32.13.3.rel1.win32_1.0.0.202411081344/tools/bin/../lib/gcc/arm-none-eabi/13.3.1/../../../../arm-none-eabi/lib/thumb/v8-m.main+fp/hard\libc_nano.a(libc_a-callocr.o)
                0x08011fac                _calloc_r
 .text.malloc   0x08011fd4       0x10 C:/ST/STM32CubeIDE_1.19.0/STM32CubeIDE/plugins/com.st.stm32cube.ide.mcu.externaltools.gnu-tools-for-stm32.13.3.rel1.win32_1.0.0.202411081344/tools/bin/../lib/gcc/arm-none-eabi/13.3.1/../../../../arm-none-eabi/lib/thumb/v8-m.main+fp/hard\libc_nano.a(libc_a-malloc.o)
                0x08011fd4                malloc
 .text._realloc_r
                0x08011fe4       0x5c C:/ST/STM32CubeIDE_1.19.0/STM32CubeIDE/plugins/com.st.stm32cube.ide.mcu.externaltools.gnu-tools-for-stm32.13.3.rel1.win32_1.0.0.202411081344/tools/bin/../lib/gcc/arm-none-eabi/13.3.1/../../../../arm-none-eabi/lib/thumb/v8-m.main+fp/hard\libc_nano.a(libc_a-reallocr.o)
                0x08011fe4                _realloc_r
 .text.fprintf  0x08012040       0x24 C:/ST/STM32CubeIDE_1.19.0/STM32CubeIDE/plugins/com.st.stm32cube.ide.mcu.externaltools.gnu-tools-for-stm32.13.3.rel1.win32_1.0.0.202411081344/tools/bin/../lib/gcc/arm-none-eabi/13.3.1/../../../../arm-none-eabi/lib/thumb/v8-m.main+fp/hard\libc_nano.a(libc_a-fprintf.o)
                0x08012040                fiprintf
                0x08012040                fprintf
 .text.abort    0x08012064        0xe C:/ST/STM32CubeIDE_1.19.0/STM32CubeIDE/plugins/com.st.stm32cube.ide.mcu.externaltools.gnu-tools-for-stm32.13.3.rel1.win32_1.0.0.202411081344/tools/bin/../lib/gcc/arm-none-eabi/13.3.1/../../../../arm-none-eabi/lib/thumb/v8-m.main+fp/hard\libc_nano.a(libc_a-abort.o)
                0x08012064                abort
 .text._malloc_usable_size_r
                0x08012072       0x10 C:/ST/STM32CubeIDE_1.19.0/STM32CubeIDE/plugins/com.st.stm32cube.ide.mcu.externaltools.gnu-tools-for-stm32.13.3.rel1.win32_1.0.0.202411081344/tools/bin/../lib/gcc/arm-none-eabi/13.3.1/../../../../arm-none-eabi/lib/thumb/v8-m.main+fp/hard\libc_nano.a(libc_a-msizer.o)
                0x08012072                _malloc_usable_size_r
 .text.__sfputc_r
                0x08012082       0x2e C:/ST/STM32CubeIDE_1.19.0/STM32CubeIDE/plugins/com.st.stm32cube.ide.mcu.externaltools.gnu-tools-for-stm32.13.3.rel1.win32_1.0.0.202411081344/tools/bin/../lib/gcc/arm-none-eabi/13.3.1/../../../../arm-none-eabi/lib/thumb/v8-m.main+fp/hard\libc_nano.a(libc_a-nano-vfprintf.o)
 .text.__sfputs_r
                0x080120b0       0x24 C:/ST/STM32CubeIDE_1.19.0/STM32CubeIDE/plugins/com.st.stm32cube.ide.mcu.externaltools.gnu-tools-for-stm32.13.3.rel1.win32_1.0.0.202411081344/tools/bin/../lib/gcc/arm-none-eabi/13.3.1/../../../../arm-none-eabi/lib/thumb/v8-m.main+fp/hard\libc_nano.a(libc_a-nano-vfprintf.o)
                0x080120b0                __sfputs_r
 .text._vfprintf_r
                0x080120d4      0x230 C:/ST/STM32CubeIDE_1.19.0/STM32CubeIDE/plugins/com.st.stm32cube.ide.mcu.externaltools.gnu-tools-for-stm32.13.3.rel1.win32_1.0.0.202411081344/tools/bin/../lib/gcc/arm-none-eabi/13.3.1/../../../../arm-none-eabi/lib/thumb/v8-m.main+fp/hard\libc_nano.a(libc_a-nano-vfprintf.o)
                0x080120d4                _vfprintf_r
                0x080120d4                _vfiprintf_r
 .text.__swbuf_r
                0x08012304       0x7c C:/ST/STM32CubeIDE_1.19.0/STM32CubeIDE/plugins/com.st.stm32cube.ide.mcu.externaltools.gnu-tools-for-stm32.13.3.rel1.win32_1.0.0.202411081344/tools/bin/../lib/gcc/arm-none-eabi/13.3.1/../../../../arm-none-eabi/lib/thumb/v8-m.main+fp/hard\libc_nano.a(libc_a-wbuf.o)
                0x08012304                __swbuf_r
 .text.__swsetup_r
                0x08012380       0xac C:/ST/STM32CubeIDE_1.19.0/STM32CubeIDE/plugins/com.st.stm32cube.ide.mcu.externaltools.gnu-tools-for-stm32.13.3.rel1.win32_1.0.0.202411081344/tools/bin/../lib/gcc/arm-none-eabi/13.3.1/../../../../arm-none-eabi/lib/thumb/v8-m.main+fp/hard\libc_nano.a(libc_a-wsetup.o)
                0x08012380                __swsetup_r
 .text._raise_r
                0x0801242c       0x50 C:/ST/STM32CubeIDE_1.19.0/STM32CubeIDE/plugins/com.st.stm32cube.ide.mcu.externaltools.gnu-tools-for-stm32.13.3.rel1.win32_1.0.0.202411081344/tools/bin/../lib/gcc/arm-none-eabi/13.3.1/../../../../arm-none-eabi/lib/thumb/v8-m.main+fp/hard\libc_nano.a(libc_a-signal.o)
                0x0801242c                _raise_r
 .text.raise    0x0801247c       0x10 C:/ST/STM32CubeIDE_1.19.0/STM32CubeIDE/plugins/com.st.stm32cube.ide.mcu.externaltools.gnu-tools-for-stm32.13.3.rel1.win32_1.0.0.202411081344/tools/bin/../lib/gcc/arm-none-eabi/13.3.1/../../../../arm-none-eabi/lib/thumb/v8-m.main+fp/hard\libc_nano.a(libc_a-signal.o)
                0x0801247c                raise
 .text._kill_r  0x0801248c       0x24 C:/ST/STM32CubeIDE_1.19.0/STM32CubeIDE/plugins/com.st.stm32cube.ide.mcu.externaltools.gnu-tools-for-stm32.13.3.rel1.win32_1.0.0.202411081344/tools/bin/../lib/gcc/arm-none-eabi/13.3.1/../../../../arm-none-eabi/lib/thumb/v8-m.main+fp/hard\libc_nano.a(libc_a-signalr.o)
                0x0801248c                _kill_r
 .text._getpid_r
                0x080124b0        0x4 C:/ST/STM32CubeIDE_1.19.0/STM32CubeIDE/plugins/com.st.stm32cube.ide.mcu.externaltools.gnu-tools-for-stm32.13.3.rel1.win32_1.0.0.202411081344/tools/bin/../lib/gcc/arm-none-eabi/13.3.1/../../../../arm-none-eabi/lib/thumb/v8-m.main+fp/hard\libc_nano.a(libc_a-signalr.o)
                0x080124b0                _getpid_r
 .text.__swhatbuf_r
                0x080124b4       0x4a C:/ST/STM32CubeIDE_1.19.0/STM32CubeIDE/plugins/com.st.stm32cube.ide.mcu.externaltools.gnu-tools-for-stm32.13.3.rel1.win32_1.0.0.202411081344/tools/bin/../lib/gcc/arm-none-eabi/13.3.1/../../../../arm-none-eabi/lib/thumb/v8-m.main+fp/hard\libc_nano.a(libc_a-makebuf.o)
                0x080124b4                __swhatbuf_r
 .text.__smakebuf_r
                0x080124fe       0x78 C:/ST/STM32CubeIDE_1.19.0/STM32CubeIDE/plugins/com.st.stm32cube.ide.mcu.externaltools.gnu-tools-for-stm32.13.3.rel1.win32_1.0.0.202411081344/tools/bin/../lib/gcc/arm-none-eabi/13.3.1/../../../../arm-none-eabi/lib/thumb/v8-m.main+fp/hard\libc_nano.a(libc_a-makebuf.o)
                0x080124fe                __smakebuf_r
 *fill*         0x08012576        0x2 
 .text._fstat_r
                0x08012578       0x24 C:/ST/STM32CubeIDE_1.19.0/STM32CubeIDE/plugins/com.st.stm32cube.ide.mcu.externaltools.gnu-tools-for-stm32.13.3.rel1.win32_1.0.0.202411081344/tools/bin/../lib/gcc/arm-none-eabi/13.3.1/../../../../arm-none-eabi/lib/thumb/v8-m.main+fp/hard\libc_nano.a(libc_a-fstatr.o)
                0x08012578                _fstat_r
 .text._isatty_r
                0x0801259c       0x20 C:/ST/STM32CubeIDE_1.19.0/STM32CubeIDE/plugins/com.st.stm32cube.ide.mcu.externaltools.gnu-tools-for-stm32.13.3.rel1.win32_1.0.0.202411081344/tools/bin/../lib/gcc/arm-none-eabi/13.3.1/../../../../arm-none-eabi/lib/thumb/v8-m.main+fp/hard\libc_nano.a(libc_a-isattyr.o)
                0x0801259c                _isatty_r
 *(.glue_7)
 .glue_7        0x080125bc        0x0 linker stubs
 *(.glue_7t)
 .glue_7t       0x080125bc        0x0 linker stubs
 *(.eh_frame)
 .eh_frame      0x080125bc        0x0 C:/ST/STM32CubeIDE_1.19.0/STM32CubeIDE/plugins/com.st.stm32cube.ide.mcu.externaltools.gnu-tools-for-stm32.13.3.rel1.win32_1.0.0.202411081344/tools/bin/../lib/gcc/arm-none-eabi/13.3.1/thumb/v8-m.main+fp/hard/crtbegin.o
 *(.init)
 .init          0x080125bc        0x4 C:/ST/STM32CubeIDE_1.19.0/STM32CubeIDE/plugins/com.st.stm32cube.ide.mcu.externaltools.gnu-tools-for-stm32.13.3.rel1.win32_1.0.0.202411081344/tools/bin/../lib/gcc/arm-none-eabi/13.3.1/thumb/v8-m.main+fp/hard/crti.o
                0x080125bc                _init
 .init          0x080125c0        0x8 C:/ST/STM32CubeIDE_1.19.0/STM32CubeIDE/plugins/com.st.stm32cube.ide.mcu.externaltools.gnu-tools-for-stm32.13.3.rel1.win32_1.0.0.202411081344/tools/bin/../lib/gcc/arm-none-eabi/13.3.1/thumb/v8-m.main+fp/hard/crtn.o
 *(.fini)
 .fini          0x080125c8        0x4 C:/ST/STM32CubeIDE_1.19.0/STM32CubeIDE/plugins/com.st.stm32cube.ide.mcu.externaltools.gnu-tools-for-stm32.13.3.rel1.win32_1.0.0.202411081344/tools/bin/../lib/gcc/arm-none-eabi/13.3.1/thumb/v8-m.main+fp/hard/crti.o
                0x080125c8                _fini
 .fini          0x080125cc        0x8 C:/ST/STM32CubeIDE_1.19.0/STM32CubeIDE/plugins/com.st.stm32cube.ide.mcu.externaltools.gnu-tools-for-stm32.13.3.rel1.win32_1.0.0.202411081344/tools/bin/../lib/gcc/arm-none-eabi/13.3.1/thumb/v8-m.main+fp/hard/crtn.o
                0x080125d4                        . = ALIGN (0x4)
                0x080125d4                        _etext = .

.vfp11_veneer   0x080125d4        0x0
 .vfp11_veneer  0x080125d4        0x0 linker stubs

.v4_bx          0x080125d4        0x0
 .v4_bx         0x080125d4        0x0 linker stubs

.iplt           0x080125d4        0x0
 .iplt          0x080125d4        0x0 C:/ST/STM32CubeIDE_1.19.0/STM32CubeIDE/plugins/com.st.stm32cube.ide.mcu.externaltools.gnu-tools-for-stm32.13.3.rel1.win32_1.0.0.202411081344/tools/bin/../lib/gcc/arm-none-eabi/13.3.1/thumb/v8-m.main+fp/hard/crtbegin.o

.rodata         0x080125d8      0x9a0
                0x080125d8                        . = ALIGN (0x4)
 *(.rodata)
 .rodata        0x080125d8       0xb1 ./Core/Src/cli.o
 *fill*         0x08012689        0x3 
 .rodata        0x0801268c      0x308 ./Core/Src/main.o
 *(.rodata*)
 .rodata.AHBPrescTable
                0x08012994       0x10 ./Core/Src/system_stm32h5xx.o
                0x08012994                AHBPrescTable
 .rodata.APBPrescTable
                0x080129a4        0x8 ./Core/Src/system_stm32h5xx.o
                0x080129a4                APBPrescTable
 .rodata.Font5x7
                0x080129ac      0x1db ./Core/Src/driver/ssd1306.o
 *fill*         0x08012b87        0x1 
 .rodata.DLCtoBytes
                0x08012b88       0x10 ./Drivers/STM32H5xx_HAL_Driver/Src/stm32h5xx_hal_fdcan.o
 .rodata.UARTPrescTable
                0x08012b98       0x18 ./Drivers/STM32H5xx_HAL_Driver/Src/stm32h5xx_hal_uart.o
                0x08012b98                UARTPrescTable
 .rodata.numerator.1
                0x08012bb0        0x8 ./Drivers/STM32H5xx_HAL_Driver/Src/stm32h5xx_hal_uart_ex.o
 .rodata.denominator.0
                0x08012bb8        0x8 ./Drivers/STM32H5xx_HAL_Driver/Src/stm32h5xx_hal_uart_ex.o
 .rodata._strtod_l.str1.1
                0x08012bc0      0x166 C:/ST/STM32CubeIDE_1.19.0/STM32CubeIDE/plugins/com.st.stm32cube.ide.mcu.externaltools.gnu-tools-for-stm32.13.3.rel1.win32_1.0.0.202411081344/tools/bin/../lib/gcc/arm-none-eabi/13.3.1/../../../../arm-none-eabi/lib/thumb/v8-m.main+fp/hard\libc_nano.a(libc_a-strtod.o)
                                  0xf (size before relaxing)
 *fill*         0x08012d26        0x2 
 .rodata.fpinan.0
                0x08012d28       0x14 C:/ST/STM32CubeIDE_1.19.0/STM32CubeIDE/plugins/com.st.stm32cube.ide.mcu.externaltools.gnu-tools-for-stm32.13.3.rel1.win32_1.0.0.202411081344/tools/bin/../lib/gcc/arm-none-eabi/13.3.1/../../../../arm-none-eabi/lib/thumb/v8-m.main+fp/hard\libc_nano.a(libc_a-strtod.o)
 .rodata.fpi.1  0x08012d3c       0x14 C:/ST/STM32CubeIDE_1.19.0/STM32CubeIDE/plugins/com.st.stm32cube.ide.mcu.externaltools.gnu-tools-for-stm32.13.3.rel1.win32_1.0.0.202411081344/tools/bin/../lib/gcc/arm-none-eabi/13.3.1/../../../../arm-none-eabi/lib/thumb/v8-m.main+fp/hard\libc_nano.a(libc_a-strtod.o)
 .rodata.tinytens
                0x08012d50       0x28 C:/ST/STM32CubeIDE_1.19.0/STM32CubeIDE/plugins/com.st.stm32cube.ide.mcu.externaltools.gnu-tools-for-stm32.13.3.rel1.win32_1.0.0.202411081344/tools/bin/../lib/gcc/arm-none-eabi/13.3.1/../../../../arm-none-eabi/lib/thumb/v8-m.main+fp/hard\libc_nano.a(libc_a-strtod.o)
 .rodata._ctype_
                0x08012d78      0x101 C:/ST/STM32CubeIDE_1.19.0/STM32CubeIDE/plugins/com.st.stm32cube.ide.mcu.externaltools.gnu-tools-for-stm32.13.3.rel1.win32_1.0.0.202411081344/tools/bin/../lib/gcc/arm-none-eabi/13.3.1/../../../../arm-none-eabi/lib/thumb/v8-m.main+fp/hard\libc_nano.a(libc_a-ctype_.o)
                0x08012d78                _ctype_
 .rodata._setlocale_r.str1.1
                0x08012e79        0x9 C:/ST/STM32CubeIDE_1.19.0/STM32CubeIDE/plugins/com.st.stm32cube.ide.mcu.externaltools.gnu-tools-for-stm32.13.3.rel1.win32_1.0.0.202411081344/tools/bin/../lib/gcc/arm-none-eabi/13.3.1/../../../../arm-none-eabi/lib/thumb/v8-m.main+fp/hard\libc_nano.a(libc_a-locale.o)
 .rodata.str1.1
                0x08012e79        0x2 C:/ST/STM32CubeIDE_1.19.0/STM32CubeIDE/plugins/com.st.stm32cube.ide.mcu.externaltools.gnu-tools-for-stm32.13.3.rel1.win32_1.0.0.202411081344/tools/bin/../lib/gcc/arm-none-eabi/13.3.1/../../../../arm-none-eabi/lib/thumb/v8-m.main+fp/hard\libc_nano.a(libc_a-locale.o)
 .rodata.__gethex.str1.1
                0x08012e79       0x73 C:/ST/STM32CubeIDE_1.19.0/STM32CubeIDE/plugins/com.st.stm32cube.ide.mcu.externaltools.gnu-tools-for-stm32.13.3.rel1.win32_1.0.0.202411081344/tools/bin/../lib/gcc/arm-none-eabi/13.3.1/../../../../arm-none-eabi/lib/thumb/v8-m.main+fp/hard\libc_nano.a(libc_a-gdtoa-gethex.o)
 .rodata._Balloc.str1.1
                0x08012e79       0x70 C:/ST/STM32CubeIDE_1.19.0/STM32CubeIDE/plugins/com.st.stm32cube.ide.mcu.externaltools.gnu-tools-for-stm32.13.3.rel1.win32_1.0.0.202411081344/tools/bin/../lib/gcc/arm-none-eabi/13.3.1/../../../../arm-none-eabi/lib/thumb/v8-m.main+fp/hard\libc_nano.a(libc_a-mprec.o)
 .rodata.__multadd.str1.1
                0x08012e79       0x11 C:/ST/STM32CubeIDE_1.19.0/STM32CubeIDE/plugins/com.st.stm32cube.ide.mcu.externaltools.gnu-tools-for-stm32.13.3.rel1.win32_1.0.0.202411081344/tools/bin/../lib/gcc/arm-none-eabi/13.3.1/../../../../arm-none-eabi/lib/thumb/v8-m.main+fp/hard\libc_nano.a(libc_a-mprec.o)
 *fill*         0x08012e79        0x3 
 .rodata.p05.0  0x08012e7c        0xc C:/ST/STM32CubeIDE_1.19.0/STM32CubeIDE/plugins/com.st.stm32cube.ide.mcu.externaltools.gnu-tools-for-stm32.13.3.rel1.win32_1.0.0.202411081344/tools/bin/../lib/gcc/arm-none-eabi/13.3.1/../../../../arm-none-eabi/lib/thumb/v8-m.main+fp/hard\libc_nano.a(libc_a-mprec.o)
 .rodata.__mprec_bigtens
                0x08012e88       0x28 C:/ST/STM32CubeIDE_1.19.0/STM32CubeIDE/plugins/com.st.stm32cube.ide.mcu.externaltools.gnu-tools-for-stm32.13.3.rel1.win32_1.0.0.202411081344/tools/bin/../lib/gcc/arm-none-eabi/13.3.1/../../../../arm-none-eabi/lib/thumb/v8-m.main+fp/hard\libc_nano.a(libc_a-mprec.o)
                0x08012e88                __mprec_bigtens
 .rodata.__mprec_tens
                0x08012eb0       0xc8 C:/ST/STM32CubeIDE_1.19.0/STM32CubeIDE/plugins/com.st.stm32cube.ide.mcu.externaltools.gnu-tools-for-stm32.13.3.rel1.win32_1.0.0.202411081344/tools/bin/../lib/gcc/arm-none-eabi/13.3.1/../../../../arm-none-eabi/lib/thumb/v8-m.main+fp/hard\libc_nano.a(libc_a-mprec.o)
                0x08012eb0                __mprec_tens
 .rodata._svfprintf_r.str1.1
                0x08012f78       0x11 C:/ST/STM32CubeIDE_1.19.0/STM32CubeIDE/plugins/com.st.stm32cube.ide.mcu.externaltools.gnu-tools-for-stm32.13.3.rel1.win32_1.0.0.202411081344/tools/bin/../lib/gcc/arm-none-eabi/13.3.1/../../../../arm-none-eabi/lib/thumb/v8-m.main+fp/hard\libc_nano.a(libc_a-nano-svfprintf.o)
 .rodata._printf_i.str1.1