Archive member included to satisfy reference by file (symbol)

C:/ST/STM32CubeIDE_1.19.0/STM32CubeIDE/plugins/com.st.stm32cube.ide.mcu.externaltools.gnu-tools-for-stm32.13.3.rel1.win32_1.0.0.202411081344/tools/bin/../lib/gcc/arm-none-eabi/13.3.1/../../../../arm-none-eabi/lib/thumb/v8-m.main+fp/hard\libc_nano.a(libc_a-exit.o)
                              C:/ST/STM32CubeIDE_1.19.0/STM32CubeIDE/plugins/com.st.stm32cube.ide.mcu.externaltools.gnu-tools-for-stm32.13.3.rel1.win32_1.0.0.202411081344/tools/bin/../lib/gcc/arm-none-eabi/13.3.1/../../../../arm-none-eabi/lib/thumb/v8-m.main+fp/hard/crt0.o (exit)
C:/ST/STM32CubeIDE_1.19.0/STM32CubeIDE/plugins/com.st.stm32cube.ide.mcu.externaltools.gnu-tools-for-stm32.13.3.rel1.win32_1.0.0.202411081344/tools/bin/../lib/gcc/arm-none-eabi/13.3.1/../../../../arm-none-eabi/lib/thumb/v8-m.main+fp/hard\libc_nano.a(libc_a-strtod.o)
                              ./Core/Src/cli.o (strtof)
C:/ST/STM32CubeIDE_1.19.0/STM32CubeIDE/plugins/com.st.stm32cube.ide.mcu.externaltools.gnu-tools-for-stm32.13.3.rel1.win32_1.0.0.202411081344/tools/bin/../lib/gcc/arm-none-eabi/13.3.1/../../../../arm-none-eabi/lib/thumb/v8-m.main+fp/hard\libc_nano.a(libc_a-strtol.o)
                              ./Core/Src/cli.o (strtol)
C:/ST/STM32CubeIDE_1.19.0/STM32CubeIDE/plugins/com.st.stm32cube.ide.mcu.externaltools.gnu-tools-for-stm32.13.3.rel1.win32_1.0.0.202411081344/tools/bin/../lib/gcc/arm-none-eabi/13.3.1/../../../../arm-none-eabi/lib/thumb/v8-m.main+fp/hard\libc_nano.a(libc_a-ctype_.o)
                              C:/ST/STM32CubeIDE_1.19.0/STM32CubeIDE/plugins/com.st.stm32cube.ide.mcu.externaltools.gnu-tools-for-stm32.13.3.rel1.win32_1.0.0.202411081344/tools/bin/../lib/gcc/arm-none-eabi/13.3.1/../../../../arm-none-eabi/lib/thumb/v8-m.main+fp/hard\libc_nano.a(libc_a-strtol.o) (_ctype_)
C:/ST/STM32CubeIDE_1.19.0/STM32CubeIDE/plugins/com.st.stm32cube.ide.mcu.externaltools.gnu-tools-for-stm32.13.3.rel1.win32_1.0.0.202411081344/tools/bin/../lib/gcc/arm-none-eabi/13.3.1/../../../../arm-none-eabi/lib/thumb/v8-m.main+fp/hard\libc_nano.a(libc_a-findfp.o)
                              C:/ST/STM32CubeIDE_1.19.0/STM32CubeIDE/plugins/com.st.stm32cube.ide.mcu.externaltools.gnu-tools-for-stm32.13.3.rel1.win32_1.0.0.202411081344/tools/bin/../lib/gcc/arm-none-eabi/13.3.1/../../../../arm-none-eabi/lib/thumb/v8-m.main+fp/hard\libc_nano.a(libc_a-exit.o) (__stdio_exit_handler)
C:/ST/STM32CubeIDE_1.19.0/STM32CubeIDE/plugins/com.st.stm32cube.ide.mcu.externaltools.gnu-tools-for-stm32.13.3.rel1.win32_1.0.0.202411081344/tools/bin/../lib/gcc/arm-none-eabi/13.3.1/../../../../arm-none-eabi/lib/thumb/v8-m.main+fp/hard\libc_nano.a(libc_a-fwalk.o)
                              C:/ST/STM32CubeIDE_1.19.0/STM32CubeIDE/plugins/com.st.stm32cube.ide.mcu.externaltools.gnu-tools-for-stm32.13.3.rel1.win32_1.0.0.202411081344/tools/bin/../lib/gcc/arm-none-eabi/13.3.1/../../../../arm-none-eabi/lib/thumb/v8-m.main+fp/hard\libc_nano.a(libc_a-findfp.o) (_fwalk_sglue)
C:/ST/STM32CubeIDE_1.19.0/STM32CubeIDE/plugins/com.st.stm32cube.ide.mcu.externaltools.gnu-tools-for-stm32.13.3.rel1.win32_1.0.0.202411081344/tools/bin/../lib/gcc/arm-none-eabi/13.3.1/../../../../arm-none-eabi/lib/thumb/v8-m.main+fp/hard\libc_nano.a(libc_a-snprintf.o)
                              ./Core/Src/custom_sd.o (snprintf)
C:/ST/STM32CubeIDE_1.19.0/STM32CubeIDE/plugins/com.st.stm32cube.ide.mcu.externaltools.gnu-tools-for-stm32.13.3.rel1.win32_1.0.0.202411081344/tools/bin/../lib/gcc/arm-none-eabi/13.3.1/../../../../arm-none-eabi/lib/thumb/v8-m.main+fp/hard\libc_nano.a(libc_a-stdio.o)
                              C:/ST/STM32CubeIDE_1.19.0/STM32CubeIDE/plugins/com.st.stm32cube.ide.mcu.externaltools.gnu-tools-for-stm32.13.3.rel1.win32_1.0.0.202411081344/tools/bin/../lib/gcc/arm-none-eabi/13.3.1/../../../../arm-none-eabi/lib/thumb/v8-m.main+fp/hard\libc_nano.a(libc_a-findfp.o) (__sread)
C:/ST/STM32CubeIDE_1.19.0/STM32CubeIDE/plugins/com.st.stm32cube.ide.mcu.externaltools.gnu-tools-for-stm32.13.3.rel1.win32_1.0.0.202411081344/tools/bin/../lib/gcc/arm-none-eabi/13.3.1/../../../../arm-none-eabi/lib/thumb/v8-m.main+fp/hard\libc_nano.a(libc_a-vsnprintf.o)
                              ./Core/Src/cli.o (vsnprintf)
C:/ST/STM32CubeIDE_1.19.0/STM32CubeIDE/plugins/com.st.stm32cube.ide.mcu.externaltools.gnu-tools-for-stm32.13.3.rel1.win32_1.0.0.202411081344/tools/bin/../lib/gcc/arm-none-eabi/13.3.1/../../../../arm-none-eabi/lib/thumb/v8-m.main+fp/hard\libc_nano.a(libc_a-memcmp.o)
                              ./Core/Src/driver/fatfs/ff.o (memcmp)
C:/ST/STM32CubeIDE_1.19.0/STM32CubeIDE/plugins/com.st.stm32cube.ide.mcu.externaltools.gnu-tools-for-stm32.13.3.rel1.win32_1.0.0.202411081344/tools/bin/../lib/gcc/arm-none-eabi/13.3.1/../../../../arm-none-eabi/lib/thumb/v8-m.main+fp/hard\libc_nano.a(libc_a-memset.o)
[...]
Memory Configuration

Name             Origin             Length             Attributes
RAM              0x20000000         0x000a0000         xrw
FLASH            0x08000000         0x00200000         xr
*default*        0x00000000         0xffffffff

Linker script and memory map

LOAD C:/ST/STM32CubeIDE_1.19.0/STM32CubeIDE/plugins/com.st.stm32cube.ide.mcu.externaltools.gnu-tools-for-stm32.13.3.rel1.win32_1.0.0.202411081344/tools/bin/../lib/gcc/arm-none-eabi/13.3.1/thumb/v8-m.main+fp/hard/crti.o
LOAD C:/ST/STM32CubeIDE_1.19.0/STM32CubeIDE/plugins/com.st.stm32cube.ide.mcu.externaltools.gnu-tools-for-stm32.13.3.rel1.win32_1.0.0.202411081344/tools/bin/../lib/gcc/arm-none-eabi/13.3.1/thumb/v8-m.main+fp/hard/crtbegin.o
LOAD C:/ST/STM32CubeIDE_1.19.0/STM32CubeIDE/plugins/com.st.stm32cube.ide.mcu.externaltools.gnu-tools-for-stm32.13.3.rel1.win32_1.0.0.202411081344/tools/bin/../lib/gcc/arm-none-eabi/13.3.1/../../../../arm-none-eabi/lib/thumb/v8-m.main+fp/hard/crt0.o
LOAD ./Core/Src/cli.o
LOAD ./Core/Src/custom_can.o
LOAD ./Core/Src/custom_flash.o
LOAD ./Core/Src/custom_fram.o
LOAD ./Core/Src/custom_sd.o
LOAD ./Core/Src/fdcan.o
LOAD ./Core/Src/gpdma.o
LOAD ./Core/Src/gpio.o
LOAD ./Core/Src/i2c.o
LOAD ./Core/Src/icache.o
LOAD ./Core/Src/main.o
LOAD ./Core/Src/sdmmc.o
LOAD ./Core/Src/spi.o
LOAD ./Core/Src/stm32h5xx_hal_msp.o
LOAD ./Core/Src/stm32h5xx_it.o
LOAD ./Core/Src/syscalls.o
LOAD ./Core/Src/sysmem.o
LOAD ./Core/Src/system_stm32h5xx.o
LOAD ./Core/Src/usart.o
LOAD ./Core/Src/driver/fatfs/diskio.o
LOAD ./Core/Src/driver/fatfs/ff.o
LOAD ./Core/Src/driver/fatfs/ffsystem.o
LOAD ./Core/Src/driver/fatfs/ffunicode.o
LOAD ./Core/Src/driver/ssd1306.o
LOAD ./Core/Startup/startup_stm32h563vitx.o
LOAD ./Drivers/STM32H5xx_HAL_Driver/Src/stm32h5xx_hal.o
LOAD ./Drivers/STM32H5xx_HAL_Driver/Src/stm32h5xx_hal_cortex.o
LOAD ./Drivers/STM32H5xx_HAL_Driver/Src/stm32h5xx_hal_dma.o
LOAD ./Drivers/STM32H5xx_HAL_Driver/Src/stm32h5xx_hal_dma_ex.o
LOAD ./Drivers/STM32H5xx_HAL_Driver/Src/stm32h5xx_hal_exti.o
LOAD ./Drivers/STM32H5xx_HAL_Driver/Src/stm32h5xx_hal_fdcan.o
LOAD ./Drivers/STM32H5xx_HAL_Driver/Src/stm32h5xx_hal_flash.o
LOAD ./Drivers/STM32H5xx_HAL_Driver/Src/stm32h5xx_hal_flash_ex.o
LOAD ./Drivers/STM32H5xx_HAL_Driver/Src/stm32h5xx_hal_gpio.o
LOAD ./Drivers/STM32H5xx_HAL_Driver/Src/stm32h5xx_hal_i2c.o
LOAD ./Drivers/STM32H5xx_HAL_Driver/Src/stm32h5xx_hal_i2c_ex.o
LOAD ./Drivers/STM32H5xx_HAL_Driver/Src/stm32h5xx_hal_icache.o
LOAD ./Drivers/STM32H5xx_HAL_Driver/Src/stm32h5xx_hal_mmc.o
LOAD ./Drivers/STM32H5xx_HAL_Driver/Src/stm32h5xx_hal_mmc_ex.o
LOAD ./Drivers/STM32H5xx_HAL_Driver/Src/stm32h5xx_hal_pwr.o
LOAD ./Drivers/STM32H5xx_HAL_Driver/Src/stm32h5xx_hal_pwr_ex.o
LOAD ./Drivers/STM32H5xx_HAL_Driver/Src/stm32h5xx_hal_rcc.o
LOAD ./Drivers/STM32H5xx_HAL_Driver/Src/stm32h5xx_hal_rcc_ex.o
LOAD ./Drivers/STM32H5xx_HAL_Driver/Src/stm32h5xx_hal_sd.o
LOAD ./Drivers/STM32H5xx_HAL_Driver/Src/stm32h5xx_hal_sd_ex.o
LOAD ./Drivers/STM32H5xx_HAL_Driver/Src/stm32h5xx_hal_sdio.o
LOAD ./Drivers/STM32H5xx_HAL_Driver/Src/stm32h5xx_hal_spi.o
LOAD ./Drivers/STM32H5xx_HAL_Driver/Src/stm32h5xx_hal_spi_ex.o
LOAD ./Drivers/STM32H5xx_HAL_Driver/Src/stm32h5xx_hal_uart.o
LOAD ./Drivers/STM32H5xx_HAL_Driver/Src/stm32h5xx_hal_uart_ex.o
LOAD ./Drivers/STM32H5xx_HAL_Driver/Src/stm32h5xx_ll_dlyb.o
LOAD ./Drivers/STM32H5xx_HAL_Driver/Src/stm32h5xx_ll_sdmmc.o
START GROUP
LOAD C:/ST/STM32CubeIDE_1.19.0/STM32CubeIDE/plugins/com.st.stm32cube.ide.mcu.externaltools.gnu-tools-for-stm32.13.3.rel1.win32_1.0.0.202411081344/tools/bin/../lib/gcc/arm-none-eabi/13.3.1/../../../../arm-none-eabi/lib/thumb/v8-m.main+fp/hard\libc_nano.a
LOAD C:/ST/STM32CubeIDE_1.19.0/STM32CubeIDE/plugins/com.st.stm32cube.ide.mcu.externaltools.gnu-tools-for-stm32.13.3.rel1.win32_1.0.0.202411081344/tools/bin/../lib/gcc/arm-none-eabi/13.3.1/../../../../arm-none-eabi/lib/thumb/v8-m.main+fp/hard\libm.a
END GROUP
START GROUP
LOAD C:/ST/STM32CubeIDE_1.19.0/STM32CubeIDE/plugins/com.st.stm32cube.ide.mcu.externaltools.gnu-tools-for-stm32.13.3.rel1.win32_1.0.0.202411081344/tools/bin/../lib/gcc/arm-none-eabi/13.3.1/thumb/v8-m.main+fp/hard\libgcc.a
LOAD C:/ST/STM32CubeIDE_1.19.0/STM32CubeIDE/plugins/com.st.stm32cube.ide.mcu.externaltools.gnu-tools-for-stm32.13.3.rel1.win32_1.0.0.202411081344/tools/bin/../lib/gcc/arm-none-eabi/13.3.1/../../../../arm-none-eabi/lib/thumb/v8-m.main+fp/hard\libc_nano.a
END GROUP
START GROUP
LOAD C:/ST/STM32CubeIDE_1.19.0/STM32CubeIDE/plugins/com.st.stm32cube.ide.mcu.externaltools.gnu-tools-for-stm32.13.3.rel1.win32_1.0.0.202411081344/tools/bin/../lib/gcc/arm-none-eabi/13.3.1/thumb/v8-m.main+fp/hard\libgcc.a
LOAD C:/ST/STM32CubeIDE_1.19.0/STM32CubeIDE/plugins/com.st.stm32cube.ide.mcu.externaltools.gnu-tools-for-stm32.13.3.rel1.win32_1.0.0.202411081344/tools/bin/../lib/gcc/arm-none-eabi/13.3.1/../../../../arm-none-eabi/lib/thumb/v8-m.main+fp/hard\libc_nano.a
LOAD C:/ST/STM32CubeIDE_1.19.0/STM32CubeIDE/plugins/com.st.stm32cube.ide.mcu.externaltools.gnu-tools-for-stm32.13.3.rel1.win32_1.0.0.202411081344/tools/bin/../lib/gcc/arm-none-eabi/13.3.1/../../../../arm-none-eabi/lib/thumb/v8-m.main+fp/hard\libnosys.a
END GROUP
START GROUP
LOAD C:/ST/STM32CubeIDE_1.19.0/STM32CubeIDE/plugins/com.st.stm32cube.ide.mcu.externaltools.gnu-tools-for-stm32.13.3.rel1.win32_1.0.0.202411081344/tools/bin/../lib/gcc/arm-none-eabi/13.3.1/thumb/v8-m.main+fp/hard\libgcc.a
LOAD C:/ST/STM32CubeIDE_1.19.0/STM32CubeIDE/plugins/com.st.stm32cube.ide.mcu.externaltools.gnu-tools-for-stm32.13.3.rel1.win32_1.0.0.202411081344/tools/bin/../lib/gcc/arm-none-eabi/13.3.1/../../../../arm-none-eabi/lib/thumb/v8-m.main+fp/hard\libc_nano.a
LOAD C:/ST/STM32CubeIDE_1.19.0/STM32CubeIDE/plugins/com.st.stm32cube.ide.mcu.externaltools.gnu-tools-for-stm32.13.3.rel1.win32_1.0.0.202411081344/tools/bin/../lib/gcc/arm-none-eabi/13.3.1/../../../../arm-none-eabi/lib/thumb/v8-m.main+fp/hard\libnosys.a
END GROUP
LOAD C:/ST/STM32CubeIDE_1.19.0/STM32CubeIDE/plugins/com.st.stm32cube.ide.mcu.externaltools.gnu-tools-for-stm32.13.3.rel1.win32_1.0.0.202411081344/tools/bin/../lib/gcc/arm-none-eabi/13.3.1/thumb/v8-m.main+fp/hard/crtend.o
LOAD C:/ST/STM32CubeIDE_1.19.0/STM32CubeIDE/plugins/com.st.stm32cube.ide.mcu.externaltools.gnu-tools-for-stm32.13.3.rel1.win32_1.0.0.202411081344/tools/bin/../lib/gcc/arm-none-eabi/13.3.1/thumb/v8-m.main+fp/hard/crtn.o
                0x200a0000                        _estack = (ORIGIN (RAM) + LENGTH (RAM))
                0x00000200                        _Min_Heap_Size = 0x200
                0x00000400                        _Min_Stack_Size = 0x400

.isr_vector     0x08000000      0x24c
                0x08000000                        . = ALIGN (0x4)
 *(.isr_vector)
 .isr_vector    0x08000000      0x24c ./Core/Startup/startup_stm32h563vitx.o
                0x08000000                g_pfnVectors
                0x0800024c                        . = ALIGN (0x4)

.text           0x08000250    0x190e4
                0x08000250                        . = ALIGN (0x4)
 *(.text)
 .text          0x08000250       0x40 C:/ST/STM32CubeIDE_1.19.0/STM32CubeIDE/plugins/com.st.stm32cube.ide.mcu.externaltools.gnu-tools-for-stm32.13.3.rel1.win32_1.0.0.202411081344/tools/bin/../lib/gcc/arm-none-eabi/13.3.1/thumb/v8-m.main+fp/hard/crtbegin.o
 .text          0x08000290       0x14 C:/ST/STM32CubeIDE_1.19.0/STM32CubeIDE/plugins/com.st.stm32cube.ide.mcu.externaltools.gnu-tools-for-stm32.13.3.rel1.win32_1.0.0.202411081344/tools/bin/../lib/gcc/arm-none-eabi/13.3.1/../../../../arm-none-eabi/lib/thumb/v8-m.main+fp/hard\libc_nano.a(libc_a-strcmp.o)
                0x08000290                strcmp
 .text          0x080002a4       0x10 C:/ST/STM32CubeIDE_1.19.0/STM32CubeIDE/plugins/com.st.stm32cube.ide.mcu.externaltools.gnu-tools-for-stm32.13.3.rel1.win32_1.0.0.202411081344/tools/bin/../lib/gcc/arm-none-eabi/13.3.1/../../../../arm-none-eabi/lib/thumb/v8-m.main+fp/hard\libc_nano.a(libc_a-strlen.o)
                0x080002a4                strlen
 .text          0x080002b4      0x378 C:/ST/STM32CubeIDE_1.19.0/STM32CubeIDE/plugins/com.st.stm32cube.ide.mcu.externaltools.gnu-tools-for-stm32.13.3.rel1.win32_1.0.0.202411081344/tools/bin/../lib/gcc/arm-none-eabi/13.3.1/thumb/v8-m.main+fp/hard\libgcc.a(_arm_addsubdf3.o)
                0x080002b4                __aeabi_drsub
                0x080002bc                __aeabi_dsub
                0x080002bc                __subdf3
                0x080002c0                __aeabi_dadd
                0x080002c0                __adddf3
                0x08000538                __floatunsidf
                0x08000538                __aeabi_ui2d
                0x08000558                __floatsidf
                0x08000558                __aeabi_i2d
                0x0800057c                __aeabi_f2d
                0x0800057c                __extendsfdf2
                0x080005c0                __floatundidf
                0x080005c0                __aeabi_ul2d
                0x080005d0                __floatdidf
                0x080005d0                __aeabi_l2d
 .text          0x0800062c      0x424 C:/ST/STM32CubeIDE_1.19.0/STM32CubeIDE/plugins/com.st.stm32cube.ide.mcu.externaltools.gnu-tools-for-stm32.13.3.rel1.win32_1.0.0.202411081344/tools/bin/../lib/gcc/arm-none-eabi/13.3.1/thumb/v8-m.main+fp/hard\libgcc.a(_arm_muldivdf3.o)
                0x0800062c                __aeabi_dmul
                0x0800062c                __muldf3
                0x08000880                __divdf3
                0x08000880                __aeabi_ddiv
 .text          0x08000a50      0x110 C:/ST/STM32CubeIDE_1.19.0/STM32CubeIDE/plugins/com.st.stm32cube.ide.mcu.externaltools.gnu-tools-for-stm32.13.3.rel1.win32_1.0.0.202411081344/tools/bin/../lib/gcc/arm-none-eabi/13.3.1/thumb/v8-m.main+fp/hard\libgcc.a(_arm_cmpdf2.o)
                0x08000a50                __gtdf2
                0x08000a50                __gedf2
                0x08000a58                __ltdf2
                0x08000a58                __ledf2
                0x08000a60                __nedf2
                0x08000a60                __eqdf2
                0x08000a60                __cmpdf2
                0x08000adc                __aeabi_cdrcmple
                0x08000aec                __aeabi_cdcmpeq
                0x08000aec                __aeabi_cdcmple
                0x08000afc                __aeabi_dcmpeq
                0x08000b10                __aeabi_dcmplt
                0x08000b24                __aeabi_dcmple
                0x08000b38                __aeabi_dcmpge
                0x08000b4c                __aeabi_dcmpgt
 .text          0x08000b60       0x2c C:/ST/STM32CubeIDE_1.19.0/STM32CubeIDE/plugins/com.st.stm32cube.ide.mcu.externaltools.gnu-tools-for-stm32.13.3.rel1.win32_1.0.0.202411081344/tools/bin/../lib/gcc/arm-none-eabi/13.3.1/thumb/v8-m.main+fp/hard\libgcc.a(_arm_unorddf2.o)
                0x08000b60                __unorddf2
                0x08000b60                __aeabi_dcmpun
 .text          0x08000b8c       0x40 C:/ST/STM32CubeIDE_1.19.0/STM32CubeIDE/plugins/com.st.stm32cube.ide.mcu.externaltools.gnu-tools-for-stm32.13.3.rel1.win32_1.0.0.202411081344/tools/bin/../lib/gcc/arm-none-eabi/13.3.1/thumb/v8-m.main+fp/hard\libgcc.a(_arm_fixunsdfsi.o)
                0x08000b8c                __aeabi_d2uiz
                0x08000b8c                __fixunsdfsi
 .text          0x08000bcc       0xa0 C:/ST/STM32CubeIDE_1.19.0/STM32CubeIDE/plugins/com.st.stm32cube.ide.mcu.externaltools.gnu-tools-for-stm32.13.3.rel1.win32_1.0.0.202411081344/tools/bin/../lib/gcc/arm-none-eabi/13.3.1/thumb/v8-m.main+fp/hard\libgcc.a(_arm_truncdfsf2.o)
                0x08000bcc                __truncdfsf2
                0x08000bcc                __aeabi_d2f
 .text          0x08000c6c       0x30 C:/ST/STM32CubeIDE_1.19.0/STM32CubeIDE/plugins/com.st.stm32cube.ide.mcu.externaltools.gnu-tools-for-stm32.13.3.rel1.win32_1.0.0.202411081344/tools/bin/../lib/gcc/arm-none-eabi/13.3.1/thumb/v8-m.main+fp/hard\libgcc.a(_aeabi_uldivmod.o)
                0x08000c6c                __aeabi_uldivmod
 .text          0x08000c9c       0x30 C:/ST/STM32CubeIDE_1.19.0/STM32CubeIDE/plugins/com.st.stm32cube.ide.mcu.externaltools.gnu-tools-for-stm32.13.3.rel1.win32_1.0.0.202411081344/tools/bin/../lib/gcc/arm-none-eabi/13.3.1/thumb/v8-m.main+fp/hard\libgcc.a(_fixdfdi.o)
                0x08000c9c                __fixdfdi
                0x08000c9c                __aeabi_d2lz
 .text          0x08000ccc       0x3c C:/ST/STM32CubeIDE_1.19.0/STM32CubeIDE/plugins/com.st.stm32cube.ide.mcu.externaltools.gnu-tools-for-stm32.13.3.rel1.win32_1.0.0.202411081344/tools/bin/../lib/gcc/arm-none-eabi/13.3.1/thumb/v8-m.main+fp/hard\libgcc.a(_fixunsdfdi.o)
                0x08000ccc                __fixunsdfdi
                0x08000ccc                __aeabi_d2ulz
 .text          0x08000d08      0x348 C:/ST/STM32CubeIDE_1.19.0/STM32CubeIDE/plugins/com.st.stm32cube.ide.mcu.externaltools.gnu-tools-for-stm32.13.3.rel1.win32_1.0.0.202411081344/tools/bin/../lib/gcc/arm-none-eabi/13.3.1/thumb/v8-m.main+fp/hard\libgcc.a(_udivmoddi4.o)
                0x08000d08                __udivmoddi4
 .text          0x08001050        0x4 C:/ST/STM32CubeIDE_1.19.0/STM32CubeIDE/plugins/com.st.stm32cube.ide.mcu.externaltools.gnu-tools-for-stm32.13.3.rel1.win32_1.0.0.202411081344/tools/bin/../lib/gcc/arm-none-eabi/13.3.1/thumb/v8-m.main+fp/hard\libgcc.a(_dvmd_tls.o)
                0x08001050                __aeabi_idiv0
                0x08001050                __aeabi_ldiv0
 *(.text*)
 .text.cliInit  0x08001054       0x7c ./Core/Src/cli.o
                0x08001054                cliInit
 .text.cliLineClean
                0x080010d0       0x2c ./Core/Src/cli.o
 .text.cliShowPrompt
                0x080010fc       0x1c ./Core/Src/cli.o
 .text.cliLineAdd
                0x08001118       0x86 ./Core/Src/cli.o
 *fill*         0x0800119e        0x2 
 .text.cliLineChange
                0x080011a0      0x124 ./Core/Src/cli.o
 .text.cliProcess
                0x080012c4      0x3a8 ./Core/Src/cli.o
                0x080012c4                cliProcess
 .text.cliRunCmd
                0x0800166c       0xc4 ./Core/Src/cli.o
 .text.cliParseArgs
                0x08001730       0x90 ./Core/Src/cli.o
 .text.cliPrintf
                0x080017c0       0x50 ./Core/Src/cli.o
                0x080017c0                cliPrintf
 .text.cliToUpper
                0x08001810       0x5e ./Core/Src/cli.o
 *fill*         0x0800186e        0x2 
 .text.cliArgsGetData
                0x08001870       0x48 ./Core/Src/cli.o
 .text.cliArgsGetFloat
                0x080018b8       0x50 ./Core/Src/cli.o
 .text.cliArgsGetStr
                0x08001908       0x40 ./Core/Src/cli.o
 .text.cliArgsIsStr
                0x08001948       0x50 ./Core/Src/cli.o
 .text.cliAdd   0x08001998       0xa8 ./Core/Src/cli.o
                0x08001998                cliAdd
 .text.cliShowList
                0x08001a40       0x68 ./Core/Src/cli.o
                0x08001a40                cliShowList
 .text.customCanInit
                0x08001aa8      0x11c ./Core/Src/custom_can.o
                0x08001aa8                customCanInit
 .text.customCanClose
                0x08001bc4       0x24 ./Core/Src/custom_can.o
                0x08001bc4                customCanClose
 .text.customFlashInit
                0x08001be8       0x94 ./Core/Src/custom_flash.o
                0x08001be8                customFlashInit
 .text.customFlashRead
                0x08001c7c      0x150 ./Core/Src/custom_flash.o
                0x08001c7c                customFlashRead
 .text.customFlashWrite
                0x08001dcc      0x130 ./Core/Src/custom_flash.o
                0x08001dcc                customFlashWrite
 .text.customFlashSectorErase
                0x08001efc       0x9c ./Core/Src/custom_flash.o
                0x08001efc                customFlashSectorErase
 .text.customFlashReadStatus
                0x08001f98       0x6c ./Core/Src/custom_flash.o
                0x08001f98                customFlashReadStatus
 .text.cliFlash
                0x08002004      0x31c ./Core/Src/custom_flash.o
                0x08002004                cliFlash
 .text.customFramInit
                0x08002320       0x4c ./Core/Src/custom_fram.o
                0x08002320                customFramInit
 .text.customFramWrite
                0x0800236c       0x44 ./Core/Src/custom_fram.o
                0x0800236c                customFramWrite
 .text.customFramRead
                0x080023b0       0x40 ./Core/Src/custom_fram.o
                0x080023b0                customFramRead
 .text.customSdInit
                0x080023f0       0x60 ./Core/Src/custom_sd.o
                0x080023f0                customSdInit
 .text.customSdMount
                0x08002450       0x6c ./Core/Src/custom_sd.o
 .text.customSdUnmount
                0x080024bc       0x48 ./Core/Src/custom_sd.o
 .text.customSdWriteFile
                0x08002504      0x124 ./Core/Src/custom_sd.o
 .text.customSdReadFile
                0x08002628       0xe0 ./Core/Src/custom_sd.o
 .text.cliSdCard
                0x08002708      0x290 ./Core/Src/custom_sd.o
                0x08002708                cliSdCard
 .text.MX_FDCAN1_Init
                0x08002998       0x8c ./Core/Src/fdcan.o
                0x08002998                MX_FDCAN1_Init
 .text.MX_FDCAN2_Init
                0x08002a24       0x8c ./Core/Src/fdcan.o
                0x08002a24                MX_FDCAN2_Init
 .text.HAL_FDCAN_MspInit
                0x08002ab0      0x16c ./Core/Src/fdcan.o
                0x08002ab0                HAL_FDCAN_MspInit
 .text.HAL_FDCAN_MspDeInit
                0x08002c1c       0xac ./Core/Src/fdcan.o
                0x08002c1c                HAL_FDCAN_MspDeInit
 .text.MX_GPDMA1_Init
                0x08002cc8      0x1cc ./Core/Src/gpdma.o
                0x08002cc8                MX_GPDMA1_Init
 .text.MX_GPIO_Init
                0x08002e94      0x14c ./Core/Src/gpio.o
                0x08002e94                MX_GPIO_Init
 .text.MX_I2C1_Init
                0x08002fe0       0x80 ./Core/Src/i2c.o
                0x08002fe0                MX_I2C1_Init
 .text.MX_I2C4_Init
                0x08003060       0x80 ./Core/Src/i2c.o
                0x08003060                MX_I2C4_Init
 .text.HAL_I2C_MspInit
                0x080030e0      0x1f8 ./Core/Src/i2c.o
                0x080030e0                HAL_I2C_MspInit
 .text.MX_ICACHE_Init
                0x080032d8       0x26 ./Core/Src/icache.o
                0x080032d8                MX_ICACHE_Init
 *fill*         0x080032fe        0x2 
 .text.HAL_UART_RxCpltCallback
                0x08003300       0x58 ./Core/Src/main.o
                0x08003300                HAL_UART_RxCpltCallback
 .text.millis   0x08003358        0xe ./Core/Src/main.o
                0x08003358                millis
 *fill*         0x08003366        0x2 
 .text.cliLed   0x08003368       0xe4 ./Core/Src/main.o
                0x08003368                cliLed
 .text.cliUart6
                0x0800344c       0x4c ./Core/Src/main.o
                0x0800344c                cliUart6
 .text.cliUart10
                0x08003498       0x4c ./Core/Src/main.o
                0x08003498                cliUart10
 .text.cliRs232
                0x080034e4       0x54 ./Core/Src/main.o
                0x080034e4                cliRs232
 .text.cliRs485
                0x08003538      0x148 ./Core/Src/main.o
                0x08003538                cliRs485
 .text.cliOled  0x08003680       0xb0 ./Core/Src/main.o
                0x08003680                cliOled
 .text.cliCan   0x08003730      0x240 ./Core/Src/main.o
                0x08003730                cliCan
 .text.cliFram  0x08003970      0x130 ./Core/Src/main.o
                0x08003970                cliFram
 .text.main     0x08003aa0      0x1a8 ./Core/Src/main.o
                0x08003aa0                main
 .text.SystemClock_Config
                0x08003c48       0xe0 ./Core/Src/main.o
                0x08003c48                SystemClock_Config
 .text.PeriphCommonClock_Config
                0x08003d28       0xe4 ./Core/Src/main.o
                0x08003d28                PeriphCommonClock_Config
 .text.Error_Handler
                0x08003e0c        0xc ./Core/Src/main.o
                0x08003e0c                Error_Handler
 .text.HAL_SD_MspInit
                0x08003e18      0x13c ./Core/Src/sdmmc.o
                0x08003e18                HAL_SD_MspInit
 .text.MX_SPI1_Init
                0x08003f54       0xac ./Core/Src/spi.o
                0x08003f54                MX_SPI1_Init
 .text.HAL_SPI_MspInit
                0x08004000      0x1d4 ./Core/Src/spi.o
                0x08004000                HAL_SPI_MspInit
 .text.HAL_MspInit
                0x080041d4        0xe ./Core/Src/stm32h5xx_hal_msp.o
                0x080041d4                HAL_MspInit
 .text.NMI_Handler
                0x080041e2        0x8 ./Core/Src/stm32h5xx_it.o
                0x080041e2                NMI_Handler
 .text.HardFault_Handler
                0x080041ea        0x8 ./Core/Src/stm32h5xx_it.o
                0x080041ea                HardFault_Handler
 .text.MemManage_Handler
                0x080041f2        0x8 ./Core/Src/stm32h5xx_it.o
                0x080041f2                MemManage_Handler
 .text.BusFault_Handler
                0x080041fa        0x8 ./Core/Src/stm32h5xx_it.o
                0x080041fa                BusFault_Handler
 .text.UsageFault_Handler
                0x08004202        0x8 ./Core/Src/stm32h5xx_it.o
                0x08004202                UsageFault_Handler
 .text.SVC_Handler
                0x0800420a        0xe ./Core/Src/stm32h5xx_it.o
                0x0800420a                SVC_Handler
 .text.DebugMon_Handler
                0x08004218        0xe ./Core/Src/stm32h5xx_it.o
                0x08004218                DebugMon_Handler
 .text.PendSV_Handler
                0x08004226        0xe ./Core/Src/stm32h5xx_it.o
                0x08004226                PendSV_Handler
 .text.SysTick_Handler
                0x08004234        0xc ./Core/Src/stm32h5xx_it.o
                0x08004234                SysTick_Handler
 .text.FDCAN1_IT0_IRQHandler
                0x08004240       0x14 ./Core/Src/stm32h5xx_it.o
                0x08004240                FDCAN1_IT0_IRQHandler
 .text.FDCAN1_IT1_IRQHandler
                0x08004254       0x14 ./Core/Src/stm32h5xx_it.o
                0x08004254                FDCAN1_IT1_IRQHandler
 .text.USART1_IRQHandler
                0x08004268       0x14 ./Core/Src/stm32h5xx_it.o
                0x08004268                USART1_IRQHandler
 .text.FDCAN2_IT0_IRQHandler
                0x0800427c       0x14 ./Core/Src/stm32h5xx_it.o
                0x0800427c                FDCAN2_IT0_IRQHandler
 .text.FDCAN2_IT1_IRQHandler
                0x08004290       0x14 ./Core/Src/stm32h5xx_it.o
                0x08004290                FDCAN2_IT1_IRQHandler
 .text._getpid  0x080042a4       0x10 ./Core/Src/syscalls.o
                0x080042a4                _getpid
 .text._kill    0x080042b4       0x20 ./Core/Src/syscalls.o
                0x080042b4                _kill
 .text._exit    0x080042d4       0x16 ./Core/Src/syscalls.o
                0x080042d4                _exit
 .text._read    0x080042ea       0x3a ./Core/Src/syscalls.o
                0x080042ea                _read
 .text._write   0x08004324       0x38 ./Core/Src/syscalls.o
                0x08004324                _write
 .text._close   0x0800435c       0x18 ./Core/Src/syscalls.o
                0x0800435c                _close
 .text._fstat   0x08004374       0x20 ./Core/Src/syscalls.o
                0x08004374                _fstat
 .text._isatty  0x08004394       0x16 ./Core/Src/syscalls.o
                0x08004394                _isatty
 .text._lseek   0x080043aa       0x1a ./Core/Src/syscalls.o
                0x080043aa                _lseek
 .text._sbrk    0x080043c4       0x6c ./Core/Src/sysmem.o
                0x080043c4                _sbrk
 .text.SystemInit
                0x08004430       0xf8 ./Core/Src/system_stm32h5xx.o
                0x08004430                SystemInit
 .text.MX_UART4_Init
                0x08004528       0xa0 ./Core/Src/usart.o
                0x08004528                MX_UART4_Init
 .text.MX_UART5_Init
                0x080045c8       0x98 ./Core/Src/usart.o
                0x080045c8                MX_UART5_Init
 .text.MX_UART7_Init
                0x08004660       0x9c ./Core/Src/usart.o
                0x08004660                MX_UART7_Init
 .text.MX_USART1_UART_Init
                0x080046fc       0x98 ./Core/Src/usart.o
                0x080046fc                MX_USART1_UART_Init
 .text.MX_USART6_UART_Init
                0x08004794       0x98 ./Core/Src/usart.o
                0x08004794                MX_USART6_UART_Init
 .text.MX_USART10_UART_Init
                0x0800482c       0x98 ./Core/Src/usart.o
                0x0800482c                MX_USART10_UART_Init
 .text.HAL_UART_MspInit
                0x080048c4      0x61c ./Core/Src/usart.o
                0x080048c4                HAL_UART_MspInit
 .text.disk_status
                0x08004ee0       0x2c ./Core/Src/driver/fatfs/diskio.o
                0x08004ee0                disk_status
 .text.disk_initialize
                0x08004f0c       0x50 ./Core/Src/driver/fatfs/diskio.o
                0x08004f0c                disk_initialize
 .text.disk_read
                0x08004f5c       0x70 ./Core/Src/driver/fatfs/diskio.o
                0x08004f5c                disk_read
 .text.disk_write
                0x08004fcc       0x88 ./Core/Src/driver/fatfs/diskio.o
                0x08004fcc                disk_write
 .text.disk_ioctl
                0x08005054       0xe4 ./Core/Src/driver/fatfs/diskio.o
                0x08005054                disk_ioctl
 .text.get_fattime
                0x08005138       0x14 ./Core/Src/driver/fatfs/diskio.o
                0x08005138                get_fattime
 .text.ld_16    0x0800514c       0x32 ./Core/Src/driver/fatfs/ff.o
 .text.ld_32    0x0800517e       0x46 ./Core/Src/driver/fatfs/ff.o
 .text.st_16    0x080051c4       0x36 ./Core/Src/driver/fatfs/ff.o
 .text.st_32    0x080051fa       0x58 ./Core/Src/driver/fatfs/ff.o
 .text.dbc_1st  0x08005252       0x40 ./Core/Src/driver/fatfs/ff.o
 .text.dbc_2nd  0x08005292       0x54 ./Core/Src/driver/fatfs/ff.o
 .text.sync_window
                0x080052e6       0x78 ./Core/Src/driver/fatfs/ff.o
 .text.move_window
                0x0800535e       0x5a ./Core/Src/driver/fatfs/ff.o
 .text.sync_fs  0x080053b8       0xe0 ./Core/Src/driver/fatfs/ff.o
 .text.clst2sect
                0x08005498       0x3e ./Core/Src/driver/fatfs/ff.o
 .text.get_fat  0x080054d6      0x14e ./Core/Src/driver/fatfs/ff.o
 .text.put_fat  0x08005624      0x1d4 ./Core/Src/driver/fatfs/ff.o
 .text.remove_chain
                0x080057f8       0xca ./Core/Src/driver/fatfs/ff.o
 .text.create_chain
                0x080058c2      0x1aa ./Core/Src/driver/fatfs/ff.o
 .text.dir_clear
                0x08005a6c       0x90 ./Core/Src/driver/fatfs/ff.o
 .text.dir_sdi  0x08005afc       0xf6 ./Core/Src/driver/fatfs/ff.o
 .text.dir_next
                0x08005bf2      0x12c ./Core/Src/driver/fatfs/ff.o
 .text.dir_alloc
                0x08005d1e       0x8e ./Core/Src/driver/fatfs/ff.o
 .text.ld_clust
                0x08005dac       0x3e ./Core/Src/driver/fatfs/ff.o
 .text.st_clust
                0x08005dea       0x40 ./Core/Src/driver/fatfs/ff.o
 .text.dir_find
                0x08005e2a       0xaa ./Core/Src/driver/fatfs/ff.o
 .text.dir_register
                0x08005ed4       0x64 ./Core/Src/driver/fatfs/ff.o
 .text.create_name
                0x08005f38      0x190 ./Core/Src/driver/fatfs/ff.o
 .text.follow_path
                0x080060c8       0xde ./Core/Src/driver/fatfs/ff.o
 .text.get_ldnumber
                0x080061a6       0x84 ./Core/Src/driver/fatfs/ff.o
 *fill*         0x0800622a        0x2 
 .text.check_fs
                0x0800622c      0x148 ./Core/Src/driver/fatfs/ff.o
 .text.find_volume
                0x08006374       0xbe ./Core/Src/driver/fatfs/ff.o
 *fill*         0x08006432        0x2 
 .text.mount_volume
                0x08006434      0x3f4 ./Core/Src/driver/fatfs/ff.o
 .text.validate
                0x08006828       0x6a ./Core/Src/driver/fatfs/ff.o
 *fill*         0x08006892        0x2 
 .text.f_mount  0x08006894       0x94 ./Core/Src/driver/fatfs/ff.o
                0x08006894                f_mount
 .text.f_open   0x08006928      0x310 ./Core/Src/driver/fatfs/ff.o
                0x08006928                f_open
 .text.f_read   0x08006c38      0x266 ./Core/Src/driver/fatfs/ff.o
                0x08006c38                f_read
 .text.f_write  0x08006e9e      0x2d2 ./Core/Src/driver/fatfs/ff.o
                0x08006e9e                f_write
 .text.f_sync   0x08007170       0xfe ./Core/Src/driver/fatfs/ff.o
                0x08007170                f_sync
 .text.f_close  0x0800726e       0x40 ./Core/Src/driver/fatfs/ff.o
                0x0800726e                f_close
 *fill*         0x080072ae        0x2 
 .text.ssd1306WriteCommand
                0x080072b0       0x3c ./Core/Src/driver/ssd1306.o
 .text.ssd1306Init
                0x080072ec       0x5c ./Core/Src/driver/ssd1306.o
                0x080072ec                ssd1306Init
 .text.ssd1306Fill
                0x08007348       0x30 ./Core/Src/driver/ssd1306.o
                0x08007348                ssd1306Fill
 .text.ssd1306Clear
                0x08007378       0x28 ./Core/Src/driver/ssd1306.o
                0x08007378                ssd1306Clear
 .text.ssd1306UpdateScreen
                0x080073a0       0x64 ./Core/Src/driver/ssd1306.o
                0x080073a0                ssd1306UpdateScreen
 .text.ssd1306SetCursor
                0x08007404       0x30 ./Core/Src/driver/ssd1306.o
                0x08007404                ssd1306SetCursor
 .text.ssd1306WriteChar
                0x08007434      0x12c ./Core/Src/driver/ssd1306.o
                0x08007434                ssd1306WriteChar
 .text.Reset_Handler
                0x08007560       0x50 ./Core/Startup/startup_stm32h563vitx.o
                0x08007560                Reset_Handler
 .text.Default_Handler
                0x080075b0        0x2 ./Core/Startup/startup_stm32h563vitx.o
                0x080075b0                EXTI2_IRQHandler
                0x080075b0                TIM8_TRG_COM_IRQHandler
                0x080075b0                TIM8_CC_IRQHandler
                0x080075b0                EXTI5_IRQHandler
                0x080075b0                I3C1_ER_IRQHandler
                0x080075b0                UART8_IRQHandler
                0x080075b0                SPI4_IRQHandler
                0x080075b0                GPDMA2_Channel1_IRQHandler
                0x080075b0                FLASH_S_IRQHandler
                0x080075b0                EXTI13_IRQHandler
                0x080075b0                TIM1_CC_IRQHandler
                0x080075b0                GPDMA2_Channel3_IRQHandler
                0x080075b0                TAMP_IRQHandler
                0x080075b0                TIM6_IRQHandler
                0x080075b0                EXTI12_IRQHandler
                0x080075b0                CORDIC_IRQHandler
                0x080075b0                USB_DRD_FS_IRQHandler
                0x080075b0                EXTI3_IRQHandler
                0x080075b0                LPTIM4_IRQHandler
                0x080075b0                GPDMA1_Channel5_IRQHandler
                0x080075b0                EXTI8_IRQHandler
                0x080075b0                GPDMA2_Channel5_IRQHandler
                0x080075b0                LPTIM2_IRQHandler
                0x080075b0                I2C3_ER_IRQHandler
                0x080075b0                GPDMA2_Channel2_IRQHandler
                0x080075b0                USART10_IRQHandler
                0x080075b0                LPTIM3_IRQHandler
                0x080075b0                EXTI0_IRQHandler
                0x080075b0                I2C2_EV_IRQHandler
                0x080075b0                FPU_IRQHandler
                0x080075b0                GPDMA1_Channel3_IRQHandler
                0x080075b0                GPDMA1_Channel7_IRQHandler
                0x080075b0                RAMCFG_IRQHandler
                0x080075b0                DCACHE1_IRQHandler
                0x080075b0                SPI1_IRQHandler
                0x080075b0                OCTOSPI1_IRQHandler
                0x080075b0                GPDMA1_Channel2_IRQHandler
                0x080075b0                TIM8_UP_IRQHandler
                0x080075b0                RCC_S_IRQHandler
                0x080075b0                SAI2_IRQHandler
                0x080075b0                ADC1_IRQHandler
                0x080075b0                USART6_IRQHandler
                0x080075b0                EXTI15_IRQHandler
                0x080075b0                TIM17_IRQHandler
                0x080075b0                USART3_IRQHandler
                0x080075b0                RTC_IRQHandler
                0x080075b0                EXTI9_IRQHandler
                0x080075b0                LPTIM5_IRQHandler
                0x080075b0                UART5_IRQHandler
                0x080075b0                TIM4_IRQHandler
                0x080075b0                I2C1_EV_IRQHandler
                0x080075b0                GPDMA1_Channel1_IRQHandler
                0x080075b0                TIM16_IRQHandler
                0x080075b0                UART4_IRQHandler
                0x080075b0                SecureFault_Handler
                0x080075b0                TIM3_IRQHandler
                0x080075b0                RCC_IRQHandler
                0x080075b0                UART9_IRQHandler
                0x080075b0                TIM1_TRG_COM_IRQHandler
                0x080075b0                Default_Handler
                0x080075b0                FMAC_IRQHandler
                0x080075b0                CEC_IRQHandler
                0x080075b0                USART11_IRQHandler
                0x080075b0                TIM14_IRQHandler
                0x080075b0                TIM13_IRQHandler
                0x080075b0                GPDMA2_Channel4_IRQHandler
                0x080075b0                SPI5_IRQHandler
                0x080075b0                TIM12_IRQHandler
                0x080075b0                TIM7_IRQHandler
                0x080075b0                SDMMC1_IRQHandler
                0x080075b0                TIM5_IRQHandler
                0x080075b0                UCPD1_IRQHandler
                0x080075b0                GPDMA1_Channel0_IRQHandler
                0x080075b0                I3C1_EV_IRQHandler
                0x080075b0                TIM15_IRQHandler
                0x080075b0                PVD_AVD_IRQHandler
                0x080075b0                I2C3_EV_IRQHandler
                0x080075b0                ETH_WKUP_IRQHandler
                0x080075b0                ADC2_IRQHandler
                0x080075b0                SPI2_IRQHandler
                0x080075b0                EXTI14_IRQHandler
                0x080075b0                EXTI11_IRQHandler
                0x080075b0                CRS_IRQHandler
                0x080075b0                EXTI4_IRQHandler
                0x080075b0                GPDMA2_Channel0_IRQHandler
                0x080075b0                RTC_S_IRQHandler
                0x080075b0                RNG_IRQHandler
                0x080075b0                ETH_IRQHandler
                0x080075b0                GPDMA2_Channel6_IRQHandler
                0x080075b0                TIM1_UP_IRQHandler
                0x080075b0                UART12_IRQHandler
                0x080075b0                WWDG_IRQHandler
                0x080075b0                SPI6_IRQHandler
                0x080075b0                I2C4_EV_IRQHandler
                0x080075b0                IWDG_IRQHandler
                0x080075b0                LPUART1_IRQHandler
                0x080075b0                TIM2_IRQHandler
                0x080075b0                GPDMA1_Channel4_IRQHandler
                0x080075b0                EXTI7_IRQHandler
                0x080075b0                TIM1_BRK_IRQHandler
                0x080075b0                EXTI1_IRQHandler
                0x080075b0                SDMMC2_IRQHandler
                0x080075b0                LPTIM6_IRQHandler
                0x080075b0                DAC1_IRQHandler
                0x080075b0                DTS_IRQHandler
                0x080075b0                UART7_IRQHandler
                0x080075b0                GTZC_IRQHandler
                0x080075b0                USART2_IRQHandler
                0x080075b0                GPDMA1_Channel6_IRQHandler
                0x080075b0                GPDMA2_Channel7_IRQHandler
                0x080075b0                I2C2_ER_IRQHandler
                0x080075b0                TIM8_BRK_IRQHandler
                0x080075b0                FLASH_IRQHandler
                0x080075b0                EXTI10_IRQHandler
                0x080075b0                SPI3_IRQHandler
                0x080075b0                I2C1_ER_IRQHandler
                0x080075b0                FMC_IRQHandler
                0x080075b0                EXTI6_IRQHandler
                0x080075b0                LPTIM1_IRQHandler
                0x080075b0                DCMI_PSSI_IRQHandler
                0x080075b0                I2C4_ER_IRQHandler
                0x080075b0                ICACHE_IRQHandler
                0x080075b0                SAI1_IRQHandler
                0x080075b0                HASH_IRQHandler
 *fill*         0x080075b2        0x2 
 .text.HAL_Init
                0x080075b4       0x50 ./Drivers/STM32H5xx_HAL_Driver/Src/stm32h5xx_hal.o
                0x080075b4                HAL_Init
 .text.HAL_InitTick
                0x08007604       0xec ./Drivers/STM32H5xx_HAL_Driver/Src/stm32h5xx_hal.o
                0x08007604                HAL_InitTick
 .text.HAL_IncTick
                0x080076f0       0x28 ./Drivers/STM32H5xx_HAL_Driver/Src/stm32h5xx_hal.o
                0x080076f0                HAL_IncTick
 .text.HAL_GetTick
                0x08007718       0x18 ./Drivers/STM32H5xx_HAL_Driver/Src/stm32h5xx_hal.o
                0x08007718                HAL_GetTick
 .text.HAL_Delay
                0x08007730       0x48 ./Drivers/STM32H5xx_HAL_Driver/Src/stm32h5xx_hal.o
                0x08007730                HAL_Delay
 .text.__NVIC_SetPriorityGrouping
                0x08007778       0x48 ./Drivers/STM32H5xx_HAL_Driver/Src/stm32h5xx_hal_cortex.o
 .text.__NVIC_GetPriorityGrouping
                0x080077c0       0x1c ./Drivers/STM32H5xx_HAL_Driver/Src/stm32h5xx_hal_cortex.o
 .text.__NVIC_EnableIRQ
                0x080077dc       0x3c ./Drivers/STM32H5xx_HAL_Driver/Src/stm32h5xx_hal_cortex.o
 .text.__NVIC_DisableIRQ
                0x08007818       0x48 ./Drivers/STM32H5xx_HAL_Driver/Src/stm32h5xx_hal_cortex.o
 .text.__NVIC_SetPriority
                0x08007860       0x54 ./Drivers/STM32H5xx_HAL_Driver/Src/stm32h5xx_hal_cortex.o
 .text.NVIC_EncodePriority
                0x080078b4       0x66 ./Drivers/STM32H5xx_HAL_Driver/Src/stm32h5xx_hal_cortex.o
 .text.HAL_NVIC_SetPriorityGrouping
                0x0800791a       0x16 ./Drivers/STM32H5xx_HAL_Driver/Src/stm32h5xx_hal_cortex.o
                0x0800791a                HAL_NVIC_SetPriorityGrouping
 .text.HAL_NVIC_SetPriority
                0x08007930       0x34 ./Drivers/STM32H5xx_HAL_Driver/Src/stm32h5xx_hal_cortex.o
                0x08007930                HAL_NVIC_SetPriority
 .text.HAL_NVIC_EnableIRQ
                0x08007964       0x1c ./Drivers/STM32H5xx_HAL_Driver/Src/stm32h5xx_hal_cortex.o
                0x08007964                HAL_NVIC_EnableIRQ
 .text.HAL_NVIC_DisableIRQ
                0x08007980       0x1c ./Drivers/STM32H5xx_HAL_Driver/Src/stm32h5xx_hal_cortex.o
                0x08007980                HAL_NVIC_DisableIRQ
 .text.HAL_SYSTICK_Config
                0x0800799c       0x44 ./Drivers/STM32H5xx_HAL_Driver/Src/stm32h5xx_hal_cortex.o
                0x0800799c                HAL_SYSTICK_Config
 .text.HAL_SYSTICK_CLKSourceConfig
                0x080079e0       0xb0 ./Drivers/STM32H5xx_HAL_Driver/Src/stm32h5xx_hal_cortex.o
                0x080079e0                HAL_SYSTICK_CLKSourceConfig
 .text.HAL_SYSTICK_GetCLKSourceConfig
                0x08007a90       0x6c ./Drivers/STM32H5xx_HAL_Driver/Src/stm32h5xx_hal_cortex.o
                0x08007a90                HAL_SYSTICK_GetCLKSourceConfig
 .text.HAL_DMA_Abort
                0x08007afc       0xf8 ./Drivers/STM32H5xx_HAL_Driver/Src/stm32h5xx_hal_dma.o
                0x08007afc                HAL_DMA_Abort
 .text.HAL_DMA_Abort_IT
                0x08007bf4       0x52 ./Drivers/STM32H5xx_HAL_Driver/Src/stm32h5xx_hal_dma.o
                0x08007bf4                HAL_DMA_Abort_IT
 .text.HAL_DMA_ConfigChannelAttributes
                0x08007c46       0x78 ./Drivers/STM32H5xx_HAL_Driver/Src/stm32h5xx_hal_dma.o
                0x08007c46                HAL_DMA_ConfigChannelAttributes
 *fill*         0x08007cbe        0x2 
 .text.HAL_DMAEx_List_Init
                0x08007cc0      0x258 ./Drivers/STM32H5xx_HAL_Driver/Src/stm32h5xx_hal_dma_ex.o
                0x08007cc0                HAL_DMAEx_List_Init
 .text.HAL_DMAEx_List_BuildNode
                0x08007f18       0x2c ./Drivers/STM32H5xx_HAL_Driver/Src/stm32h5xx_hal_dma_ex.o
                0x08007f18                HAL_DMAEx_List_BuildNode
 .text.HAL_DMAEx_List_InsertNode
                0x08007f44      0x192 ./Drivers/STM32H5xx_HAL_Driver/Src/stm32h5xx_hal_dma_ex.o
                0x08007f44                HAL_DMAEx_List_InsertNode
 .text.HAL_DMAEx_List_SetCircularMode
                0x080080d6       0xc0 ./Drivers/STM32H5xx_HAL_Driver/Src/stm32h5xx_hal_dma_ex.o
                0x080080d6                HAL_DMAEx_List_SetCircularMode
 *fill*         0x08008196        0x2 
 .text.HAL_DMAEx_List_LinkQ
                0x08008198      0x138 ./Drivers/STM32H5xx_HAL_Driver/Src/stm32h5xx_hal_dma_ex.o
                0x08008198                HAL_DMAEx_List_LinkQ
 .text.DMA_List_Init
                0x080082d0      0x2b0 ./Drivers/STM32H5xx_HAL_Driver/Src/stm32h5xx_hal_dma_ex.o
 .text.DMA_List_BuildNode
                0x08008580      0x2c0 ./Drivers/STM32H5xx_HAL_Driver/Src/stm32h5xx_hal_dma_ex.o
 .text.DMA_List_CheckNodesBaseAddresses
                0x08008840       0x60 ./Drivers/STM32H5xx_HAL_Driver/Src/stm32h5xx_hal_dma_ex.o
 .text.DMA_List_CheckNodesTypes
                0x080088a0       0x78 ./Drivers/STM32H5xx_HAL_Driver/Src/stm32h5xx_hal_dma_ex.o
 .text.DMA_List_GetCLLRNodeInfo
                0x08008918       0x60 ./Drivers/STM32H5xx_HAL_Driver/Src/stm32h5xx_hal_dma_ex.o
 .text.DMA_List_FindNode
                0x08008978      0x13e ./Drivers/STM32H5xx_HAL_Driver/Src/stm32h5xx_hal_dma_ex.o
 *fill*         0x08008ab6        0x2 
 .text.HAL_FDCAN_Init
                0x08008ab8      0x2b4 ./Drivers/STM32H5xx_HAL_Driver/Src/stm32h5xx_hal_fdcan.o
                0x08008ab8                HAL_FDCAN_Init
 .text.HAL_FDCAN_DeInit
                0x08008d6c       0x46 ./Drivers/STM32H5xx_HAL_Driver/Src/stm32h5xx_hal_fdcan.o
                0x08008d6c                HAL_FDCAN_DeInit
 .text.HAL_FDCAN_ConfigFilter
                0x08008db2       0xb4 ./Drivers/STM32H5xx_HAL_Driver/Src/stm32h5xx_hal_fdcan.o
                0x08008db2                HAL_FDCAN_ConfigFilter
 .text.HAL_FDCAN_Start
                0x08008e66       0x50 ./Drivers/STM32H5xx_HAL_Driver/Src/stm32h5xx_hal_fdcan.o
                0x08008e66                HAL_FDCAN_Start
 .text.HAL_FDCAN_Stop
                0x08008eb6       0xe0 ./Drivers/STM32H5xx_HAL_Driver/Src/stm32h5xx_hal_fdcan.o
                0x08008eb6                HAL_FDCAN_Stop
 .text.HAL_FDCAN_AddMessageToTxFifoQ
                0x08008f96       0x88 ./Drivers/STM32H5xx_HAL_Driver/Src/stm32h5xx_hal_fdcan.o
                0x08008f96                HAL_FDCAN_AddMessageToTxFifoQ
 *fill*         0x0800901e        0x2 
 .text.HAL_FDCAN_GetRxMessage
                0x08009020      0x210 ./Drivers/STM32H5xx_HAL_Driver/Src/stm32h5xx_hal_fdcan.o
                0x08009020                HAL_FDCAN_GetRxMessage
 .text.HAL_FDCAN_GetRxFifoFillLevel
                0x08009230       0x3c ./Drivers/STM32H5xx_HAL_Driver/Src/stm32h5xx_hal_fdcan.o
                0x08009230                HAL_FDCAN_GetRxFifoFillLevel
 .text.HAL_FDCAN_IRQHandler
                0x0800926c      0x266 ./Drivers/STM32H5xx_HAL_Driver/Src/stm32h5xx_hal_fdcan.o
                0x0800926c                HAL_FDCAN_IRQHandler
 .text.HAL_FDCAN_TxEventFifoCallback
                0x080094d2       0x16 ./Drivers/STM32H5xx_HAL_Driver/Src/stm32h5xx_hal_fdcan.o
                0x080094d2                HAL_FDCAN_TxEventFifoCallback
 .text.HAL_FDCAN_RxFifo0Callback
                0x080094e8       0x16 ./Drivers/STM32H5xx_HAL_Driver/Src/stm32h5xx_hal_fdcan.o
                0x080094e8                HAL_FDCAN_RxFifo0Callback
 .text.HAL_FDCAN_RxFifo1Callback
                0x080094fe       0x16 ./Drivers/STM32H5xx_HAL_Driver/Src/stm32h5xx_hal_fdcan.o
                0x080094fe                HAL_FDCAN_RxFifo1Callback
 .text.HAL_FDCAN_TxFifoEmptyCallback
                0x08009514       0x14 ./Drivers/STM32H5xx_HAL_Driver/Src/stm32h5xx_hal_fdcan.o
                0x08009514                HAL_FDCAN_TxFifoEmptyCallback
 .text.HAL_FDCAN_TxBufferCompleteCallback
                0x08009528       0x16 ./Drivers/STM32H5xx_HAL_Driver/Src/stm32h5xx_hal_fdcan.o
                0x08009528                HAL_FDCAN_TxBufferCompleteCallback
 .text.HAL_FDCAN_TxBufferAbortCallback
                0x0800953e       0x16 ./Drivers/STM32H5xx_HAL_Driver/Src/stm32h5xx_hal_fdcan.o
                0x0800953e                HAL_FDCAN_TxBufferAbortCallback
 .text.HAL_FDCAN_TimestampWraparoundCallback
                0x08009554       0x14 ./Drivers/STM32H5xx_HAL_Driver/Src/stm32h5xx_hal_fdcan.o
                0x08009554                HAL_FDCAN_TimestampWraparoundCallback
 .text.HAL_FDCAN_TimeoutOccurredCallback
                0x08009568       0x14 ./Drivers/STM32H5xx_HAL_Driver/Src/stm32h5xx_hal_fdcan.o
                0x08009568                HAL_FDCAN_TimeoutOccurredCallback
 .text.HAL_FDCAN_HighPriorityMessageCallback
                0x0800957c       0x14 ./Drivers/STM32H5xx_HAL_Driver/Src/stm32h5xx_hal_fdcan.o
                0x0800957c                HAL_FDCAN_HighPriorityMessageCallback
 .text.HAL_FDCAN_ErrorCallback
                0x08009590       0x14 ./Drivers/STM32H5xx_HAL_Driver/Src/stm32h5xx_hal_fdcan.o
                0x08009590                HAL_FDCAN_ErrorCallback
 .text.HAL_FDCAN_ErrorStatusCallback
                0x080095a4       0x16 ./Drivers/STM32H5xx_HAL_Driver/Src/stm32h5xx_hal_fdcan.o
                0x080095a4                HAL_FDCAN_ErrorStatusCallback
 *fill*         0x080095ba        0x2 
 .text.FDCAN_CalcultateRamBlockAddresses
                0x080095bc       0xc4 ./Drivers/STM32H5xx_HAL_Driver/Src/stm32h5xx_hal_fdcan.o
 .text.FDCAN_CopyMessageToRAM
                0x08009680       0xf8 ./Drivers/STM32H5xx_HAL_Driver/Src/stm32h5xx_hal_fdcan.o
 .text.HAL_GPIO_Init
                0x08009778      0x2bc ./Drivers/STM32H5xx_HAL_Driver/Src/stm32h5xx_hal_gpio.o
                0x08009778                HAL_GPIO_Init
 .text.HAL_GPIO_DeInit
                0x08009a34      0x178 ./Drivers/STM32H5xx_HAL_Driver/Src/stm32h5xx_hal_gpio.o
                0x08009a34                HAL_GPIO_DeInit
 .text.HAL_GPIO_WritePin
                0x08009bac       0x30 ./Drivers/STM32H5xx_HAL_Driver/Src/stm32h5xx_hal_gpio.o
                0x08009bac                HAL_GPIO_WritePin
 .text.HAL_I2C_Init
                0x08009bdc      0x136 ./Drivers/STM32H5xx_HAL_Driver/Src/stm32h5xx_hal_i2c.o
                0x08009bdc                HAL_I2C_Init
 *fill*         0x08009d12        0x2 
 .text.HAL_I2C_Mem_Write
                0x08009d14      0x228 ./Drivers/STM32H5xx_HAL_Driver/Src/stm32h5xx_hal_i2c.o
                0x08009d14                HAL_I2C_Mem_Write
 .text.HAL_I2C_Mem_Read
                0x08009f3c      0x234 ./Drivers/STM32H5xx_HAL_Driver/Src/stm32h5xx_hal_i2c.o
                0x08009f3c                HAL_I2C_Mem_Read
 .text.I2C_RequestMemoryWrite
                0x0800a170       0xa8 ./Drivers/STM32H5xx_HAL_Driver/Src/stm32h5xx_hal_i2c.o
 .text.I2C_RequestMemoryRead
                0x0800a218       0xa8 ./Drivers/STM32H5xx_HAL_Driver/Src/stm32h5xx_hal_i2c.o
 .text.I2C_Flush_TXDR
                0x0800a2c0       0x48 ./Drivers/STM32H5xx_HAL_Driver/Src/stm32h5xx_hal_i2c.o
 .text.I2C_WaitOnFlagUntilTimeout
                0x0800a308       0xb2 ./Drivers/STM32H5xx_HAL_Driver/Src/stm32h5xx_hal_i2c.o
 .text.I2C_WaitOnTXISFlagUntilTimeout
                0x0800a3ba       0x8e ./Drivers/STM32H5xx_HAL_Driver/Src/stm32h5xx_hal_i2c.o
 .text.I2C_WaitOnSTOPFlagUntilTimeout
                0x0800a448       0x86 ./Drivers/STM32H5xx_HAL_Driver/Src/stm32h5xx_hal_i2c.o
 *fill*         0x0800a4ce        0x2 
 .text.I2C_IsErrorOccurred
                0x0800a4d0      0x1c0 ./Drivers/STM32H5xx_HAL_Driver/Src/stm32h5xx_hal_i2c.o
 .text.I2C_TransferConfig
                0x0800a690       0x64 ./Drivers/STM32H5xx_HAL_Driver/Src/stm32h5xx_hal_i2c.o
 .text.HAL_I2CEx_ConfigAnalogFilter
                0x0800a6f4       0x96 ./Drivers/STM32H5xx_HAL_Driver/Src/stm32h5xx_hal_i2c_ex.o
                0x0800a6f4                HAL_I2CEx_ConfigAnalogFilter
 .text.HAL_I2CEx_ConfigDigitalFilter
                0x0800a78a       0x98 ./Drivers/STM32H5xx_HAL_Driver/Src/stm32h5xx_hal_i2c_ex.o
                0x0800a78a                HAL_I2CEx_ConfigDigitalFilter
 *fill*         0x0800a822        0x2 
 .text.HAL_ICACHE_ConfigAssociativityMode
                0x0800a824       0x40 ./Drivers/STM32H5xx_HAL_Driver/Src/stm32h5xx_hal_icache.o
                0x0800a824                HAL_ICACHE_ConfigAssociativityMode
 .text.HAL_ICACHE_Enable
                0x0800a864       0x20 ./Drivers/STM32H5xx_HAL_Driver/Src/stm32h5xx_hal_icache.o
                0x0800a864                HAL_ICACHE_Enable
 .text.HAL_RCC_OscConfig
                0x0800a884      0x870 ./Drivers/STM32H5xx_HAL_Driver/Src/stm32h5xx_hal_rcc.o
                0x0800a884                HAL_RCC_OscConfig
 .text.HAL_RCC_ClockConfig
                0x0800b0f4      0x370 ./Drivers/STM32H5xx_HAL_Driver/Src/stm32h5xx_hal_rcc.o
                0x0800b0f4                HAL_RCC_ClockConfig
 .text.HAL_RCC_GetSysClockFreq
                0x0800b464      0x258 ./Drivers/STM32H5xx_HAL_Driver/Src/stm32h5xx_hal_rcc.o
                0x0800b464                HAL_RCC_GetSysClockFreq
 .text.HAL_RCC_GetHCLKFreq
                0x0800b6bc       0x38 ./Drivers/STM32H5xx_HAL_Driver/Src/stm32h5xx_hal_rcc.o
                0x0800b6bc                HAL_RCC_GetHCLKFreq
 .text.HAL_RCC_GetPCLK1Freq
                0x0800b6f4       0x2c ./Drivers/STM32H5xx_HAL_Driver/Src/stm32h5xx_hal_rcc.o
                0x0800b6f4                HAL_RCC_GetPCLK1Freq
 .text.HAL_RCC_GetPCLK2Freq
                0x0800b720       0x2c ./Drivers/STM32H5xx_HAL_Driver/Src/stm32h5xx_hal_rcc.o
                0x0800b720                HAL_RCC_GetPCLK2Freq
 .text.HAL_RCC_GetPCLK3Freq
                0x0800b74c       0x2c ./Drivers/STM32H5xx_HAL_Driver/Src/stm32h5xx_hal_rcc.o
                0x0800b74c                HAL_RCC_GetPCLK3Freq
 .text.HAL_RCCEx_PeriphCLKConfig
                0x0800b778     0x1f14 ./Drivers/STM32H5xx_HAL_Driver/Src/stm32h5xx_hal_rcc_ex.o
                0x0800b778                HAL_RCCEx_PeriphCLKConfig
 .text.HAL_RCCEx_GetPLL1ClockFreq
                0x0800d68c      0x2d8 ./Drivers/STM32H5xx_HAL_Driver/Src/stm32h5xx_hal_rcc_ex.o
                0x0800d68c                HAL_RCCEx_GetPLL1ClockFreq
 .text.HAL_RCCEx_GetPLL2ClockFreq
                0x0800d964      0x2d8 ./Drivers/STM32H5xx_HAL_Driver/Src/stm32h5xx_hal_rcc_ex.o
                0x0800d964                HAL_RCCEx_GetPLL2ClockFreq
 .text.HAL_RCCEx_GetPLL3ClockFreq
                0x0800dc3c      0x2d8 ./Drivers/STM32H5xx_HAL_Driver/Src/stm32h5xx_hal_rcc_ex.o
                0x0800dc3c                HAL_RCCEx_GetPLL3ClockFreq
 .text.HAL_RCCEx_GetPeriphCLKFreq
                0x0800df14     0x26b4 ./Drivers/STM32H5xx_HAL_Driver/Src/stm32h5xx_hal_rcc_ex.o
                0x0800df14                HAL_RCCEx_GetPeriphCLKFreq
 .text.RCCEx_PLL2_Config
                0x080105c8      0x130 ./Drivers/STM32H5xx_HAL_Driver/Src/stm32h5xx_hal_rcc_ex.o
 .text.RCCEx_PLL3_Config
                0x080106f8      0x130 ./Drivers/STM32H5xx_HAL_Driver/Src/stm32h5xx_hal_rcc_ex.o
 .text.HAL_SD_Init
                0x08010828      0x106 ./Drivers/STM32H5xx_HAL_Driver/Src/stm32h5xx_hal_sd.o
                0x08010828                HAL_SD_Init
 *fill*         0x0801092e        0x2 
 .text.HAL_SD_InitCard
                0x08010930      0x164 ./Drivers/STM32H5xx_HAL_Driver/Src/stm32h5xx_hal_sd.o
                0x08010930                HAL_SD_InitCard
 .text.HAL_SD_ReadBlocks
                0x08010a94      0x314 ./Drivers/STM32H5xx_HAL_Driver/Src/stm32h5xx_hal_sd.o
                0x08010a94                HAL_SD_ReadBlocks
 .text.HAL_SD_WriteBlocks
                0x08010da8      0x31c ./Drivers/STM32H5xx_HAL_Driver/Src/stm32h5xx_hal_sd.o
                0x08010da8                HAL_SD_WriteBlocks
 .text.HAL_SD_GetState
                0x080110c4       0x1c ./Drivers/STM32H5xx_HAL_Driver/Src/stm32h5xx_hal_sd.o
                0x080110c4                HAL_SD_GetState
 .text.HAL_SD_GetCardCSD
                0x080110e0      0x348 ./Drivers/STM32H5xx_HAL_Driver/Src/stm32h5xx_hal_sd.o
                0x080110e0                HAL_SD_GetCardCSD
 .text.HAL_SD_GetCardStatus
                0x08011428      0x17c ./Drivers/STM32H5xx_HAL_Driver/Src/stm32h5xx_hal_sd.o
                0x08011428                HAL_SD_GetCardStatus
 .text.HAL_SD_GetCardInfo
                0x080115a4       0x58 ./Drivers/STM32H5xx_HAL_Driver/Src/stm32h5xx_hal_sd.o
                0x080115a4                HAL_SD_GetCardInfo
 .text.HAL_SD_ConfigWideBusOperation
                0x080115fc      0x258 ./Drivers/STM32H5xx_HAL_Driver/Src/stm32h5xx_hal_sd.o
                0x080115fc                HAL_SD_ConfigWideBusOperation
 .text.HAL_SD_GetCardState
                0x08011854       0x40 ./Drivers/STM32H5xx_HAL_Driver/Src/stm32h5xx_hal_sd.o
                0x08011854                HAL_SD_GetCardState
 .text.SD_InitCard
                0x08011894      0x19c ./Drivers/STM32H5xx_HAL_Driver/Src/stm32h5xx_hal_sd.o
 .text.SD_PowerON
                0x08011a30      0x11c ./Drivers/STM32H5xx_HAL_Driver/Src/stm32h5xx_hal_sd.o
 .text.SD_SendSDStatus
                0x08011b4c      0x1a0 ./Drivers/STM32H5xx_HAL_Driver/Src/stm32h5xx_hal_sd.o
 .text.SD_SendStatus
                0x08011cec       0x50 ./Drivers/STM32H5xx_HAL_Driver/Src/stm32h5xx_hal_sd.o
 .text.SD_WideBus_Enable
                0x08011d3c       0x96 ./Drivers/STM32H5xx_HAL_Driver/Src/stm32h5xx_hal_sd.o
 .text.SD_WideBus_Disable
                0x08011dd2       0x96 ./Drivers/STM32H5xx_HAL_Driver/Src/stm32h5xx_hal_sd.o
 .text.SD_FindSCR
                0x08011e68      0x1a0 ./Drivers/STM32H5xx_HAL_Driver/Src/stm32h5xx_hal_sd.o
 .text.HAL_SPI_Init
                0x08012008      0x2e0 ./Drivers/STM32H5xx_HAL_Driver/Src/stm32h5xx_hal_spi.o
                0x08012008                HAL_SPI_Init
 .text.HAL_SPI_Transmit
                0x080122e8      0x470 ./Drivers/STM32H5xx_HAL_Driver/Src/stm32h5xx_hal_spi.o
                0x080122e8                HAL_SPI_Transmit
 .text.HAL_SPI_TransmitReceive
                0x08012758      0x718 ./Drivers/STM32H5xx_HAL_Driver/Src/stm32h5xx_hal_spi.o
                0x08012758                HAL_SPI_TransmitReceive
 .text.SPI_CloseTransfer
                0x08012e70      0x140 ./Drivers/STM32H5xx_HAL_Driver/Src/stm32h5xx_hal_spi.o
 .text.SPI_WaitOnFlagUntilTimeout
                0x08012fb0       0x5c ./Drivers/STM32H5xx_HAL_Driver/Src/stm32h5xx_hal_spi.o
 .text.SPI_GetPacketSize
                0x0801300c       0x36 ./Drivers/STM32H5xx_HAL_Driver/Src/stm32h5xx_hal_spi.o
 .text.HAL_UART_Init
                0x08013042       0xa0 ./Drivers/STM32H5xx_HAL_Driver/Src/stm32h5xx_hal_uart.o
                0x08013042                HAL_UART_Init
 .text.HAL_UART_Transmit
                0x080130e2      0x13c ./Drivers/STM32H5xx_HAL_Driver/Src/stm32h5xx_hal_uart.o
                0x080130e2                HAL_UART_Transmit
 .text.HAL_UART_Receive
                0x0801321e      0x1ae ./Drivers/STM32H5xx_HAL_Driver/Src/stm32h5xx_hal_uart.o
                0x0801321e                HAL_UART_Receive
 .text.HAL_UART_Receive_IT
                0x080133cc       0xc4 ./Drivers/STM32H5xx_HAL_Driver/Src/stm32h5xx_hal_uart.o
                0x080133cc                HAL_UART_Receive_IT
 .text.HAL_UART_AbortReceive_IT
                0x08013490      0x168 ./Drivers/STM32H5xx_HAL_Driver/Src/stm32h5xx_hal_uart.o
                0x08013490                HAL_UART_AbortReceive_IT
 .text.HAL_UART_IRQHandler
                0x080135f8      0x5dc ./Drivers/STM32H5xx_HAL_Driver/Src/stm32h5xx_hal_uart.o
                0x080135f8                HAL_UART_IRQHandler
 .text.HAL_UART_TxCpltCallback
                0x08013bd4       0x14 ./Drivers/STM32H5xx_HAL_Driver/Src/stm32h5xx_hal_uart.o
                0x08013bd4                HAL_UART_TxCpltCallback
 .text.HAL_UART_ErrorCallback
                0x08013be8       0x14 ./Drivers/STM32H5xx_HAL_Driver/Src/stm32h5xx_hal_uart.o
                0x08013be8                HAL_UART_ErrorCallback
 .text.HAL_UART_AbortReceiveCpltCallback
                0x08013bfc       0x14 ./Drivers/STM32H5xx_HAL_Driver/Src/stm32h5xx_hal_uart.o
                0x08013bfc                HAL_UART_AbortReceiveCpltCallback
 .text.HAL_UARTEx_RxEventCallback
                0x08013c10       0x18 ./Drivers/STM32H5xx_HAL_Driver/Src/stm32h5xx_hal_uart.o
                0x08013c10                HAL_UARTEx_RxEventCallback
 .text.UART_SetConfig
                0x08013c28      0x3dc ./Drivers/STM32H5xx_HAL_Driver/Src/stm32h5xx_hal_uart.o
                0x08013c28                UART_SetConfig
 .text.UART_AdvFeatureConfig
                0x08014004      0x144 ./Drivers/STM32H5xx_HAL_Driver/Src/stm32h5xx_hal_uart.o
                0x08014004                UART_AdvFeatureConfig
 .text.UART_CheckIdleState
                0x08014148      0x154 ./Drivers/STM32H5xx_HAL_Driver/Src/stm32h5xx_hal_uart.o
                0x08014148                UART_CheckIdleState
 .text.UART_WaitOnFlagUntilTimeout
                0x0801429c       0xda ./Drivers/STM32H5xx_HAL_Driver/Src/stm32h5xx_hal_uart.o
                0x0801429c                UART_WaitOnFlagUntilTimeout
 *fill*         0x08014376        0x2 
 .text.UART_Start_Receive_IT
                0x08014378      0x244 ./Drivers/STM32H5xx_HAL_Driver/Src/stm32h5xx_hal_uart.o
                0x08014378                UART_Start_Receive_IT
 .text.UART_EndRxTransfer
                0x080145bc       0xcc ./Drivers/STM32H5xx_HAL_Driver/Src/stm32h5xx_hal_uart.o
 .text.UART_DMAAbortOnError
                0x08014688       0x24 ./Drivers/STM32H5xx_HAL_Driver/Src/stm32h5xx_hal_uart.o
 .text.UART_DMARxOnlyAbortCallback
                0x080146ac       0x4a ./Drivers/STM32H5xx_HAL_Driver/Src/stm32h5xx_hal_uart.o
 .text.UART_EndTransmit_IT
                0x080146f6       0x56 ./Drivers/STM32H5xx_HAL_Driver/Src/stm32h5xx_hal_uart.o
 .text.UART_RxISR_8BIT
                0x0801474c      0x1c4 ./Drivers/STM32H5xx_HAL_Driver/Src/stm32h5xx_hal_uart.o
 .text.UART_RxISR_16BIT
                0x08014910      0x1c4 ./Drivers/STM32H5xx_HAL_Driver/Src/stm32h5xx_hal_uart.o
 .text.UART_RxISR_8BIT_FIFOEN
                0x08014ad4      0x370 ./Drivers/STM32H5xx_HAL_Driver/Src/stm32h5xx_hal_uart.o
 .text.UART_RxISR_16BIT_FIFOEN
                0x08014e44      0x378 ./Drivers/STM32H5xx_HAL_Driver/Src/stm32h5xx_hal_uart.o
 .text.HAL_RS485Ex_Init
                0x080151bc       0xd2 ./Drivers/STM32H5xx_HAL_Driver/Src/stm32h5xx_hal_uart_ex.o
                0x080151bc                HAL_RS485Ex_Init
 .text.HAL_UARTEx_WakeupCallback
                0x0801528e       0x14 ./Drivers/STM32H5xx_HAL_Driver/Src/stm32h5xx_hal_uart_ex.o
                0x0801528e                HAL_UARTEx_WakeupCallback
 .text.HAL_UARTEx_RxFifoFullCallback
                0x080152a2       0x14 ./Drivers/STM32H5xx_HAL_Driver/Src/stm32h5xx_hal_uart_ex.o
                0x080152a2                HAL_UARTEx_RxFifoFullCallback
 .text.HAL_UARTEx_TxFifoEmptyCallback
                0x080152b6       0x14 ./Drivers/STM32H5xx_HAL_Driver/Src/stm32h5xx_hal_uart_ex.o
                0x080152b6                HAL_UARTEx_TxFifoEmptyCallback
 .text.HAL_UARTEx_DisableFifoMode
                0x080152ca       0x72 ./Drivers/STM32H5xx_HAL_Driver/Src/stm32h5xx_hal_uart_ex.o
                0x080152ca                HAL_UARTEx_DisableFifoMode
 .text.HAL_UARTEx_SetTxFifoThreshold
                0x0801533c       0x7c ./Drivers/STM32H5xx_HAL_Driver/Src/stm32h5xx_hal_uart_ex.o
                0x0801533c                HAL_UARTEx_SetTxFifoThreshold
 .text.HAL_UARTEx_SetRxFifoThreshold
                0x080153b8       0x7c ./Drivers/STM32H5xx_HAL_Driver/Src/stm32h5xx_hal_uart_ex.o
                0x080153b8                HAL_UARTEx_SetRxFifoThreshold
 .text.UARTEx_SetNbDataToProcess
                0x08015434       0x9c ./Drivers/STM32H5xx_HAL_Driver/Src/stm32h5xx_hal_uart_ex.o
 .text.SDMMC_Init
                0x080154d0       0x54 ./Drivers/STM32H5xx_HAL_Driver/Src/stm32h5xx_ll_sdmmc.o
                0x080154d0                SDMMC_Init
 .text.SDMMC_ReadFIFO
                0x08015524       0x1a ./Drivers/STM32H5xx_HAL_Driver/Src/stm32h5xx_ll_sdmmc.o
                0x08015524                SDMMC_ReadFIFO
 .text.SDMMC_WriteFIFO
                0x0801553e       0x22 ./Drivers/STM32H5xx_HAL_Driver/Src/stm32h5xx_ll_sdmmc.o
                0x0801553e                SDMMC_WriteFIFO
 .text.SDMMC_PowerState_ON
                0x08015560       0x22 ./Drivers/STM32H5xx_HAL_Driver/Src/stm32h5xx_ll_sdmmc.o
                0x08015560                SDMMC_PowerState_ON
 .text.SDMMC_GetPowerState
                0x08015582       0x1c ./Drivers/STM32H5xx_HAL_Driver/Src/stm32h5xx_ll_sdmmc.o
                0x08015582                SDMMC_GetPowerState
 *fill*         0x0801559e        0x2 
 .text.SDMMC_SendCommand
                0x080155a0       0x54 ./Drivers/STM32H5xx_HAL_Driver/Src/stm32h5xx_ll_sdmmc.o
                0x080155a0                SDMMC_SendCommand
 .text.SDMMC_GetCommandResponse
                0x080155f4       0x1a ./Drivers/STM32H5xx_HAL_Driver/Src/stm32h5xx_ll_sdmmc.o
                0x080155f4                SDMMC_GetCommandResponse
 .text.SDMMC_GetResponse
                0x0801560e       0x26 ./Drivers/STM32H5xx_HAL_Driver/Src/stm32h5xx_ll_sdmmc.o
                0x0801560e                SDMMC_GetResponse
 .text.SDMMC_ConfigData
                0x08015634       0x58 ./Drivers/STM32H5xx_HAL_Driver/Src/stm32h5xx_ll_sdmmc.o
                0x08015634                SDMMC_ConfigData
 .text.SDMMC_CmdBlockLength
                0x0801568c       0x46 ./Drivers/STM32H5xx_HAL_Driver/Src/stm32h5xx_ll_sdmmc.o
                0x0801568c                SDMMC_CmdBlockLength
 .text.SDMMC_CmdReadSingleBlock
                0x080156d2       0x46 ./Drivers/STM32H5xx_HAL_Driver/Src/stm32h5xx_ll_sdmmc.o
                0x080156d2                SDMMC_CmdReadSingleBlock
 .text.SDMMC_CmdReadMultiBlock
                0x08015718       0x46 ./Drivers/STM32H5xx_HAL_Driver/Src/stm32h5xx_ll_sdmmc.o
                0x08015718                SDMMC_CmdReadMultiBlock
 .text.SDMMC_CmdWriteSingleBlock
                0x0801575e       0x46 ./Drivers/STM32H5xx_HAL_Driver/Src/stm32h5xx_ll_sdmmc.o
                0x0801575e                SDMMC_CmdWriteSingleBlock
 .text.SDMMC_CmdWriteMultiBlock
                0x080157a4       0x46 ./Drivers/STM32H5xx_HAL_Driver/Src/stm32h5xx_ll_sdmmc.o
                0x080157a4                SDMMC_CmdWriteMultiBlock
 *fill*         0x080157ea        0x2 
 .text.SDMMC_CmdStopTransfer
                0x080157ec       0x78 ./Drivers/STM32H5xx_HAL_Driver/Src/stm32h5xx_ll_sdmmc.o
                0x080157ec                SDMMC_CmdStopTransfer
 .text.SDMMC_CmdSelDesel
                0x08015864       0x46 ./Drivers/STM32H5xx_HAL_Driver/Src/stm32h5xx_ll_sdmmc.o
                0x08015864                SDMMC_CmdSelDesel
 .text.SDMMC_CmdGoIdleState
                0x080158aa       0x3c ./Drivers/STM32H5xx_HAL_Driver/Src/stm32h5xx_ll_sdmmc.o
                0x080158aa                SDMMC_CmdGoIdleState
 .text.SDMMC_CmdOperCond
                0x080158e6       0x40 ./Drivers/STM32H5xx_HAL_Driver/Src/stm32h5xx_ll_sdmmc.o
                0x080158e6                SDMMC_CmdOperCond
 .text.SDMMC_CmdAppCommand
                0x08015926       0x46 ./Drivers/STM32H5xx_HAL_Driver/Src/stm32h5xx_ll_sdmmc.o
                0x08015926                SDMMC_CmdAppCommand
 .text.SDMMC_CmdAppOperCommand
                0x0801596c       0x40 ./Drivers/STM32H5xx_HAL_Driver/Src/stm32h5xx_ll_sdmmc.o
                0x0801596c                SDMMC_CmdAppOperCommand
 .text.SDMMC_CmdBusWidth
                0x080159ac       0x46 ./Drivers/STM32H5xx_HAL_Driver/Src/stm32h5xx_ll_sdmmc.o
                0x080159ac                SDMMC_CmdBusWidth
 .text.SDMMC_CmdSendSCR
                0x080159f2       0x44 ./Drivers/STM32H5xx_HAL_Driver/Src/stm32h5xx_ll_sdmmc.o
                0x080159f2                SDMMC_CmdSendSCR
 .text.SDMMC_CmdSendCID
                0x08015a36       0x3e ./Drivers/STM32H5xx_HAL_Driver/Src/stm32h5xx_ll_sdmmc.o
                0x08015a36                SDMMC_CmdSendCID
 .text.SDMMC_CmdSendCSD
                0x08015a74       0x40 ./Drivers/STM32H5xx_HAL_Driver/Src/stm32h5xx_ll_sdmmc.o
                0x08015a74                SDMMC_CmdSendCSD
 .text.SDMMC_CmdSetRelAdd
                0x08015ab4       0x44 ./Drivers/STM32H5xx_HAL_Driver/Src/stm32h5xx_ll_sdmmc.o
                0x08015ab4                SDMMC_CmdSetRelAdd
 .text.SDMMC_CmdSendStatus
                0x08015af8       0x46 ./Drivers/STM32H5xx_HAL_Driver/Src/stm32h5xx_ll_sdmmc.o
                0x08015af8                SDMMC_CmdSendStatus
 .text.SDMMC_CmdStatusRegister
                0x08015b3e       0x44 ./Drivers/STM32H5xx_HAL_Driver/Src/stm32h5xx_ll_sdmmc.o
                0x08015b3e                SDMMC_CmdStatusRegister
 *fill*         0x08015b82        0x2 
 .text.SDMMC_GetCmdResp1
                0x08015b84      0x1e4 ./Drivers/STM32H5xx_HAL_Driver/Src/stm32h5xx_ll_sdmmc.o
                0x08015b84                SDMMC_GetCmdResp1
 .text.SDMMC_GetCmdResp2
                0x08015d68       0x94 ./Drivers/STM32H5xx_HAL_Driver/Src/stm32h5xx_ll_sdmmc.o
                0x08015d68                SDMMC_GetCmdResp2
 .text.SDMMC_GetCmdResp3
                0x08015dfc       0x80 ./Drivers/STM32H5xx_HAL_Driver/Src/stm32h5xx_ll_sdmmc.o
                0x08015dfc                SDMMC_GetCmdResp3
 .text.SDMMC_GetCmdResp6
                0x08015e7c       0xf0 ./Drivers/STM32H5xx_HAL_Driver/Src/stm32h5xx_ll_sdmmc.o
                0x08015e7c                SDMMC_GetCmdResp6
 .text.SDMMC_GetCmdResp7
                0x08015f6c       0x9c ./Drivers/STM32H5xx_HAL_Driver/Src/stm32h5xx_ll_sdmmc.o
                0x08015f6c                SDMMC_GetCmdResp7
 .text.SDMMC_GetCmdError
                0x08016008       0x5c ./Drivers/STM32H5xx_HAL_Driver/Src/stm32h5xx_ll_sdmmc.o
 .text.sulp     0x08016064       0x3c C:/ST/STM32CubeIDE_1.19.0/STM32CubeIDE/plugins/com.st.stm32cube.ide.mcu.externaltools.gnu-tools-for-stm32.13.3.rel1.win32_1.0.0.202411081344/tools/bin/../lib/gcc/arm-none-eabi/13.3.1/../../../../arm-none-eabi/lib/thumb/v8-m.main+fp/hard\libc_nano.a(libc_a-strtod.o)
 .text._strtod_l
                0x080160a0      0xbc8 C:/ST/STM32CubeIDE_1.19.0/STM32CubeIDE/plugins/com.st.stm32cube.ide.mcu.externaltools.gnu-tools-for-stm32.13.3.rel1.win32_1.0.0.202411081344/tools/bin/../lib/gcc/arm-none-eabi/13.3.1/../../../../arm-none-eabi/lib/thumb/v8-m.main+fp/hard\libc_nano.a(libc_a-strtod.o)
                0x080160a0                _strtod_l
 .text.strtof   0x08016c68       0xc8 C:/ST/STM32CubeIDE_1.19.0/STM32CubeIDE/plugins/com.st.stm32cube.ide.mcu.externaltools.gnu-tools-for-stm32.13.3.rel1.win32_1.0.0.202411081344/tools/bin/../lib/gcc/arm-none-eabi/13.3.1/../../../../arm-none-eabi/lib/thumb/v8-m.main+fp/hard\libc_nano.a(libc_a-strtod.o)
                0x08016c68                strtof
 .text._strtol_l.isra.0
                0x08016d30       0xf4 C:/ST/STM32CubeIDE_1.19.0/STM32CubeIDE/plugins/com.st.stm32cube.ide.mcu.externaltools.gnu-tools-for-stm32.13.3.rel1.win32_1.0.0.202411081344/tools/bin/../lib/gcc/arm-none-eabi/13.3.1/../../../../arm-none-eabi/lib/thumb/v8-m.main+fp/hard\libc_nano.a(libc_a-strtol.o)
 .text.strtol   0x08016e24       0x14 C:/ST/STM32CubeIDE_1.19.0/STM32CubeIDE/plugins/com.st.stm32cube.ide.mcu.externaltools.gnu-tools-for-stm32.13.3.rel1.win32_1.0.0.202411081344/tools/bin/../lib/gcc/arm-none-eabi/13.3.1/../../../../arm-none-eabi/lib/thumb/v8-m.main+fp/hard\libc_nano.a(libc_a-strtol.o)
                0x08016e24                strtol
 .text.std      0x08016e38       0x6c C:/ST/STM32CubeIDE_1.19.0/STM32CubeIDE/plugins/com.st.stm32cube.ide.mcu.externaltools.gnu-tools-for-stm32.13.3.rel1.win32_1.0.0.202411081344/tools/bin/../lib/gcc/arm-none-eabi/13.3.1/../../../../arm-none-eabi/lib/thumb/v8-m.main+fp/hard\libc_nano.a(libc_a-findfp.o)
 .text.stdio_exit_handler
                0x08016ea4       0x18 C:/ST/STM32CubeIDE_1.19.0/STM32CubeIDE/plugins/com.st.stm32cube.ide.mcu.externaltools.gnu-tools-for-stm32.13.3.rel1.win32_1.0.0.202411081344/tools/bin/../lib/gcc/arm-none-eabi/13.3.1/../../../../arm-none-eabi/lib/thumb/v8-m.main+fp/hard\libc_nano.a(libc_a-findfp.o)
 .text.cleanup_stdio
                0x08016ebc       0x40 C:/ST/STM32CubeIDE_1.19.0/STM32CubeIDE/plugins/com.st.stm32cube.ide.mcu.externaltools.gnu-tools-for-stm32.13.3.rel1.win32_1.0.0.202411081344/tools/bin/../lib/gcc/arm-none-eabi/13.3.1/../../../../arm-none-eabi/lib/thumb/v8-m.main+fp/hard\libc_nano.a(libc_a-findfp.o)
 .text.global_stdio_init.part.0
                0x08016efc       0x3c C:/ST/STM32CubeIDE_1.19.0/STM32CubeIDE/plugins/com.st.stm32cube.ide.mcu.externaltools.gnu-tools-for-stm32.13.3.rel1.win32_1.0.0.202411081344/tools/bin/../lib/gcc/arm-none-eabi/13.3.1/../../../../arm-none-eabi/lib/thumb/v8-m.main+fp/hard\libc_nano.a(libc_a-findfp.o)
 .text.__sfp_lock_acquire
                0x08016f38        0xc C:/ST/STM32CubeIDE_1.19.0/STM32CubeIDE/plugins/com.st.stm32cube.ide.mcu.externaltools.gnu-tools-for-stm32.13.3.rel1.win32_1.0.0.202411081344/tools/bin/../lib/gcc/arm-none-eabi/13.3.1/../../../../arm-none-eabi/lib/thumb/v8-m.main+fp/hard\libc_nano.a(libc_a-findfp.o)
                0x08016f38                __sfp_lock_acquire
 .text.__sfp_lock_release
                0x08016f44        0xc C:/ST/STM32CubeIDE_1.19.0/STM32CubeIDE/plugins/com.st.stm32cube.ide.mcu.externaltools.gnu-tools-for-stm32.13.3.rel1.win32_1.0.0.202411081344/tools/bin/../lib/gcc/arm-none-eabi/13.3.1/../../../../arm-none-eabi/lib/thumb/v8-m.main+fp/hard\libc_nano.a(libc_a-findfp.o)
                0x08016f44                __sfp_lock_release
 .text.__sinit  0x08016f50       0x30 C:/ST/STM32CubeIDE_1.19.0/STM32CubeIDE/plugins/com.st.stm32cube.ide.mcu.externaltools.gnu-tools-for-stm32.13.3.rel1.win32_1.0.0.202411081344/tools/bin/../lib/gcc/arm-none-eabi/13.3.1/../../../../arm-none-eabi/lib/thumb/v8-m.main+fp/hard\libc_nano.a(libc_a-findfp.o)
                0x08016f50                __sinit
 .text._fwalk_sglue
                0x08016f80       0x3c C:/ST/STM32CubeIDE_1.19.0/STM32CubeIDE/plugins/com.st.stm32cube.ide.mcu.externaltools.gnu-tools-for-stm32.13.3.rel1.win32_1.0.0.202411081344/tools/bin/../lib/gcc/arm-none-eabi/13.3.1/../../../../arm-none-eabi/lib/thumb/v8-m.main+fp/hard\libc_nano.a(libc_a-fwalk.o)
                0x08016f80                _fwalk_sglue
 .text.snprintf
                0x08016fbc       0x6c C:/ST/STM32CubeIDE_1.19.0/STM32CubeIDE/plugins/com.st.stm32cube.ide.mcu.externaltools.gnu-tools-for-stm32.13.3.rel1.win32_1.0.0.202411081344/tools/bin/../lib/gcc/arm-none-eabi/13.3.1/../../../../arm-none-eabi/lib/thumb/v8-m.main+fp/hard\libc_nano.a(libc_a-snprintf.o)
                0x08016fbc                sniprintf
                0x08016fbc                snprintf
 .text.__sread  0x08017028       0x22 C:/ST/STM32CubeIDE_1.19.0/STM32CubeIDE/plugins/com.st.stm32cube.ide.mcu.externaltools.gnu-tools-for-stm32.13.3.rel1.win32_1.0.0.202411081344/tools/bin/../lib/gcc/arm-none-eabi/13.3.1/../../../../arm-none-eabi/lib/thumb/v8-m.main+fp/hard\libc_nano.a(libc_a-stdio.o)
                0x08017028                __sread
 .text.__swrite
                0x0801704a       0x38 C:/ST/STM32CubeIDE_1.19.0/STM32CubeIDE/plugins/com.st.stm32cube.ide.mcu.externaltools.gnu-tools-for-stm32.13.3.rel1.win32_1.0.0.202411081344/tools/bin/../lib/gcc/arm-none-eabi/13.3.1/../../../../arm-none-eabi/lib/thumb/v8-m.main+fp/hard\libc_nano.a(libc_a-stdio.o)
                0x0801704a                __swrite
 .text.__sseek  0x08017082       0x24 C:/ST/STM32CubeIDE_1.19.0/STM32CubeIDE/plugins/com.st.stm32cube.ide.mcu.externaltools.gnu-tools-for-stm32.13.3.rel1.win32_1.0.0.202411081344/tools/bin/../lib/gcc/arm-none-eabi/13.3.1/../../../../arm-none-eabi/lib/thumb/v8-m.main+fp/hard\libc_nano.a(libc_a-stdio.o)
                0x08017082                __sseek
 .text.__sclose
                0x080170a6        0x8 C:/ST/STM32CubeIDE_1.19.0/STM32CubeIDE/plugins/com.st.stm32cube.ide.mcu.externaltools.gnu-tools-for-stm32.13.3.rel1.win32_1.0.0.202411081344/tools/bin/../lib/gcc/arm-none-eabi/13.3.1/../../../../arm-none-eabi/lib/thumb/v8-m.main+fp/hard\libc_nano.a(libc_a-stdio.o)
                0x080170a6                __sclose
 .text._vsnprintf_r
                0x080170ae       0x5c C:/ST/STM32CubeIDE_1.19.0/STM32CubeIDE/plugins/com.st.stm32cube.ide.mcu.externaltools.gnu-tools-for-stm32.13.3.rel1.win32_1.0.0.202411081344/tools/bin/../lib/gcc/arm-none-eabi/13.3.1/../../../../arm-none-eabi/lib/thumb/v8-m.main+fp/hard\libc_nano.a(libc_a-vsnprintf.o)
                0x080170ae                _vsniprintf_r
                0x080170ae                _vsnprintf_r
 *fill*         0x0801710a        0x2 
 .text.vsnprintf
                0x0801710c       0x1c C:/ST/STM32CubeIDE_1.19.0/STM32CubeIDE/plugins/com.st.stm32cube.ide.mcu.externaltools.gnu-tools-for-stm32.13.3.rel1.win32_1.0.0.202411081344/tools/bin/../lib/gcc/arm-none-eabi/13.3.1/../../../../arm-none-eabi/lib/thumb/v8-m.main+fp/hard\libc_nano.a(libc_a-vsnprintf.o)
                0x0801710c                vsniprintf
                0x0801710c                vsnprintf
 .text.memcmp   0x08017128       0x20 C:/ST/STM32CubeIDE_1.19.0/STM32CubeIDE/plugins/com.st.stm32cube.ide.mcu.externaltools.gnu-tools-for-stm32.13.3.rel1.win32_1.0.0.202411081344/tools/bin/../lib/gcc/arm-none-eabi/13.3.1/../../../../arm-none-eabi/lib/thumb/v8-m.main+fp/hard\libc_nano.a(libc_a-memcmp.o)
                0x08017128                memcmp
 .text.memset   0x08017148       0x10 C:/ST/STM32CubeIDE_1.19.0/STM32CubeIDE/plugins/com.st.stm32cube.ide.mcu.externaltools.gnu-tools-for-stm32.13.3.rel1.win32_1.0.0.202411081344/tools/bin/../lib/gcc/arm-none-eabi/13.3.1/../../../../arm-none-eabi/lib/thumb/v8-m.main+fp/hard\libc_nano.a(libc_a-memset.o)
                0x08017148                memset
 .text.strchr   0x08017158       0x1a C:/ST/STM32CubeIDE_1.19.0/STM32CubeIDE/plugins/com.st.stm32cube.ide.mcu.externaltools.gnu-tools-for-stm32.13.3.rel1.win32_1.0.0.202411081344/tools/bin/../lib/gcc/arm-none-eabi/13.3.1/../../../../arm-none-eabi/lib/thumb/v8-m.main+fp/hard\libc_nano.a(libc_a-strchr.o)
                0x08017158                strchr
 .text.strncmp  0x08017172       0x24 C:/ST/STM32CubeIDE_1.19.0/STM32CubeIDE/plugins/com.st.stm32cube.ide.mcu.externaltools.gnu-tools-for-stm32.13.3.rel1.win32_1.0.0.202411081344/tools/bin/../lib/gcc/arm-none-eabi/13.3.1/../../../../arm-none-eabi/lib/thumb/v8-m.main+fp/hard\libc_nano.a(libc_a-strncmp.o)
                0x08017172                strncmp
 .text.strncpy  0x08017196       0x26 C:/ST/STM32CubeIDE_1.19.0/STM32CubeIDE/plugins/com.st.stm32cube.ide.mcu.externaltools.gnu-tools-for-stm32.13.3.rel1.win32_1.0.0.202411081344/tools/bin/../lib/gcc/arm-none-eabi/13.3.1/../../../../arm-none-eabi/lib/thumb/v8-m.main+fp/hard\libc_nano.a(libc_a-strncpy.o)
                0x08017196                strncpy
 .text.__strtok_r
                0x080171bc       0x50 C:/ST/STM32CubeIDE_1.19.0/STM32CubeIDE/plugins/com.st.stm32cube.ide.mcu.externaltools.gnu-tools-for-stm32.13.3.rel1.win32_1.0.0.202411081344/tools/bin/../lib/gcc/arm-none-eabi/13.3.1/../../../../arm-none-eabi/lib/thumb/v8-m.main+fp/hard\libc_nano.a(libc_a-strtok_r.o)
                0x080171bc                __strtok_r
 .text.strtok_r
                0x0801720c        0x6 C:/ST/STM32CubeIDE_1.19.0/STM32CubeIDE/plugins/com.st.stm32cube.ide.mcu.externaltools.gnu-tools-for-stm32.13.3.rel1.win32_1.0.0.202411081344/tools/bin/../lib/gcc/arm-none-eabi/13.3.1/../../../../arm-none-eabi/lib/thumb/v8-m.main+fp/hard\libc_nano.a(libc_a-strtok_r.o)
                0x0801720c                strtok_r
 *fill*         0x08017212        0x2 
 .text._close_r
                0x08017214       0x20 C:/ST/STM32CubeIDE_1.19.0/STM32CubeIDE/plugins/com.st.stm32cube.ide.mcu.externaltools.gnu-tools-for-stm32.13.3.rel1.win32_1.0.0.202411081344/tools/bin/../lib/gcc/arm-none-eabi/13.3.1/../../../../arm-none-eabi/lib/thumb/v8-m.main+fp/hard\libc_nano.a(libc_a-closer.o)
                0x08017214                _close_r
 .text._lseek_r
                0x08017234       0x24 C:/ST/STM32CubeIDE_1.19.0/STM32CubeIDE/plugins/com.st.stm32cube.ide.mcu.externaltools.gnu-tools-for-stm32.13.3.rel1.win32_1.0.0.202411081344/tools/bin/../lib/gcc/arm-none-eabi/13.3.1/../../../../arm-none-eabi/lib/thumb/v8-m.main+fp/hard\libc_nano.a(libc_a-lseekr.o)
                0x08017234                _lseek_r
 .text._read_r  0x08017258       0x24 C:/ST/STM32CubeIDE_1.19.0/STM32CubeIDE/plugins/com.st.stm32cube.ide.mcu.externaltools.gnu-tools-for-stm32.13.3.rel1.win32_1.0.0.202411081344/tools/bin/../lib/gcc/arm-none-eabi/13.3.1/../../../../arm-none-eabi/lib/thumb/v8-m.main+fp/hard\libc_nano.a(libc_a-readr.o)
                0x08017258                _read_r
 .text._write_r
                0x0801727c       0x24 C:/ST/STM32CubeIDE_1.19.0/STM32CubeIDE/plugins/com.st.stm32cube.ide.mcu.externaltools.gnu-tools-for-stm32.13.3.rel1.win32_1.0.0.202411081344/tools/bin/../lib/gcc/arm-none-eabi/13.3.1/../../../../arm-none-eabi/lib/thumb/v8-m.main+fp/hard\libc_nano.a(libc_a-writer.o)
                0x0801727c                _write_r
 .text.__errno  0x080172a0        0xc C:/ST/STM32CubeIDE_1.19.0/STM32CubeIDE/plugins/com.st.stm32cube.ide.mcu.externaltools.gnu-tools-for-stm32.13.3.rel1.win32_1.0.0.202411081344/tools/bin/../lib/gcc/arm-none-eabi/13.3.1/../../../../arm-none-eabi/lib/thumb/v8-m.main+fp/hard\libc_nano.a(libc_a-errno.o)
                0x080172a0                __errno
 .text.__libc_init_array
                0x080172ac       0x48 C:/ST/STM32CubeIDE_1.19.0/STM32CubeIDE/plugins/com.st.stm32cube.ide.mcu.externaltools.gnu-tools-for-stm32.13.3.rel1.win32_1.0.0.202411081344/tools/bin/../lib/gcc/arm-none-eabi/13.3.1/../../../../arm-none-eabi/lib/thumb/v8-m.main+fp/hard\libc_nano.a(libc_a-init.o)
                0x080172ac                __libc_init_array
 .text.__retarget_lock_init_recursive
                0x080172f4        0x2 C:/ST/STM32CubeIDE_1.19.0/STM32CubeIDE/plugins/com.st.stm32cube.ide.mcu.externaltools.gnu-tools-for-stm32.13.3.rel1.win32_1.0.0.202411081344/tools/bin/../lib/gcc/arm-none-eabi/13.3.1/../../../../arm-none-eabi/lib/thumb/v8-m.main+fp/hard\libc_nano.a(libc_a-lock.o)
                0x080172f4                __retarget_lock_init_recursive
 .text.__retarget_lock_acquire_recursive
                0x080172f6        0x2 C:/ST/STM32CubeIDE_1.19.0/STM32CubeIDE/plugins/com.st.stm32cube.ide.mcu.externaltools.gnu-tools-for-stm32.13.3.rel1.win32_1.0.0.202411081344/tools/bin/../lib/gcc/arm-none-eabi/13.3.1/../../../../arm-none-eabi/lib/thumb/v8-m.main+fp/hard\libc_nano.a(libc_a-lock.o)
                0x080172f6                __retarget_lock_acquire_recursive
 .text.__retarget_lock_release_recursive
                0x080172f8        0x2 C:/ST/STM32CubeIDE_1.19.0/STM32CubeIDE/plugins/com.st.stm32cube.ide.mcu.externaltools.gnu-tools-for-stm32.13.3.rel1.win32_1.0.0.202411081344/tools/bin/../lib/gcc/arm-none-eabi/13.3.1/../../../../arm-none-eabi/lib/thumb/v8-m.main+fp/hard\libc_nano.a(libc_a-lock.o)
                0x080172f8                __retarget_lock_release_recursive
 .text.memcpy   0x080172fa       0x1a C:/ST/STM32CubeIDE_1.19.0/STM32CubeIDE/plugins/com.st.stm32cube.ide.mcu.externaltools.gnu-tools-for-stm32.13.3.rel1.win32_1.0.0.202411081344/tools/bin/../lib/gcc/arm-none-eabi/13.3.1/../../../../arm-none-eabi/lib/thumb/v8-m.main+fp/hard\libc_nano.a(libc_a-memcpy-stub.o)
                0x080172fa                memcpy
 *fill*         0x08017314        0x4 
 .text.nan      0x08017318       0x10 C:/ST/STM32CubeIDE_1.19.0/STM32CubeIDE/plugins/com.st.stm32cube.ide.mcu.externaltools.gnu-tools-for-stm32.13.3.rel1.win32_1.0.0.202411081344/tools/bin/../lib/gcc/arm-none-eabi/13.3.1/../../../../arm-none-eabi/lib/thumb/v8-m.main+fp/hard\libc_nano.a(libm_a-s_nan.o)
                0x08017318                nan
 .text.nanf     0x08017328        0xc C:/ST/STM32CubeIDE_1.19.0/STM32CubeIDE/plugins/com.st.stm32cube.ide.mcu.externaltools.gnu-tools-for-stm32.13.3.rel1.win32_1.0.0.202411081344/tools/bin/../lib/gcc/arm-none-eabi/13.3.1/../../../../arm-none-eabi/lib/thumb/v8-m.main+fp/hard\libc_nano.a(libm_a-sf_nan.o)
                0x08017328                nanf
 .text._free_r  0x08017334       0x94 C:/ST/STM32CubeIDE_1.19.0/STM32CubeIDE/plugins/com.st.stm32cube.ide.mcu.externaltools.gnu-tools-for-stm32.13.3.rel1.win32_1.0.0.202411081344/tools/bin/../lib/gcc/arm-none-eabi/13.3.1/../../../../arm-none-eabi/lib/thumb/v8-m.main+fp/hard\libc_nano.a(libc_a-freer.o)
                0x08017334                _free_r
 .text.rshift   0x080173c8       0xa2 C:/ST/STM32CubeIDE_1.19.0/STM32CubeIDE/plugins/com.st.stm32cube.ide.mcu.externaltools.gnu-tools-for-stm32.13.3.rel1.win32_1.0.0.202411081344/tools/bin/../lib/gcc/arm-none-eabi/13.3.1/../../../../arm-none-eabi/lib/thumb/v8-m.main+fp/hard\libc_nano.a(libc_a-gdtoa-gethex.o)
 .text.__hexdig_fun
                0x0801746a       0x2a C:/ST/STM32CubeIDE_1.19.0/STM32CubeIDE/plugins/com.st.stm32cube.ide.mcu.externaltools.gnu-tools-for-stm32.13.3.rel1.win32_1.0.0.202411081344/tools/bin/../lib/gcc/arm-none-eabi/13.3.1/../../../../arm-none-eabi/lib/thumb/v8-m.main+fp/hard\libc_nano.a(libc_a-gdtoa-gethex.o)
                0x0801746a                __hexdig_fun
 .text.__gethex
                0x08017494      0x41c C:/ST/STM32CubeIDE_1.19.0/STM32CubeIDE/plugins/com.st.stm32cube.ide.mcu.externaltools.gnu-tools-for-stm32.13.3.rel1.win32_1.0.0.202411081344/tools/bin/../lib/gcc/arm-none-eabi/13.3.1/../../../../arm-none-eabi/lib/thumb/v8-m.main+fp/hard\libc_nano.a(libc_a-gdtoa-gethex.o)
                0x08017494                __gethex
 .text.L_shift  0x080178b0       0x24 C:/ST/STM32CubeIDE_1.19.0/STM32CubeIDE/plugins/com.st.stm32cube.ide.mcu.externaltools.gnu-tools-for-stm32.13.3.rel1.win32_1.0.0.202411081344/tools/bin/../lib/gcc/arm-none-eabi/13.3.1/../../../../arm-none-eabi/lib/thumb/v8-m.main+fp/hard\libc_nano.a(libc_a-gdtoa-hexnan.o)
 .text.__match  0x080178d4       0x28 C:/ST/STM32CubeIDE_1.19.0/STM32CubeIDE/plugins/com.st.stm32cube.ide.mcu.externaltools.gnu-tools-for-stm32.13.3.rel1.win32_1.0.0.202411081344/tools/bin/../lib/gcc/arm-none-eabi/13.3.1/../../../../arm-none-eabi/lib/thumb/v8-m.main+fp/hard\libc_nano.a(libc_a-gdtoa-hexnan.o)
                0x080178d4                __match
 .text.__hexnan
                0x080178fc      0x136 C:/ST/STM32CubeIDE_1.19.0/STM32CubeIDE/plugins/com.st.stm32cube.ide.mcu.externaltools.gnu-tools-for-stm32.13.3.rel1.win32_1.0.0.202411081344/tools/bin/../lib/gcc/arm-none-eabi/13.3.1/../../../../arm-none-eabi/lib/thumb/v8-m.main+fp/hard\libc_nano.a(libc_a-gdtoa-hexnan.o)
                0x080178fc                __hexnan
 *fill*         0x08017a32        0x2 
 .text.sbrk_aligned
                0x08017a34       0x44 C:/ST/STM32CubeIDE_1.19.0/STM32CubeIDE/plugins/com.st.stm32cube.ide.mcu.externaltools.gnu-tools-for-stm32.13.3.rel1.win32_1.0.0.202411081344/tools/bin/../lib/gcc/arm-none-eabi/13.3.1/../../../../arm-none-eabi/lib/thumb/v8-m.main+fp/hard\libc_nano.a(libc_a-mallocr.o)
 .text._malloc_r
                0x08017a78      0x100 C:/ST/STM32CubeIDE_1.19.0/STM32CubeIDE/plugins/com.st.stm32cube.ide.mcu.externaltools.gnu-tools-for-stm32.13.3.rel1.win32_1.0.0.202411081344/tools/bin/../lib/gcc/arm-none-eabi/13.3.1/../../../../arm-none-eabi/lib/thumb/v8-m.main+fp/hard\libc_nano.a(libc_a-mallocr.o)
                0x08017a78                _malloc_r
 .text.__ascii_mbtowc
                0x08017b78       0x24 C:/ST/STM32CubeIDE_1.19.0/STM32CubeIDE/plugins/com.st.stm32cube.ide.mcu.externaltools.gnu-tools-for-stm32.13.3.rel1.win32_1.0.0.202411081344/tools/bin/../lib/gcc/arm-none-eabi/13.3.1/../../../../arm-none-eabi/lib/thumb/v8-m.main+fp/hard\libc_nano.a(libc_a-mbtowc_r.o)
                0x08017b78                __ascii_mbtowc
 .text.__malloc_lock
                0x08017b9c        0xc C:/ST/STM32CubeIDE_1.19.0/STM32CubeIDE/plugins/com.st.stm32cube.ide.mcu.externaltools.gnu-tools-for-stm32.13.3.rel1.win32_1.0.0.202411081344/tools/bin/../lib/gcc/arm-none-eabi/13.3.1/../../../../arm-none-eabi/lib/thumb/v8-m.main+fp/hard\libc_nano.a(libc_a-mlock.o)
                0x08017b9c                __malloc_lock
 .text.__malloc_unlock
                0x08017ba8        0xc C:/ST/STM32CubeIDE_1.19.0/STM32CubeIDE/plugins/com.st.stm32cube.ide.mcu.externaltools.gnu-tools-for-stm32.13.3.rel1.win32_1.0.0.202411081344/tools/bin/../lib/gcc/arm-none-eabi/13.3.1/../../../../arm-none-eabi/lib/thumb/v8-m.main+fp/hard\libc_nano.a(libc_a-mlock.o)
                0x08017ba8                __malloc_unlock
 .text._Balloc  0x08017bb4       0x80 C:/ST/STM32CubeIDE_1.19.0/STM32CubeIDE/plugins/com.st.stm32cube.ide.mcu.externaltools.gnu-tools-for-stm32.13.3.rel1.win32_1.0.0.202411081344/tools/bin/../lib/gcc/arm-none-eabi/13.3.1/../../../../arm-none-eabi/lib/thumb/v8-m.main+fp/hard\libc_nano.a(libc_a-mprec.o)
                0x08017bb4                _Balloc
 .text._Bfree   0x08017c34       0x44 C:/ST/STM32CubeIDE_1.19.0/STM32CubeIDE/plugins/com.st.stm32cube.ide.mcu.externaltools.gnu-tools-for-stm32.13.3.rel1.win32_1.0.0.202411081344/tools/bin/../lib/gcc/arm-none-eabi/13.3.1/../../../../arm-none-eabi/lib/thumb/v8-m.main+fp/hard\libc_nano.a(libc_a-mprec.o)
                0x08017c34                _Bfree
 .text.__multadd
                0x08017c78       0x90 C:/ST/STM32CubeIDE_1.19.0/STM32CubeIDE/plugins/com.st.stm32cube.ide.mcu.externaltools.gnu-tools-for-stm32.13.3.rel1.win32_1.0.0.202411081344/tools/bin/../lib/gcc/arm-none-eabi/13.3.1/../../../../arm-none-eabi/lib/thumb/v8-m.main+fp/hard\libc_nano.a(libc_a-mprec.o)
                0x08017c78                __multadd
 .text.__s2b    0x08017d08       0x94 C:/ST/STM32CubeIDE_1.19.0/STM32CubeIDE/plugins/com.st.stm32cube.ide.mcu.externaltools.gnu-tools-for-stm32.13.3.rel1.win32_1.0.0.202411081344/tools/bin/../lib/gcc/arm-none-eabi/13.3.1/../../../../arm-none-eabi/lib/thumb/v8-m.main+fp/hard\libc_nano.a(libc_a-mprec.o)
                0x08017d08                __s2b
 .text.__hi0bits
                0x08017d9c       0x3e C:/ST/STM32CubeIDE_1.19.0/STM32CubeIDE/plugins/com.st.stm32cube.ide.mcu.externaltools.gnu-tools-for-stm32.13.3.rel1.win32_1.0.0.202411081344/tools/bin/../lib/gcc/arm-none-eabi/13.3.1/../../../../arm-none-eabi/lib/thumb/v8-m.main+fp/hard\libc_nano.a(libc_a-mprec.o)
                0x08017d9c                __hi0bits
 .text.__lo0bits
                0x08017dda       0x5a C:/ST/STM32CubeIDE_1.19.0/STM32CubeIDE/plugins/com.st.stm32cube.ide.mcu.externaltools.gnu-tools-for-stm32.13.3.rel1.win32_1.0.0.202411081344/tools/bin/../lib/gcc/arm-none-eabi/13.3.1/../../../../arm-none-eabi/lib/thumb/v8-m.main+fp/hard\libc_nano.a(libc_a-mprec.o)
                0x08017dda                __lo0bits
 .text.__i2b    0x08017e34       0x2c C:/ST/STM32CubeIDE_1.19.0/STM32CubeIDE/plugins/com.st.stm32cube.ide.mcu.externaltools.gnu-tools-for-stm32.13.3.rel1.win32_1.0.0.202411081344/tools/bin/../lib/gcc/arm-none-eabi/13.3.1/../../../../arm-none-eabi/lib/thumb/v8-m.main+fp/hard\libc_nano.a(libc_a-mprec.o)
                0x08017e34                __i2b
 .text.__multiply
                0x08017e60      0x148 C:/ST/STM32CubeIDE_1.19.0/STM32CubeIDE/plugins/com.st.stm32cube.ide.mcu.externaltools.gnu-tools-for-stm32.13.3.rel1.win32_1.0.0.202411081344/tools/bin/../lib/gcc/arm-none-eabi/13.3.1/../../../../arm-none-eabi/lib/thumb/v8-m.main+fp/hard\libc_nano.a(libc_a-mprec.o)
                0x08017e60                __multiply
 .text.__pow5mult
                0x08017fa8       0xb4 C:/ST/STM32CubeIDE_1.19.0/STM32CubeIDE/plugins/com.st.stm32cube.ide.mcu.externaltools.gnu-tools-for-stm32.13.3.rel1.win32_1.0.0.202411081344/tools/bin/../lib/gcc/arm-none-eabi/13.3.1/../../../../arm-none-eabi/lib/thumb/v8-m.main+fp/hard\libc_nano.a(libc_a-mprec.o)
                0x08017fa8                __pow5mult
 .text.__lshift
                0x0801805c       0xd8 C:/ST/STM32CubeIDE_1.19.0/STM32CubeIDE/plugins/com.st.stm32cube.ide.mcu.externaltools.gnu-tools-for-stm32.13.3.rel1.win32_1.0.0.202411081344/tools/bin/../lib/gcc/arm-none-eabi/13.3.1/../../../../arm-none-eabi/lib/thumb/v8-m.main+fp/hard\libc_nano.a(libc_a-mprec.o)
                0x0801805c                __lshift
 .text.__mcmp   0x08018134       0x36 C:/ST/STM32CubeIDE_1.19.0/STM32CubeIDE/plugins/com.st.stm32cube.ide.mcu.externaltools.gnu-tools-for-stm32.13.3.rel1.win32_1.0.0.202411081344/tools/bin/../lib/gcc/arm-none-eabi/13.3.1/../../../../arm-none-eabi/lib/thumb/v8-m.main+fp/hard\libc_nano.a(libc_a-mprec.o)
                0x08018134                __mcmp
 *fill*         0x0801816a        0x2 
 .text.__mdiff  0x0801816c      0x130 C:/ST/STM32CubeIDE_1.19.0/STM32CubeIDE/plugins/com.st.stm32cube.ide.mcu.externaltools.gnu-tools-for-stm32.13.3.rel1.win32_1.0.0.202411081344/tools/bin/../lib/gcc/arm-none-eabi/13.3.1/../../../../arm-none-eabi/lib/thumb/v8-m.main+fp/hard\libc_nano.a(libc_a-mprec.o)
                0x0801816c                __mdiff
 .text.__ulp    0x0801829c       0x4c C:/ST/STM32CubeIDE_1.19.0/STM32CubeIDE/plugins/com.st.stm32cube.ide.mcu.externaltools.gnu-tools-for-stm32.13.3.rel1.win32_1.0.0.202411081344/tools/bin/../lib/gcc/arm-none-eabi/13.3.1/../../../../arm-none-eabi/lib/thumb/v8-m.main+fp/hard\libc_nano.a(libc_a-mprec.o)
                0x0801829c                __ulp
 .text.__b2d    0x080182e8       0x9c C:/ST/STM32CubeIDE_1.19.0/STM32CubeIDE/plugins/com.st.stm32cube.ide.mcu.externaltools.gnu-tools-for-stm32.13.3.rel1.win32_1.0.0.202411081344/tools/bin/../lib/gcc/arm-none-eabi/13.3.1/../../../../arm-none-eabi/lib/thumb/v8-m.main+fp/hard\libc_nano.a(libc_a-mprec.o)
                0x080182e8                __b2d
 .text.__d2b    0x08018384       0xb0 C:/ST/STM32CubeIDE_1.19.0/STM32CubeIDE/plugins/com.st.stm32cube.ide.mcu.externaltools.gnu-tools-for-stm32.13.3.rel1.win32_1.0.0.202411081344/tools/bin/../lib/gcc/arm-none-eabi/13.3.1/../../../../arm-none-eabi/lib/thumb/v8-m.main+fp/hard\libc_nano.a(libc_a-mprec.o)
                0x08018384                __d2b
 .text.__ratio  0x08018434       0x64 C:/ST/STM32CubeIDE_1.19.0/STM32CubeIDE/plugins/com.st.stm32cube.ide.mcu.externaltools.gnu-tools-for-stm32.13.3.rel1.win32_1.0.0.202411081344/tools/bin/../lib/gcc/arm-none-eabi/13.3.1/../../../../arm-none-eabi/lib/thumb/v8-m.main+fp/hard\libc_nano.a(libc_a-mprec.o)
                0x08018434                __ratio
 .text.__copybits
                0x08018498       0x46 C:/ST/STM32CubeIDE_1.19.0/STM32CubeIDE/plugins/com.st.stm32cube.ide.mcu.externaltools.gnu-tools-for-stm32.13.3.rel1.win32_1.0.0.202411081344/tools/bin/../lib/gcc/arm-none-eabi/13.3.1/../../../../arm-none-eabi/lib/thumb/v8-m.main+fp/hard\libc_nano.a(libc_a-mprec.o)
                0x08018498                __copybits
 .text.__any_on
                0x080184de       0x42 C:/ST/STM32CubeIDE_1.19.0/STM32CubeIDE/plugins/com.st.stm32cube.ide.mcu.externaltools.gnu-tools-for-stm32.13.3.rel1.win32_1.0.0.202411081344/tools/bin/../lib/gcc/arm-none-eabi/13.3.1/../../../../arm-none-eabi/lib/thumb/v8-m.main+fp/hard\libc_nano.a(libc_a-mprec.o)
                0x080184de                __any_on
 .text.__ascii_wctomb
                0x08018520       0x1a C:/ST/STM32CubeIDE_1.19.0/STM32CubeIDE/plugins/com.st.stm32cube.ide.mcu.externaltools.gnu-tools-for-stm32.13.3.rel1.win32_1.0.0.202411081344/tools/bin/../lib/gcc/arm-none-eabi/13.3.1/../../../../arm-none-eabi/lib/thumb/v8-m.main+fp/hard\libc_nano.a(libc_a-wctomb_r.o)
                0x08018520                __ascii_wctomb
 .text.__ssputs_r
                0x0801853a       0xb6 C:/ST/STM32CubeIDE_1.19.0/STM32CubeIDE/plugins/com.st.stm32cube.ide.mcu.externaltools.gnu-tools-for-stm32.13.3.rel1.win32_1.0.0.202411081344/tools/bin/../lib/gcc/arm-none-eabi/13.3.1/../../../../arm-none-eabi/lib/thumb/v8-m.main+fp/hard\libc_nano.a(libc_a-nano-svfprintf.o)
                0x0801853a                __ssputs_r
 .text._svfprintf_r
                0x080185f0      0x1f8 C:/ST/STM32CubeIDE_1.19.0/STM32CubeIDE/plugins/com.st.stm32cube.ide.mcu.externaltools.gnu-tools-for-stm32.13.3.rel1.win32_1.0.0.202411081344/tools/bin/../lib/gcc/arm-none-eabi/13.3.1/../../../../arm-none-eabi/lib/thumb/v8-m.main+fp/hard\libc_nano.a(libc_a-nano-svfprintf.o)
                0x080185f0                _svfiprintf_r
                0x080185f0                _svfprintf_r
 .text._printf_common
                0x080187e8       0xe4 C:/ST/STM32CubeIDE_1.19.0/STM32CubeIDE/plugins/com.st.stm32cube.ide.mcu.externaltools.gnu-tools-for-stm32.13.3.rel1.win32_1.0.0.202411081344/tools/bin/../lib/gcc/arm-none-eabi/13.3.1/../../../../arm-none-eabi/lib/thumb/v8-m.main+fp/hard\libc_nano.a(libc_a-nano-vfprintf_i.o)
                0x080187e8                _printf_common
 .text._printf_i