C:\work\git\STM32-H5-KIT\firmware\H5_GUI_LOGGER\stm32h5-fw\src\common\hw\src\cli.c:465:6:cliLineClean	0	static
C:\work\git\STM32-H5-KIT\firmware\H5_GUI_LOGGER\stm32h5-fw\src\common\hw\src\cli.c:473:6:cliLineAdd	16	static
C:\work\git\STM32-H5-KIT\firmware\H5_GUI_LOGGER\stm32h5-fw\src\common\hw\src\cli.c:626:6:cliToUpper	0	static
C:\work\git\STM32-H5-KIT\firmware\H5_GUI_LOGGER\stm32h5-fw\src\common\hw\src\cli.c:685:7:cliArgsGetStr	0	static
C:\work\git\STM32-H5-KIT\firmware\H5_GUI_LOGGER\stm32h5-fw\src\common\hw\src\cli.c:701:6:cliArgsIsStr	8	static
C:\work\git\STM32-H5-KIT\firmware\H5_GUI_LOGGER\stm32h5-fw\src\common\hw\src\cli.c:669:7:cliArgsGetFloat	8	static
C:\work\git\STM32-H5-KIT\firmware\H5_GUI_LOGGER\stm32h5-fw\src\common\hw\src\cli.c:653:9:cliArgsGetData	8	static
C:\work\git\STM32-H5-KIT\firmware\H5_GUI_LOGGER\stm32h5-fw\src\common\hw\src\cli.c:217:6:cliShowPrompt	8	static
C:\work\git\STM32-H5-KIT\firmware\H5_GUI_LOGGER\stm32h5-fw\src\common\hw\src\cli.c:488:6:cliLineChange	16	static
C:\work\git\STM32-H5-KIT\firmware\H5_GUI_LOGGER\stm32h5-fw\src\common\hw\src\cli.c:558:6:cliParseArgs	24	static
C:\work\git\STM32-H5-KIT\firmware\H5_GUI_LOGGER\stm32h5-fw\src\common\hw\src\cli.c:140:6:cliOpen	8	static
C:\work\git\STM32-H5-KIT\firmware\H5_GUI_LOGGER\stm32h5-fw\src\common\hw\src\cli.c:157:6:cliBegin	8	static
C:\work\git\STM32-H5-KIT\firmware\H5_GUI_LOGGER\stm32h5-fw\src\common\hw\src\cli.c:165:6:cliIsBusy	0	static
C:\work\git\STM32-H5-KIT\firmware\H5_GUI_LOGGER\stm32h5-fw\src\common\hw\src\cli.c:170:6:cliOpenLog	8	static
C:\work\git\STM32-H5-KIT\firmware\H5_GUI_LOGGER\stm32h5-fw\src\common\hw\src\cli.c:186:9:cliGetPort	0	static
C:\work\git\STM32-H5-KIT\firmware\H5_GUI_LOGGER\stm32h5-fw\src\common\hw\src\cli.c:191:6:cliLogClose	0	static
C:\work\git\STM32-H5-KIT\firmware\H5_GUI_LOGGER\stm32h5-fw\src\common\hw\src\cli.c:197:6:cliShowLog	16	static
C:\work\git\STM32-H5-KIT\firmware\H5_GUI_LOGGER\stm32h5-fw\src\common\hw\src\cli.c:238:10:cliAvailable	8	static
C:\work\git\STM32-H5-KIT\firmware\H5_GUI_LOGGER\stm32h5-fw\src\common\hw\src\cli.c:243:9:cliRead	8	static
C:\work\git\STM32-H5-KIT\firmware\H5_GUI_LOGGER\stm32h5-fw\src\common\hw\src\cli.c:248:10:cliWrite	8	static
C:\work\git\STM32-H5-KIT\firmware\H5_GUI_LOGGER\stm32h5-fw\src\common\hw\src\cli.c:605:6:cliPrintf	24	static
C:\work\git\STM32-H5-KIT\firmware\H5_GUI_LOGGER\stm32h5-fw\src\common\hw\src\cli.c:530:6:cliRunCmd	16	static
C:\work\git\STM32-H5-KIT\firmware\H5_GUI_LOGGER\stm32h5-fw\src\common\hw\src\cli.c:253:6:cliUpdate	32	static
C:\work\git\STM32-H5-KIT\firmware\H5_GUI_LOGGER\stm32h5-fw\src\common\hw\src\cli.c:223:6:cliMain	16	static
C:\work\git\STM32-H5-KIT\firmware\H5_GUI_LOGGER\stm32h5-fw\src\common\hw\src\cli.c:590:6:cliRunStr	16	static
C:\work\git\STM32-H5-KIT\firmware\H5_GUI_LOGGER\stm32h5-fw\src\common\hw\src\cli.c:758:6:cliShowList	8	static
C:\work\git\STM32-H5-KIT\firmware\H5_GUI_LOGGER\stm32h5-fw\src\common\hw\src\cli.c:775:6:cliMemoryDump	40	static
C:\work\git\STM32-H5-KIT\firmware\H5_GUI_LOGGER\stm32h5-fw\src\common\hw\src\cli.c:619:6:cliPutch	16	static
C:\work\git\STM32-H5-KIT\firmware\H5_GUI_LOGGER\stm32h5-fw\src\common\hw\src\cli.c:720:6:cliKeepLoop	8	static
C:\work\git\STM32-H5-KIT\firmware\H5_GUI_LOGGER\stm32h5-fw\src\common\hw\src\cli.c:735:6:cliAdd	24	static
C:\work\git\STM32-H5-KIT\firmware\H5_GUI_LOGGER\stm32h5-fw\src\common\hw\src\cli.c:114:6:cliInit	8	static
C:\work\git\STM32-H5-KIT\firmware\H5_GUI_LOGGER\stm32h5-fw\src\common\hw\src\cli.c:835:6:cliShowCursor	8	static
C:\work\git\STM32-H5-KIT\firmware\H5_GUI_LOGGER\stm32h5-fw\src\common\hw\src\cli.c:847:6:cliMoveUp	8	static
C:\work\git\STM32-H5-KIT\firmware\H5_GUI_LOGGER\stm32h5-fw\src\common\hw\src\cli.c:852:6:cliMoveDown	8	static
