../App/hw/driver/can.c:119:6:canInit	24	static
../App/hw/driver/can.c:167:6:canLock	16	static
../App/hw/driver/can.c:173:6:canUnLock	4	static
../App/hw/driver/can.c:178:6:canOpen	48	static
../App/hw/driver/can.c:311:6:canIsOpen	16	static
../App/hw/driver/can.c:318:6:canClose	16	static
../App/hw/driver/can.c:329:6:canGetInfo	16	static
../App/hw/driver/can.c:341:10:canGetDlc	24	static
../App/hw/driver/can.c:367:9:canGetLen	16	static
../App/hw/driver/can.c:372:6:canSetFilterType	16	static
../App/hw/driver/can.c:378:6:canGetFilterType	16	static
../App/hw/driver/can.c:384:6:canConfigFilter	48	static
../App/hw/driver/can.c:427:10:canMsgAvailable	16	static
../App/hw/driver/can.c:434:6:canMsgInit	16	static
../App/hw/driver/can.c:443:6:canMsgWrite	72	static
../App/hw/driver/can.c:523:6:canRecovery	16	static
../App/hw/driver/can.c:536:6:canMsgRead	24	static
../App/hw/driver/can.c:548:6:canUpdate	24	static
../App/hw/driver/can.c:588:10:canGetRxErrCount	40	static
../App/hw/driver/can.c:605:10:canGetTxErrCount	40	static
../App/hw/driver/can.c:622:10:canGetError	16	static
../App/hw/driver/can.c:629:10:canGetRxCount	16	static
../App/hw/driver/can.c:636:10:canGetTxCount	16	static
../App/hw/driver/can.c:643:10:canGetState	16	static
../App/hw/driver/can.c:650:6:canAttachRxInterrupt	16	static
../App/hw/driver/can.c:657:6:canDetachRxInterrupt	16	static
../App/hw/driver/can.c:664:6:canRxFifoCallback	64	static
../App/hw/driver/can.c:724:6:canErrClear	16	static
../App/hw/driver/can.c:731:6:canErrPrint	24	static
../App/hw/driver/can.c:745:6:canErrUpdate	64	static
../App/hw/driver/can.c:792:6:canInfoPrint	24	static
../App/hw/driver/can.c:900:6:HAL_FDCAN_ErrorStatusCallback	24	static
../App/hw/driver/can.c:915:6:HAL_FDCAN_ErrorCallback	24	static
../App/hw/driver/can.c:936:6:HAL_FDCAN_RxFifo0Callback	24	static
../App/hw/driver/can.c:966:6:cliCan	200	static
