../App/hw/driver/lcd.c:94:6:TransferDoneISR	8	static
../App/hw/driver/lcd.c:109:6:lcdInit	24	static
../App/hw/driver/lcd.c:149:10:lcdGetDrawTime	4	static
../App/hw/driver/lcd.c:154:6:lcdIsInit	4	static
../App/hw/driver/lcd.c:159:6:lcdReset	8	static
../App/hw/driver/lcd.c:164:9:lcdGetBackLight	4	static
../App/hw/driver/lcd.c:169:6:lcdSetBackLight	16	static
../App/hw/driver/lcd.c:194:22:lcdReadPixel	0	static
../App/hw/driver/lcd.c:199:18:lcdDrawPixel	0	static
../App/hw/driver/lcd.c:207:18:lcdClear	8	static
../App/hw/driver/lcd.c:214:18:lcdClearBuffer	8	static
../App/hw/driver/lcd.c:224:18:lcdDrawFillCircle	48	static
../App/hw/driver/lcd.c:255:18:lcdDrawCircleHelper	56	static
../App/hw/driver/lcd.c:296:18:lcdDrawRoundRect	64	static
../App/hw/driver/lcd.c:311:18:lcdDrawFillCircleHelper	56	static
../App/hw/driver/lcd.c:346:18:lcdDrawFillRoundRect	40	static
../App/hw/driver/lcd.c:356:18:lcdDrawTriangle	40	static
../App/hw/driver/lcd.c:363:18:lcdDrawFillTriangle	80	dynamic
../App/hw/driver/lcd.c:399:6:lcdSetFps	16	static
../App/hw/driver/lcd.c:404:10:lcdGetFps	4	static
../App/hw/driver/lcd.c:409:10:lcdGetFpsTime	4	static
../App/hw/driver/lcd.c:414:6:lcdDrawAvailable	16	static
../App/hw/driver/lcd.c:434:6:lcdRequestDraw	16	static
../App/hw/driver/lcd.c:453:6:lcdUpdateDraw	16	static
../App/hw/driver/lcd.c:475:6:lcdSetWindow	24	static
../App/hw/driver/lcd.c:485:11:lcdGetFrameBuffer	4	static
../App/hw/driver/lcd.c:490:11:lcdGetCurrentFrameBuffer	4	static
../App/hw/driver/lcd.c:495:6:lcdDisplayOff	4	static
../App/hw/driver/lcd.c:499:6:lcdDisplayOn	8	static
../App/hw/driver/lcd.c:504:9:lcdGetWidth	4	static
../App/hw/driver/lcd.c:509:9:lcdGetHeight	4	static
../App/hw/driver/lcd.c:515:6:lcdDrawLine	48	static
../App/hw/driver/lcd.c:569:6:lcdDrawLineBuffer	48	static
../App/hw/driver/lcd.c:637:6:lcdDrawVLine	32	static
../App/hw/driver/lcd.c:642:6:lcdDrawHLine	32	static
../App/hw/driver/lcd.c:647:6:lcdDrawFillRect	32	static
../App/hw/driver/lcd.c:655:6:lcdDrawRect	24	static
../App/hw/driver/lcd.c:663:6:lcdDrawFillScreen	24	static
../App/hw/driver/lcd.c:668:6:lcdPrintf	364	static
../App/hw/driver/lcd.c:734:10:lcdGetStrWidth	328	static
../App/hw/driver/lcd.c:765:6:disHanFont	40	static
../App/hw/driver/lcd.c:797:6:disEngFont	40	static
../App/hw/driver/lcd.c:816:6:lcdSetFont	16	static
../App/hw/driver/lcd.c:821:9:lcdGetFont	4	static
../App/hw/driver/lcd.c:826:18:lcdDrawPixelBuffer	0	static
../App/hw/driver/lcd.c:831:6:disHanFontBuffer	40	static
../App/hw/driver/lcd.c:873:22:lcdGetColorMix	8	static
../App/hw/driver/lcd.c:899:18:lcdDrawPixelMix	16	static
../App/hw/driver/lcd.c:912:6:lcdPrintfResize	424	static
../App/hw/driver/lcd.c:1020:6:lcdSetResizeMode	16	static
../App/hw/driver/lcd.c:1052:6:cliLcd	40	static
