../App/hw/driver/sd.c:45:6:sdInit	16	static
../App/hw/driver/sd.c:99:6:sdReInit	16	static
../App/hw/driver/sd.c:114:6:sdDeInit	16	static
../App/hw/driver/sd.c:130:6:sdIsInit	4	static
../App/hw/driver/sd.c:135:6:sdIsDetected	16	static
../App/hw/driver/sd.c:161:12:sdUpdate	16	static
../App/hw/driver/sd.c:268:6:sdGetInfo	88	static
../App/hw/driver/sd.c:294:6:sdIsBusy	16	static
../App/hw/driver/sd.c:310:6:sdIsReady	24	static
../App/hw/driver/sd.c:327:6:sdReadBlocks	40	static
../App/hw/driver/sd.c:373:6:sdWriteBlocks	40	static
../App/hw/driver/sd.c:418:6:sdEraseBlocks	24	static
../App/hw/driver/sd.c:432:6:HAL_SD_RxCpltCallback	16	static
../App/hw/driver/sd.c:439:6:HAL_SD_TxCpltCallback	16	static
../App/hw/driver/sd.c:449:6:sdMountFatFs	16	static
../App/hw/driver/sd.c:477:6:sdUnmountFatFs	16	static
../App/hw/driver/sd.c:502:6:sdGetIsMountedFatFs	4	static
../App/hw/driver/sd.c:510:6:sdFileOpen	88	static
../App/hw/driver/sd.c:564:6:sdFileWrite	32	static
../App/hw/driver/sd.c:579:6:sdFileClose	24	static
../App/hw/driver/sd.c:603:10:sdGetLogCount	632	static
../App/hw/driver/sd.c:630:6:sdCloseAllFiles	16	static
../App/hw/driver/sd.c:646:6:cliSd	568	static
