C:\work\git\STM32-H5-KIT\firmware\H5_CAN_LOGGER\src\lib\littlefs\lfs.c:495:13:lfs_mlist_isopen	8	static
C:\work\git\STM32-H5-KIT\firmware\H5_CAN_LOGGER\src\lib\littlefs\lfs.c:507:13:lfs_mlist_remove	0	static
C:\work\git\STM32-H5-KIT\firmware\H5_CAN_LOGGER\src\lib\littlefs\lfs.c:516:13:lfs_mlist_append	0	static
C:\work\git\STM32-H5-KIT\firmware\H5_CAN_LOGGER\src\lib\littlefs\lfs.c:574:12:lfs_alloc_lookahead	0	static
C:\work\git\STM32-H5-KIT\firmware\H5_CAN_LOGGER\src\lib\littlefs\lfs.c:590:13:lfs_alloc_ack	0	static
C:\work\git\STM32-H5-KIT\firmware\H5_CAN_LOGGER\src\lib\littlefs\lfs.c:596:13:lfs_alloc_drop	8	static
C:\work\git\STM32-H5-KIT\firmware\H5_CAN_LOGGER\src\lib\littlefs\lfs.c:782:12:lfs_dir_traverse_filter	4	static
C:\work\git\STM32-H5-KIT\firmware\H5_CAN_LOGGER\src\lib\littlefs\lfs.c:1805:12:lfs_dir_commit_size	0	static
C:\work\git\STM32-H5-KIT\firmware\H5_CAN_LOGGER\src\lib\littlefs\lfs.c:1829:13:lfs_dir_needsrelocation	0	static
C:\work\git\STM32-H5-KIT\firmware\H5_CAN_LOGGER\src\lib\littlefs\lfs.c:2648:12:lfs_dir_rawclose	8	static
C:\work\git\STM32-H5-KIT\firmware\H5_CAN_LOGGER\src\lib\littlefs\lfs.c:2737:19:lfs_dir_rawtell	0	static
C:\work\git\STM32-H5-KIT\firmware\H5_CAN_LOGGER\src\lib\littlefs\lfs.c:3721:19:lfs_file_rawtell	0	static
C:\work\git\STM32-H5-KIT\firmware\H5_CAN_LOGGER\src\lib\littlefs\lfs.c:3735:19:lfs_file_rawsize	0	static
C:\work\git\STM32-H5-KIT\firmware\H5_CAN_LOGGER\src\lib\littlefs\lfs.c:4635:13:lfs_fs_prepsuperblock	0	static
C:\work\git\STM32-H5-KIT\firmware\H5_CAN_LOGGER\src\lib\littlefs\lfs.c:4654:13:lfs_fs_prepmove	4	static
C:\work\git\STM32-H5-KIT\firmware\H5_CAN_LOGGER\src\lib\littlefs\lfs.c:4920:12:lfs_fs_size_count	0	static
C:\work\git\STM32-H5-KIT\firmware\H5_CAN_LOGGER\src\lib\littlefs\lfs.c:275:12:lfs_bd_erase	8	static
C:\work\git\STM32-H5-KIT\firmware\H5_CAN_LOGGER\src\lib\littlefs\lfs.c:4642:12:lfs_fs_preporphans	8	static
C:\work\git\STM32-H5-KIT\firmware\H5_CAN_LOGGER\src\lib\littlefs\lfs.c:44:12:lfs_bd_read	64	static
C:\work\git\STM32-H5-KIT\firmware\H5_CAN_LOGGER\src\lib\littlefs\lfs.c:4576:12:lfs_fs_parent_match	40	static
C:\work\git\STM32-H5-KIT\firmware\H5_CAN_LOGGER\src\lib\littlefs\lfs.c:154:12:lfs_bd_crc	72	static
C:\work\git\STM32-H5-KIT\firmware\H5_CAN_LOGGER\src\lib\littlefs\lfs.c:842:12:lfs_dir_traverse	224	static
C:\work\git\STM32-H5-KIT\firmware\H5_CAN_LOGGER\src\lib\littlefs\lfs.c:2756:12:lfs_ctz_index	24	static
C:\work\git\STM32-H5-KIT\firmware\H5_CAN_LOGGER\src\lib\littlefs\lfs.c:2903:12:lfs_ctz_traverse	72	static
C:\work\git\STM32-H5-KIT\firmware\H5_CAN_LOGGER\src\lib\littlefs\lfs.c:127:12:lfs_bd_cmp	72	static
C:\work\git\STM32-H5-KIT\firmware\H5_CAN_LOGGER\src\lib\littlefs\lfs.c:1370:12:lfs_dir_find_match	32	static
C:\work\git\STM32-H5-KIT\firmware\H5_CAN_LOGGER\src\lib\littlefs\lfs.c:2769:12:lfs_ctz_find	64	static
C:\work\git\STM32-H5-KIT\firmware\H5_CAN_LOGGER\src\lib\littlefs\lfs.c:4168:12:lfs_deinit	8	static
C:\work\git\STM32-H5-KIT\firmware\H5_CAN_LOGGER\src\lib\littlefs\lfs.c:4418:12:lfs_rawunmount	8	static
C:\work\git\STM32-H5-KIT\firmware\H5_CAN_LOGGER\src\lib\littlefs\lfs.c:4050:12:lfs_init	16	static
C:\work\git\STM32-H5-KIT\firmware\H5_CAN_LOGGER\src\lib\littlefs\lfs.c:176:12:lfs_bd_flush	48	static
C:\work\git\STM32-H5-KIT\firmware\H5_CAN_LOGGER\src\lib\littlefs\lfs.c:227:12:lfs_bd_prog	48	static
C:\work\git\STM32-H5-KIT\firmware\H5_CAN_LOGGER\src\lib\littlefs\lfs.c:1506:12:lfs_dir_commitprog	40	static
C:\work\git\STM32-H5-KIT\firmware\H5_CAN_LOGGER\src\lib\littlefs\lfs.c:1523:12:lfs_dir_commitattr	64	static
C:\work\git\STM32-H5-KIT\firmware\H5_CAN_LOGGER\src\lib\littlefs\lfs.c:1822:12:lfs_dir_commit_commit	8	static
C:\work\git\STM32-H5-KIT\firmware\H5_CAN_LOGGER\src\lib\littlefs\lfs.c:211:12:lfs_bd_sync	16	static
C:\work\git\STM32-H5-KIT\firmware\H5_CAN_LOGGER\src\lib\littlefs\lfs.c:1571:12:lfs_dir_commitcrc	80	static
C:\work\git\STM32-H5-KIT\firmware\H5_CAN_LOGGER\src\lib\littlefs\lfs.c:651:19:lfs_dir_getslice	72	static
C:\work\git\STM32-H5-KIT\firmware\H5_CAN_LOGGER\src\lib\littlefs\lfs.c:713:19:lfs_dir_get	24	static
C:\work\git\STM32-H5-KIT\firmware\H5_CAN_LOGGER\src\lib\littlefs\lfs.c:1312:12:lfs_dir_getgstate	32	static
C:\work\git\STM32-H5-KIT\firmware\H5_CAN_LOGGER\src\lib\littlefs\lfs.c:1330:12:lfs_dir_getinfo	40	static
C:\work\git\STM32-H5-KIT\firmware\H5_CAN_LOGGER\src\lib\littlefs\lfs.c:720:12:lfs_dir_getread	56	static
C:\work\git\STM32-H5-KIT\firmware\H5_CAN_LOGGER\src\lib\littlefs\lfs.c:3360:20:lfs_file_flushedread	56	static
C:\work\git\STM32-H5-KIT\firmware\H5_CAN_LOGGER\src\lib\littlefs\lfs.c:1037:19:lfs_dir_fetchmatch	128	static
C:\work\git\STM32-H5-KIT\firmware\H5_CAN_LOGGER\src\lib\littlefs\lfs.c:4597:19:lfs_fs_parent	72	static
C:\work\git\STM32-H5-KIT\firmware\H5_CAN_LOGGER\src\lib\littlefs\lfs.c:1304:12:lfs_dir_fetch	24	static
C:\work\git\STM32-H5-KIT\firmware\H5_CAN_LOGGER\src\lib\littlefs\lfs.c:4532:12:lfs_fs_pred	40	static
C:\work\git\STM32-H5-KIT\firmware\H5_CAN_LOGGER\src\lib\littlefs\lfs.c:2742:12:lfs_dir_rawrewind	8	static
C:\work\git\STM32-H5-KIT\firmware\H5_CAN_LOGGER\src\lib\littlefs\lfs.c:2700:12:lfs_dir_rawseek	24	static
C:\work\git\STM32-H5-KIT\firmware\H5_CAN_LOGGER\src\lib\littlefs\lfs.c:4424:5:lfs_fs_rawtraverse	112	static
C:\work\git\STM32-H5-KIT\firmware\H5_CAN_LOGGER\src\lib\littlefs\lfs.c:603:12:lfs_alloc	24	static
C:\work\git\STM32-H5-KIT\firmware\H5_CAN_LOGGER\src\lib\littlefs\lfs.c:1705:12:lfs_dir_alloc	32	static
C:\work\git\STM32-H5-KIT\firmware\H5_CAN_LOGGER\src\lib\littlefs\lfs.c:3143:12:lfs_file_relocate	56	static
C:\work\git\STM32-H5-KIT\firmware\H5_CAN_LOGGER\src\lib\littlefs\lfs.c:3214:12:lfs_file_outline	16	static
C:\work\git\STM32-H5-KIT\firmware\H5_CAN_LOGGER\src\lib\littlefs\lfs.c:2804:12:lfs_ctz_extend	80	static
C:\work\git\STM32-H5-KIT\firmware\H5_CAN_LOGGER\src\lib\littlefs\lfs.c:3440:20:lfs_file_flushedwrite	56	static
C:\work\git\STM32-H5-KIT\firmware\H5_CAN_LOGGER\src\lib\littlefs\lfs.c:3227:12:lfs_file_flush	112	static
C:\work\git\STM32-H5-KIT\firmware\H5_CAN_LOGGER\src\lib\littlefs\lfs.c:3421:20:lfs_file_rawread	24	static
C:\work\git\STM32-H5-KIT\firmware\H5_CAN_LOGGER\src\lib\littlefs\lfs.c:3572:19:lfs_file_rawseek	32	static
C:\work\git\STM32-H5-KIT\firmware\H5_CAN_LOGGER\src\lib\littlefs\lfs.c:3726:12:lfs_file_rawrewind	8	static
C:\work\git\STM32-H5-KIT\firmware\H5_CAN_LOGGER\src\lib\littlefs\lfs.c:3528:20:lfs_file_rawwrite	32	static
C:\work\git\STM32-H5-KIT\firmware\H5_CAN_LOGGER\src\lib\littlefs\lfs.c:3636:12:lfs_file_rawtruncate	48	static
C:\work\git\STM32-H5-KIT\firmware\H5_CAN_LOGGER\src\lib\littlefs\lfs.c:4927:20:lfs_fs_rawsize	16	static
C:\work\git\STM32-H5-KIT\firmware\H5_CAN_LOGGER\src\lib\littlefs\lfs.c:2655:12:lfs_dir_rawread	16	static
C:\work\git\STM32-H5-KIT\firmware\H5_CAN_LOGGER\src\lib\littlefs\lfs.c:4251:12:lfs_rawmount	128	static
C:\work\git\STM32-H5-KIT\firmware\H5_CAN_LOGGER\src\lib\littlefs\lfs.c:1394:19:lfs_dir_find	88	static
C:\work\git\STM32-H5-KIT\firmware\H5_CAN_LOGGER\src\lib\littlefs\lfs.c:3974:20:lfs_rawgetattr	64	static
C:\work\git\STM32-H5-KIT\firmware\H5_CAN_LOGGER\src\lib\littlefs\lfs.c:2604:12:lfs_dir_rawopen	48	static
C:\work\git\STM32-H5-KIT\firmware\H5_CAN_LOGGER\src\lib\littlefs\lfs.c:3749:12:lfs_rawstat	56	static
C:\work\git\STM32-H5-KIT\firmware\H5_CAN_LOGGER\src\lib\littlefs\lfs.c:1842:12:lfs_dir_compact	152	static
C:\work\git\STM32-H5-KIT\firmware\H5_CAN_LOGGER\src\lib\littlefs\lfs.c:1770:12:lfs_dir_split	80	static
C:\work\git\STM32-H5-KIT\firmware\H5_CAN_LOGGER\src\lib\littlefs\lfs.c:2015:12:lfs_dir_splittingcompact	104	static
C:\work\git\STM32-H5-KIT\firmware\H5_CAN_LOGGER\src\lib\littlefs\lfs.c:2120:12:lfs_dir_relocatingcommit	144	static
C:\work\git\STM32-H5-KIT\firmware\H5_CAN_LOGGER\src\lib\littlefs\lfs.c:2291:12:lfs_dir_orphaningcommit	168	static
C:\work\git\STM32-H5-KIT\firmware\H5_CAN_LOGGER\src\lib\littlefs\lfs.c:4739:12:lfs_fs_deorphan	168	static
C:\work\git\STM32-H5-KIT\firmware\H5_CAN_LOGGER\src\lib\littlefs\lfs.c:2484:12:lfs_dir_commit	8	static
C:\work\git\STM32-H5-KIT\firmware\H5_CAN_LOGGER\src\lib\littlefs\lfs.c:4664:12:lfs_fs_desuperblock	88	static
C:\work\git\STM32-H5-KIT\firmware\H5_CAN_LOGGER\src\lib\littlefs\lfs.c:4703:12:lfs_fs_demove	72	static
C:\work\git\STM32-H5-KIT\firmware\H5_CAN_LOGGER\src\lib\littlefs\lfs.c:4870:12:lfs_fs_forceconsistency	8	static
C:\work\git\STM32-H5-KIT\firmware\H5_CAN_LOGGER\src\lib\littlefs\lfs.c:1749:12:lfs_dir_drop	24	static
C:\work\git\STM32-H5-KIT\firmware\H5_CAN_LOGGER\src\lib\littlefs\lfs.c:3308:12:lfs_file_rawsync	40	static
C:\work\git\STM32-H5-KIT\firmware\H5_CAN_LOGGER\src\lib\littlefs\lfs.c:3123:12:lfs_file_rawclose	16	static
C:\work\git\STM32-H5-KIT\firmware\H5_CAN_LOGGER\src\lib\littlefs\lfs.c:4186:12:lfs_rawformat	104	static
C:\work\git\STM32-H5-KIT\firmware\H5_CAN_LOGGER\src\lib\littlefs\lfs.c:3760:12:lfs_rawremove	120	static
C:\work\git\STM32-H5-KIT\firmware\H5_CAN_LOGGER\src\lib\littlefs\lfs.c:4008:12:lfs_commitattr	64	static
C:\work\git\STM32-H5-KIT\firmware\H5_CAN_LOGGER\src\lib\littlefs\lfs.c:4032:12:lfs_rawsetattr	24	static
C:\work\git\STM32-H5-KIT\firmware\H5_CAN_LOGGER\src\lib\littlefs\lfs.c:4043:12:lfs_rawremoveattr	16	static
C:\work\git\STM32-H5-KIT\firmware\H5_CAN_LOGGER\src\lib\littlefs\lfs.c:3839:12:lfs_rawrename	216	static
C:\work\git\STM32-H5-KIT\firmware\H5_CAN_LOGGER\src\lib\littlefs\lfs.c:2948:12:lfs_file_rawopencfg	72	static
C:\work\git\STM32-H5-KIT\firmware\H5_CAN_LOGGER\src\lib\littlefs\lfs.c:3115:12:lfs_file_rawopen	16	static
C:\work\git\STM32-H5-KIT\firmware\H5_CAN_LOGGER\src\lib\littlefs\lfs.c:2508:12:lfs_rawmkdir	184	static
C:\work\git\STM32-H5-KIT\firmware\H5_CAN_LOGGER\src\lib\littlefs\lfs.c:4891:5:lfs_fs_rawmkconsistent	56	static
C:\work\git\STM32-H5-KIT\firmware\H5_CAN_LOGGER\src\lib\littlefs\lfs.c:5599:5:lfs_format	16	static
C:\work\git\STM32-H5-KIT\firmware\H5_CAN_LOGGER\src\lib\littlefs\lfs.c:5629:5:lfs_mount	16	static
C:\work\git\STM32-H5-KIT\firmware\H5_CAN_LOGGER\src\lib\littlefs\lfs.c:5658:5:lfs_unmount	16	static
C:\work\git\STM32-H5-KIT\firmware\H5_CAN_LOGGER\src\lib\littlefs\lfs.c:5673:5:lfs_remove	16	static
C:\work\git\STM32-H5-KIT\firmware\H5_CAN_LOGGER\src\lib\littlefs\lfs.c:5689:5:lfs_rename	24	static
C:\work\git\STM32-H5-KIT\firmware\H5_CAN_LOGGER\src\lib\littlefs\lfs.c:5704:5:lfs_stat	24	static
C:\work\git\STM32-H5-KIT\firmware\H5_CAN_LOGGER\src\lib\littlefs\lfs.c:5718:13:lfs_getattr	32	static
C:\work\git\STM32-H5-KIT\firmware\H5_CAN_LOGGER\src\lib\littlefs\lfs.c:5735:5:lfs_setattr	32	static
C:\work\git\STM32-H5-KIT\firmware\H5_CAN_LOGGER\src\lib\littlefs\lfs.c:5753:5:lfs_removeattr	24	static
C:\work\git\STM32-H5-KIT\firmware\H5_CAN_LOGGER\src\lib\littlefs\lfs.c:5769:5:lfs_file_open	24	static
C:\work\git\STM32-H5-KIT\firmware\H5_CAN_LOGGER\src\lib\littlefs\lfs.c:5786:5:lfs_file_opencfg	32	static
C:\work\git\STM32-H5-KIT\firmware\H5_CAN_LOGGER\src\lib\littlefs\lfs.c:5806:5:lfs_file_close	16	static
C:\work\git\STM32-H5-KIT\firmware\H5_CAN_LOGGER\src\lib\littlefs\lfs.c:5822:5:lfs_file_sync	16	static
C:\work\git\STM32-H5-KIT\firmware\H5_CAN_LOGGER\src\lib\littlefs\lfs.c:5838:13:lfs_file_read	24	static
C:\work\git\STM32-H5-KIT\firmware\H5_CAN_LOGGER\src\lib\littlefs\lfs.c:5856:13:lfs_file_write	24	static
C:\work\git\STM32-H5-KIT\firmware\H5_CAN_LOGGER\src\lib\littlefs\lfs.c:5874:12:lfs_file_seek	24	static
C:\work\git\STM32-H5-KIT\firmware\H5_CAN_LOGGER\src\lib\littlefs\lfs.c:5892:5:lfs_file_truncate	24	static
C:\work\git\STM32-H5-KIT\firmware\H5_CAN_LOGGER\src\lib\littlefs\lfs.c:5909:12:lfs_file_tell	16	static
C:\work\git\STM32-H5-KIT\firmware\H5_CAN_LOGGER\src\lib\littlefs\lfs.c:5924:5:lfs_file_rewind	16	static
C:\work\git\STM32-H5-KIT\firmware\H5_CAN_LOGGER\src\lib\littlefs\lfs.c:5938:12:lfs_file_size	16	static
C:\work\git\STM32-H5-KIT\firmware\H5_CAN_LOGGER\src\lib\littlefs\lfs.c:5954:5:lfs_mkdir	16	static
C:\work\git\STM32-H5-KIT\firmware\H5_CAN_LOGGER\src\lib\littlefs\lfs.c:5969:5:lfs_dir_open	24	static
C:\work\git\STM32-H5-KIT\firmware\H5_CAN_LOGGER\src\lib\littlefs\lfs.c:5984:5:lfs_dir_close	16	static
C:\work\git\STM32-H5-KIT\firmware\H5_CAN_LOGGER\src\lib\littlefs\lfs.c:5998:5:lfs_dir_read	24	static
C:\work\git\STM32-H5-KIT\firmware\H5_CAN_LOGGER\src\lib\littlefs\lfs.c:6013:5:lfs_dir_seek	24	static
C:\work\git\STM32-H5-KIT\firmware\H5_CAN_LOGGER\src\lib\littlefs\lfs.c:6028:12:lfs_dir_tell	16	static
C:\work\git\STM32-H5-KIT\firmware\H5_CAN_LOGGER\src\lib\littlefs\lfs.c:6042:5:lfs_dir_rewind	16	static
C:\work\git\STM32-H5-KIT\firmware\H5_CAN_LOGGER\src\lib\littlefs\lfs.c:6056:13:lfs_fs_size	16	static
C:\work\git\STM32-H5-KIT\firmware\H5_CAN_LOGGER\src\lib\littlefs\lfs.c:6070:5:lfs_fs_traverse	24	static
C:\work\git\STM32-H5-KIT\firmware\H5_CAN_LOGGER\src\lib\littlefs\lfs.c:6086:5:lfs_fs_mkconsistent	16	static
