../lwip/target/ethernetif.c:147:13:low_level_init	24	static
../lwip/target/ethernetif.c:252:14:low_level_output	80	static
../lwip/target/ethernetif.c:299:22:low_level_input	24	static
../lwip/target/ethernetif.c:320:6:ethernetif_input	24	static
../lwip/target/ethernetif.c:370:7:ethernetif_init	16	static
../lwip/target/ethernetif.c:421:6:pbuf_free_custom	24	static
../lwip/target/ethernetif.c:443:7:sys_now	8	static
../lwip/target/ethernetif.c:456:6:HAL_ETH_MspInit	64	static
../lwip/target/ethernetif.c:515:6:HAL_ETH_MspDeInit	16	static
../lwip/target/ethernetif.c:561:9:ETH_PHY_IO_Init	8	static
../lwip/target/ethernetif.c:578:9:ETH_PHY_IO_DeInit	4	static
../lwip/target/ethernetif.c:590:9:ETH_PHY_IO_ReadReg	24	static
../lwip/target/ethernetif.c:607:9:ETH_PHY_IO_WriteReg	24	static
../lwip/target/ethernetif.c:621:9:ETH_PHY_IO_GetTick	8	static
../lwip/target/ethernetif.c:630:6:ethernet_link_check_state	136	static
../lwip/target/ethernetif.c:687:6:HAL_ETH_RxAllocateCallback	32	static
../lwip/target/ethernetif.c:709:6:HAL_ETH_RxLinkCallback	40	static
../lwip/target/ethernetif.c:746:6:HAL_ETH_TxFreeCallback	16	static
