C:\work\git\STM32-H5-KIT\firmware\H5_GUI_LOGGER\stm32h5-fw\src\lib\FreeRTOS\Source\event_groups.c:671:19:prvTestWaitCondition	0	static
C:\work\git\STM32-H5-KIT\firmware\H5_GUI_LOGGER\stm32h5-fw\src\lib\FreeRTOS\Source\event_groups.c:145:21:xEventGroupCreate	8	static
C:\work\git\STM32-H5-KIT\firmware\H5_GUI_LOGGER\stm32h5-fw\src\lib\FreeRTOS\Source\event_groups.c:311:13:xEventGroupWaitBits	32	static
C:\work\git\STM32-H5-KIT\firmware\H5_GUI_LOGGER\stm32h5-fw\src\lib\FreeRTOS\Source\event_groups.c:461:13:xEventGroupClearBits	16	static
C:\work\git\STM32-H5-KIT\firmware\H5_GUI_LOGGER\stm32h5-fw\src\lib\FreeRTOS\Source\event_groups.c:503:13:xEventGroupGetBitsFromISR	8	static
C:\work\git\STM32-H5-KIT\firmware\H5_GUI_LOGGER\stm32h5-fw\src\lib\FreeRTOS\Source\event_groups.c:519:13:xEventGroupSetBits	24	static
C:\work\git\STM32-H5-KIT\firmware\H5_GUI_LOGGER\stm32h5-fw\src\lib\FreeRTOS\Source\event_groups.c:191:13:xEventGroupSync	32	static
C:\work\git\STM32-H5-KIT\firmware\H5_GUI_LOGGER\stm32h5-fw\src\lib\FreeRTOS\Source\event_groups.c:613:6:vEventGroupDelete	8	static
C:\work\git\STM32-H5-KIT\firmware\H5_GUI_LOGGER\stm32h5-fw\src\lib\FreeRTOS\Source\event_groups.c:657:6:vEventGroupSetBitsCallback	8	static
C:\work\git\STM32-H5-KIT\firmware\H5_GUI_LOGGER\stm32h5-fw\src\lib\FreeRTOS\Source\event_groups.c:665:6:vEventGroupClearBitsCallback	8	static
C:\work\git\STM32-H5-KIT\firmware\H5_GUI_LOGGER\stm32h5-fw\src\lib\FreeRTOS\Source\event_groups.c:723:14:uxEventGroupGetNumber	0	static
C:\work\git\STM32-H5-KIT\firmware\H5_GUI_LOGGER\stm32h5-fw\src\lib\FreeRTOS\Source\event_groups.c:745:7:vEventGroupSetNumber	0	static
