C:\work\git\STM32-H5-KIT\firmware\H5_CAN_LOGGER\stm32h5-fw\src\hw\driver\lcd\ssd1306.c:118:6:ssd1306SetWindow	0	static
C:\work\git\STM32-H5-KIT\firmware\H5_CAN_LOGGER\stm32h5-fw\src\hw\driver\lcd\ssd1306.c:122:10:ssd1306GetWidth	0	static
C:\work\git\STM32-H5-KIT\firmware\H5_CAN_LOGGER\stm32h5-fw\src\hw\driver\lcd\ssd1306.c:127:10:ssd1306GetHeight	0	static
C:\work\git\STM32-H5-KIT\firmware\H5_CAN_LOGGER\stm32h5-fw\src\hw\driver\lcd\ssd1306.c:154:6:ssd1306SetCallBack	0	static
C:\work\git\STM32-H5-KIT\firmware\H5_CAN_LOGGER\stm32h5-fw\src\hw\driver\lcd\ssd1306.c:161:6:ssd1306Fill	0	static
C:\work\git\STM32-H5-KIT\firmware\H5_CAN_LOGGER\stm32h5-fw\src\hw\driver\lcd\ssd1306.c:190:6:ssd1306DrawPixel	0	static
C:\work\git\STM32-H5-KIT\firmware\H5_CAN_LOGGER\stm32h5-fw\src\hw\driver\lcd\ssd1306.c:49:6:ssd1306InitDriver	0	static
C:\work\git\STM32-H5-KIT\firmware\H5_CAN_LOGGER\stm32h5-fw\src\hw\driver\lcd\ssd1306.c:61:6:ssd1306WriteCmd	16	static
C:\work\git\STM32-H5-KIT\firmware\H5_CAN_LOGGER\stm32h5-fw\src\hw\driver\lcd\ssd1306.c:171:6:ssd1306UpdateDraw	16	static
C:\work\git\STM32-H5-KIT\firmware\H5_CAN_LOGGER\stm32h5-fw\src\hw\driver\lcd\ssd1306.c:132:6:ssd1306SendBuffer	16	static
C:\work\git\STM32-H5-KIT\firmware\H5_CAN_LOGGER\stm32h5-fw\src\hw\driver\lcd\ssd1306.c:66:6:ssd1306Reset	8	static
C:\work\git\STM32-H5-KIT\firmware\H5_CAN_LOGGER\stm32h5-fw\src\hw\driver\lcd\ssd1306.c:40:6:ssd1306Init	8	static
