../Core/Src/main.c:127:6:HAL_UART_RxCpltCallback	4
../Core/Src/main.c:143:10:millis	1
../Core/Src/main.c:151:6:cliLed	7
../Core/Src/main.c:192:6:cliUart6	1
../Core/Src/main.c:202:6:cliUart10	1
../Core/Src/main.c:212:6:cliRs232	1
../Core/Src/main.c:222:6:cliRs485	6
../Core/Src/main.c:267:6:cliOled	6
../Core/Src/main.c:314:6:cliCan	20
../Core/Src/main.c:447:6:cliFram	10
../Core/Src/main.c:507:5:main	3
../Core/Src/main.c:606:6:SystemClock_Config	4
../Core/Src/main.c:662:6:PeriphCommonClock_Config	2
../Core/Src/main.c:695:6:Error_Handler	1
