../Core/Src/main.c:127:6:HAL_UART_RxCpltCallback	16	static
../Core/Src/main.c:143:10:millis	8	static
../Core/Src/main.c:151:6:cliLed	16	static
../Core/Src/main.c:192:6:cliUart6	48	static
../Core/Src/main.c:202:6:cliUart10	48	static
../Core/Src/main.c:212:6:cliRs232	48	static
../Core/Src/main.c:222:6:cliRs485	72	static
../Core/Src/main.c:267:6:cliOled	24	static
../Core/Src/main.c:314:6:cliCan	128	static
../Core/Src/main.c:447:6:cliFram	32	static
../Core/Src/main.c:507:5:main	8	static
../Core/Src/main.c:606:6:SystemClock_Config	120	static
../Core/Src/main.c:662:6:PeriphCommonClock_Config	272	static
../Core/Src/main.c:695:6:Error_Handler	4	static,ignoring_inline_asm
