C:\work\git\STM32-H5-KIT\firmware\H5_GUI_LOGGER\stm32h5-fw\src\lib\wifi\WiFiEspAT\src\utility\EspAtDrv.cpp:1799:23:void __static_initialization_and_destruction_0(int, int)	24	static
C:\work\git\STM32-H5-KIT\firmware\H5_GUI_LOGGER\stm32h5-fw\src\lib\wifi\WiFiEspAT\src\utility\EspAtDrv.cpp:91:10:uint32_t EspAtDrvClass::getBaud()	8	static
C:\work\git\STM32-H5-KIT\firmware\H5_GUI_LOGGER\stm32h5-fw\src\lib\wifi\WiFiEspAT\src\utility\EspAtDrv.cpp:1449:6:void EspAtDrvClass::ip2str(const IPAddress&, char*)	16	static
C:\work\git\STM32-H5-KIT\firmware\H5_GUI_LOGGER\stm32h5-fw\src\lib\wifi\WiFiEspAT\src\utility\EspAtDrv.cpp:1476:6:bool EspAtDrvClass::readRX(const char*, bool, bool)	48	static
C:\work\git\STM32-H5-KIT\firmware\H5_GUI_LOGGER\stm32h5-fw\src\lib\wifi\WiFiEspAT\src\utility\EspAtDrv.cpp:159:6:void EspAtDrvClass::maintain()	8	static
C:\work\git\STM32-H5-KIT\firmware\H5_GUI_LOGGER\stm32h5-fw\src\lib\wifi\WiFiEspAT\src\utility\EspAtDrv.cpp:772:9:uint8_t EspAtDrvClass::clientLinkId(uint16_t, bool)	16	static
C:\work\git\STM32-H5-KIT\firmware\H5_GUI_LOGGER\stm32h5-fw\src\lib\wifi\WiFiEspAT\src\utility\EspAtDrv.cpp:797:9:uint8_t EspAtDrvClass::clientLinkIds(uint16_t, uint8_t*)	16	static
C:\work\git\STM32-H5-KIT\firmware\H5_GUI_LOGGER\stm32h5-fw\src\lib\wifi\WiFiEspAT\src\utility\EspAtDrv.cpp:961:6:bool EspAtDrvClass::connected(uint8_t)	16	static
C:\work\git\STM32-H5-KIT\firmware\H5_GUI_LOGGER\stm32h5-fw\src\lib\wifi\WiFiEspAT\src\utility\EspAtDrv.cpp:1462:9:uint8_t EspAtDrvClass::freeLinkId()	8	static
C:\work\git\STM32-H5-KIT\firmware\H5_GUI_LOGGER\stm32h5-fw\src\lib\wifi\WiFiEspAT\src\utility\EspAtDrv.cpp:1649:6:bool EspAtDrvClass::readOK()	8	static
C:\work\git\STM32-H5-KIT\firmware\H5_GUI_LOGGER\stm32h5-fw\src\lib\wifi\WiFiEspAT\src\utility\EspAtDrv.cpp:1653:6:bool EspAtDrvClass::sendCommand(const char*, bool, bool)	24	static
C:\work\git\STM32-H5-KIT\firmware\H5_GUI_LOGGER\stm32h5-fw\src\lib\wifi\WiFiEspAT\src\utility\EspAtDrv.cpp:164:6:bool EspAtDrvClass::firmwareVersion(char*)	24	static
C:\work\git\STM32-H5-KIT\firmware\H5_GUI_LOGGER\stm32h5-fw\src\lib\wifi\WiFiEspAT\src\utility\EspAtDrv.cpp:198:6:bool EspAtDrvClass::sysStoreInternal(bool)	16	static
C:\work\git\STM32-H5-KIT\firmware\H5_GUI_LOGGER\stm32h5-fw\src\lib\wifi\WiFiEspAT\src\utility\EspAtDrv.cpp:180:6:bool EspAtDrvClass::sysPersistent(bool)	16	static
C:\work\git\STM32-H5-KIT\firmware\H5_GUI_LOGGER\stm32h5-fw\src\lib\wifi\WiFiEspAT\src\utility\EspAtDrv.cpp:204:5:int EspAtDrvClass::staStatus()	16	static
C:\work\git\STM32-H5-KIT\firmware\H5_GUI_LOGGER\stm32h5-fw\src\lib\wifi\WiFiEspAT\src\utility\EspAtDrv.cpp:330:6:bool EspAtDrvClass::staMacQuery(uint8_t*)	16	static
C:\work\git\STM32-H5-KIT\firmware\H5_GUI_LOGGER\stm32h5-fw\src\lib\wifi\WiFiEspAT\src\utility\EspAtDrv.cpp:348:6:bool EspAtDrvClass::staIpQuery(IPAddress&, IPAddress&, IPAddress&)	32	static
C:\work\git\STM32-H5-KIT\firmware\H5_GUI_LOGGER\stm32h5-fw\src\lib\wifi\WiFiEspAT\src\utility\EspAtDrv.cpp:370:6:bool EspAtDrvClass::staDnsQuery(IPAddress&, IPAddress&)	24	static
C:\work\git\STM32-H5-KIT\firmware\H5_GUI_LOGGER\stm32h5-fw\src\lib\wifi\WiFiEspAT\src\utility\EspAtDrv.cpp:526:6:bool EspAtDrvClass::staAutoConnect(bool)	16	static
C:\work\git\STM32-H5-KIT\firmware\H5_GUI_LOGGER\stm32h5-fw\src\lib\wifi\WiFiEspAT\src\utility\EspAtDrv.cpp:536:6:bool EspAtDrvClass::apQuery(char*, uint8_t*, uint8_t&, int32_t&)	24	static
C:\work\git\STM32-H5-KIT\firmware\H5_GUI_LOGGER\stm32h5-fw\src\lib\wifi\WiFiEspAT\src\utility\EspAtDrv.cpp:608:6:bool EspAtDrvClass::softApMacQuery(uint8_t*)	16	static
C:\work\git\STM32-H5-KIT\firmware\H5_GUI_LOGGER\stm32h5-fw\src\lib\wifi\WiFiEspAT\src\utility\EspAtDrv.cpp:626:6:bool EspAtDrvClass::softApIpQuery(IPAddress&, IPAddress&, IPAddress&)	32	static
C:\work\git\STM32-H5-KIT\firmware\H5_GUI_LOGGER\stm32h5-fw\src\lib\wifi\WiFiEspAT\src\utility\EspAtDrv.cpp:698:6:bool EspAtDrvClass::softApQuery(char*, char*, uint8_t&, uint8_t&, uint8_t&, bool&)	24	static
C:\work\git\STM32-H5-KIT\firmware\H5_GUI_LOGGER\stm32h5-fw\src\lib\wifi\WiFiEspAT\src\utility\EspAtDrv.cpp:735:6:bool EspAtDrvClass::serverBegin(uint16_t, uint8_t, uint16_t, bool, bool)	24	static
C:\work\git\STM32-H5-KIT\firmware\H5_GUI_LOGGER\stm32h5-fw\src\lib\wifi\WiFiEspAT\src\utility\EspAtDrv.cpp:820:9:uint8_t EspAtDrvClass::connect(const char*, const char*, uint16_t, uint16_t)	32	static
C:\work\git\STM32-H5-KIT\firmware\H5_GUI_LOGGER\stm32h5-fw\src\lib\wifi\WiFiEspAT\src\utility\EspAtDrv.cpp:883:6:bool EspAtDrvClass::close(uint8_t, bool)	16	static
C:\work\git\STM32-H5-KIT\firmware\H5_GUI_LOGGER\stm32h5-fw\src\lib\wifi\WiFiEspAT\src\utility\EspAtDrv.cpp:921:6:bool EspAtDrvClass::remoteParamsQuery(uint8_t, IPAddress&, uint16_t&, uint16_t&)	24	static
C:\work\git\STM32-H5-KIT\firmware\H5_GUI_LOGGER\stm32h5-fw\src\lib\wifi\WiFiEspAT\src\utility\EspAtDrv.cpp:909:10:uint16_t EspAtDrvClass::localPortQuery(uint8_t)	40	static
C:\work\git\STM32-H5-KIT\firmware\H5_GUI_LOGGER\stm32h5-fw\src\lib\wifi\WiFiEspAT\src\utility\EspAtDrv.cpp:978:8:size_t EspAtDrvClass::recvData(uint8_t, uint8_t*, size_t)	24	static
C:\work\git\STM32-H5-KIT\firmware\H5_GUI_LOGGER\stm32h5-fw\src\lib\wifi\WiFiEspAT\src\utility\EspAtDrv.cpp:1137:8:size_t EspAtDrvClass::sendData(uint8_t, const uint8_t*, size_t, const char*, uint16_t)	24	static
C:\work\git\STM32-H5-KIT\firmware\H5_GUI_LOGGER\stm32h5-fw\src\lib\wifi\WiFiEspAT\src\utility\EspAtDrv.cpp:1185:8:size_t EspAtDrvClass::sendData(uint8_t, Stream&, const char*, uint16_t)	48	static
C:\work\git\STM32-H5-KIT\firmware\H5_GUI_LOGGER\stm32h5-fw\src\lib\wifi\WiFiEspAT\src\utility\EspAtDrv.cpp:1249:8:size_t EspAtDrvClass::sendData(uint8_t, SendCallbackFnc, const char*, uint16_t)	24	static
C:\work\git\STM32-H5-KIT\firmware\H5_GUI_LOGGER\stm32h5-fw\src\lib\wifi\WiFiEspAT\src\utility\EspAtDrv.cpp:1316:6:bool EspAtDrvClass::hostnameQuery(char*)	16	static
C:\work\git\STM32-H5-KIT\firmware\H5_GUI_LOGGER\stm32h5-fw\src\lib\wifi\WiFiEspAT\src\utility\EspAtDrv.cpp:1329:6:bool EspAtDrvClass::dhcpStateQuery(bool&, bool&)	16	static
C:\work\git\STM32-H5-KIT\firmware\H5_GUI_LOGGER\stm32h5-fw\src\lib\wifi\WiFiEspAT\src\utility\EspAtDrv.cpp:1349:6:bool EspAtDrvClass::mDNS(const char*, const char*, uint16_t)	24	static
C:\work\git\STM32-H5-KIT\firmware\H5_GUI_LOGGER\stm32h5-fw\src\lib\wifi\WiFiEspAT\src\utility\EspAtDrv.cpp:1364:6:bool EspAtDrvClass::resolve(const char*, IPAddress&)	16	static
C:\work\git\STM32-H5-KIT\firmware\H5_GUI_LOGGER\stm32h5-fw\src\lib\wifi\WiFiEspAT\src\utility\EspAtDrv.cpp:1379:6:bool EspAtDrvClass::sntpCfg(const char*, const char*)	16	static
C:\work\git\STM32-H5-KIT\firmware\H5_GUI_LOGGER\stm32h5-fw\src\lib\wifi\WiFiEspAT\src\utility\EspAtDrv.cpp:1395:15:long unsigned int EspAtDrvClass::sntpTime()	16	static
C:\work\git\STM32-H5-KIT\firmware\H5_GUI_LOGGER\stm32h5-fw\src\lib\wifi\WiFiEspAT\src\utility\EspAtDrv.cpp:1417:6:bool EspAtDrvClass::ping(const char*)	16	static
C:\work\git\STM32-H5-KIT\firmware\H5_GUI_LOGGER\stm32h5-fw\src\lib\wifi\WiFiEspAT\src\utility\EspAtDrv.cpp:1429:6:bool EspAtDrvClass::sleepMode(EspAtSleepMode)	16	static
C:\work\git\STM32-H5-KIT\firmware\H5_GUI_LOGGER\stm32h5-fw\src\lib\wifi\WiFiEspAT\src\utility\EspAtDrv.cpp:1660:6:bool EspAtDrvClass::simpleCommand(const char*)	16	static
C:\work\git\STM32-H5-KIT\firmware\H5_GUI_LOGGER\stm32h5-fw\src\lib\wifi\WiFiEspAT\src\utility\EspAtDrv.cpp:101:6:bool EspAtDrvClass::reset(int8_t, uint32_t)	16	static
C:\work\git\STM32-H5-KIT\firmware\H5_GUI_LOGGER\stm32h5-fw\src\lib\wifi\WiFiEspAT\src\utility\EspAtDrv.cpp:69:6:bool EspAtDrvClass::init(Stream*, int8_t)	8	static
C:\work\git\STM32-H5-KIT\firmware\H5_GUI_LOGGER\stm32h5-fw\src\lib\wifi\WiFiEspAT\src\utility\EspAtDrv.cpp:82:6:bool EspAtDrvClass::init(uint32_t)	8	static
C:\work\git\STM32-H5-KIT\firmware\H5_GUI_LOGGER\stm32h5-fw\src\lib\wifi\WiFiEspAT\src\utility\EspAtDrv.cpp:492:6:bool EspAtDrvClass::quitAP(bool)	16	static
C:\work\git\STM32-H5-KIT\firmware\H5_GUI_LOGGER\stm32h5-fw\src\lib\wifi\WiFiEspAT\src\utility\EspAtDrv.cpp:759:6:bool EspAtDrvClass::serverEnd(uint16_t)	8	static
C:\work\git\STM32-H5-KIT\firmware\H5_GUI_LOGGER\stm32h5-fw\src\lib\wifi\WiFiEspAT\src\utility\EspAtDrv.cpp:1049:8:size_t EspAtDrvClass::recvDataWithInfo(uint8_t, uint8_t*, size_t, IPAddress&, uint16_t&)	32	static
C:\work\git\STM32-H5-KIT\firmware\H5_GUI_LOGGER\stm32h5-fw\src\lib\wifi\WiFiEspAT\src\utility\EspAtDrv.cpp:1440:6:bool EspAtDrvClass::deepSleep()	8	static
C:\work\git\STM32-H5-KIT\firmware\H5_GUI_LOGGER\stm32h5-fw\src\lib\wifi\WiFiEspAT\src\utility\EspAtDrv.cpp:1668:6:bool EspAtDrvClass::setWifiMode(uint8_t, bool)	24	static
C:\work\git\STM32-H5-KIT\firmware\H5_GUI_LOGGER\stm32h5-fw\src\lib\wifi\WiFiEspAT\src\utility\EspAtDrv.cpp:224:9:uint8_t EspAtDrvClass::listAP(WiFiApData*, uint8_t)	32	static
C:\work\git\STM32-H5-KIT\firmware\H5_GUI_LOGGER\stm32h5-fw\src\lib\wifi\WiFiEspAT\src\utility\EspAtDrv.cpp:264:6:bool EspAtDrvClass::staStaticIp(const IPAddress&, const IPAddress&, const IPAddress&)	24	static
C:\work\git\STM32-H5-KIT\firmware\H5_GUI_LOGGER\stm32h5-fw\src\lib\wifi\WiFiEspAT\src\utility\EspAtDrv.cpp:297:6:bool EspAtDrvClass::staDNS(const IPAddress&, const IPAddress&)	16	static
C:\work\git\STM32-H5-KIT\firmware\H5_GUI_LOGGER\stm32h5-fw\src\lib\wifi\WiFiEspAT\src\utility\EspAtDrv.cpp:402:6:bool EspAtDrvClass::joinAP(const char*, const char*, const uint8_t*)	24	static
C:\work\git\STM32-H5-KIT\firmware\H5_GUI_LOGGER\stm32h5-fw\src\lib\wifi\WiFiEspAT\src\utility\EspAtDrv.cpp:450:6:bool EspAtDrvClass::joinEAP(const char*, uint8_t, const char*, const char*, const char*, uint8_t)	24	static
C:\work\git\STM32-H5-KIT\firmware\H5_GUI_LOGGER\stm32h5-fw\src\lib\wifi\WiFiEspAT\src\utility\EspAtDrv.cpp:572:6:bool EspAtDrvClass::softApIp(const IPAddress&, const IPAddress&, const IPAddress&)	32	static
C:\work\git\STM32-H5-KIT\firmware\H5_GUI_LOGGER\stm32h5-fw\src\lib\wifi\WiFiEspAT\src\utility\EspAtDrv.cpp:648:6:bool EspAtDrvClass::beginSoftAP(const char*, const char*, uint8_t, uint8_t, uint8_t, bool)	32	static
C:\work\git\STM32-H5-KIT\firmware\H5_GUI_LOGGER\stm32h5-fw\src\lib\wifi\WiFiEspAT\src\utility\EspAtDrv.cpp:688:6:bool EspAtDrvClass::endSoftAP(bool)	16	static
C:\work\git\STM32-H5-KIT\firmware\H5_GUI_LOGGER\stm32h5-fw\src\lib\wifi\WiFiEspAT\src\utility\EspAtDrv.cpp:1299:6:bool EspAtDrvClass::setHostname(const char*)	16	static
C:\work\git\STM32-H5-KIT\firmware\H5_GUI_LOGGER\stm32h5-fw\src\lib\wifi\WiFiEspAT\src\utility\EspAtDrv.cpp:1733:6:bool EspAtDrvClass::recvLenQuery()	16	static
C:\work\git\STM32-H5-KIT\firmware\H5_GUI_LOGGER\stm32h5-fw\src\lib\wifi\WiFiEspAT\src\utility\EspAtDrv.cpp:1720:6:bool EspAtDrvClass::syncLinkInfo()	8	static
C:\work\git\STM32-H5-KIT\firmware\H5_GUI_LOGGER\stm32h5-fw\src\lib\wifi\WiFiEspAT\src\utility\EspAtDrv.cpp:967:8:size_t EspAtDrvClass::availData(uint8_t)	16	static
C:\work\git\STM32-H5-KIT\firmware\H5_GUI_LOGGER\stm32h5-fw\src\lib\wifi\WiFiEspAT\src\utility\EspAtDrv.cpp:1766:6:bool EspAtDrvClass::checkLinks()	24	static
C:\work\git\STM32-H5-KIT\firmware\H5_GUI_LOGGER\stm32h5-fw\src\lib\wifi\WiFiEspAT\src\utility\EspAtDrv.cpp:1799:23:cpp)	8	static
