C:\work\git\STM32-H5-KIT\firmware\H5_GUI_LOGGER\stm32h5-fw\src\lib\lwip\src\core\udp.c:100:1:udp_new_port	0	static
C:\work\git\STM32-H5-KIT\firmware\H5_GUI_LOGGER\stm32h5-fw\src\lib\lwip\src\core\udp.c:130:1:udp_input_local_match	24	static
C:\work\git\STM32-H5-KIT\firmware\H5_GUI_LOGGER\stm32h5-fw\src\lib\lwip\src\core\udp.c:87:1:udp_init	8	static
C:\work\git\STM32-H5-KIT\firmware\H5_GUI_LOGGER\stm32h5-fw\src\lib\lwip\src\core\udp.c:194:1:udp_input	48	static
C:\work\git\STM32-H5-KIT\firmware\H5_GUI_LOGGER\stm32h5-fw\src\lib\lwip\src\core\udp.c:932:1:udp_bind	16	static
C:\work\git\STM32-H5-KIT\firmware\H5_GUI_LOGGER\stm32h5-fw\src\lib\lwip\src\core\udp.c:699:1:udp_sendto_if_src	56	static
C:\work\git\STM32-H5-KIT\firmware\H5_GUI_LOGGER\stm32h5-fw\src\lib\lwip\src\core\udp.c:624:1:udp_sendto_if	32	static
C:\work\git\STM32-H5-KIT\firmware\H5_GUI_LOGGER\stm32h5-fw\src\lib\lwip\src\core\udp.c:520:1:udp_sendto	32	static
C:\work\git\STM32-H5-KIT\firmware\H5_GUI_LOGGER\stm32h5-fw\src\lib\lwip\src\core\udp.c:467:1:udp_send	8	static
C:\work\git\STM32-H5-KIT\firmware\H5_GUI_LOGGER\stm32h5-fw\src\lib\lwip\src\core\udp.c:1046:1:udp_bind_netif	0	static
C:\work\git\STM32-H5-KIT\firmware\H5_GUI_LOGGER\stm32h5-fw\src\lib\lwip\src\core\udp.c:1075:1:udp_connect	16	static
C:\work\git\STM32-H5-KIT\firmware\H5_GUI_LOGGER\stm32h5-fw\src\lib\lwip\src\core\udp.c:1130:1:udp_disconnect	0	static
C:\work\git\STM32-H5-KIT\firmware\H5_GUI_LOGGER\stm32h5-fw\src\lib\lwip\src\core\udp.c:1162:1:udp_recv	0	static
C:\work\git\STM32-H5-KIT\firmware\H5_GUI_LOGGER\stm32h5-fw\src\lib\lwip\src\core\udp.c:1183:1:udp_remove	8	static
C:\work\git\STM32-H5-KIT\firmware\H5_GUI_LOGGER\stm32h5-fw\src\lib\lwip\src\core\udp.c:1223:1:udp_new	8	static
C:\work\git\STM32-H5-KIT\firmware\H5_GUI_LOGGER\stm32h5-fw\src\lib\lwip\src\core\udp.c:1262:1:udp_new_ip_type	8	static
C:\work\git\STM32-H5-KIT\firmware\H5_GUI_LOGGER\stm32h5-fw\src\lib\lwip\src\core\udp.c:1285:6:udp_netif_ip_addr_changed	4	static
