C:\work\git\STM32-H5-KIT\firmware\H5_CAN_LOGGER\stm32h5-fw\src\lib\ST\STM32H5xx_HAL_Driver\Src\stm32h5xx_hal_dma.c:1611:13:DMA_SetConfig	8	static
C:\work\git\STM32-H5-KIT\firmware\H5_CAN_LOGGER\stm32h5-fw\src\lib\ST\STM32H5xx_HAL_Driver\Src\stm32h5xx_hal_dma.c:1636:13:DMA_Init	4	static
C:\work\git\STM32-H5-KIT\firmware\H5_CAN_LOGGER\stm32h5-fw\src\lib\ST\STM32H5xx_HAL_Driver\Src\stm32h5xx_hal_dma.c:242:19:HAL_DMA_Init	16	static
C:\work\git\STM32-H5-KIT\firmware\H5_CAN_LOGGER\stm32h5-fw\src\lib\ST\STM32H5xx_HAL_Driver\Src\stm32h5xx_hal_dma.c:337:19:HAL_DMA_DeInit	16	static
C:\work\git\STM32-H5-KIT\firmware\H5_CAN_LOGGER\stm32h5-fw\src\lib\ST\STM32H5xx_HAL_Driver\Src\stm32h5xx_hal_dma.c:477:19:HAL_DMA_Start	24	static
C:\work\git\STM32-H5-KIT\firmware\H5_CAN_LOGGER\stm32h5-fw\src\lib\ST\STM32H5xx_HAL_Driver\Src\stm32h5xx_hal_dma.c:538:19:HAL_DMA_Start_IT	24	static
C:\work\git\STM32-H5-KIT\firmware\H5_CAN_LOGGER\stm32h5-fw\src\lib\ST\STM32H5xx_HAL_Driver\Src\stm32h5xx_hal_dma.c:616:19:HAL_DMA_Abort	16	static
C:\work\git\STM32-H5-KIT\firmware\H5_CAN_LOGGER\stm32h5-fw\src\lib\ST\STM32H5xx_HAL_Driver\Src\stm32h5xx_hal_dma.c:708:19:HAL_DMA_Abort_IT	0	static
C:\work\git\STM32-H5-KIT\firmware\H5_CAN_LOGGER\stm32h5-fw\src\lib\ST\STM32H5xx_HAL_Driver\Src\stm32h5xx_hal_dma.c:744:19:HAL_DMA_PollForTransfer	24	static
C:\work\git\STM32-H5-KIT\firmware\H5_CAN_LOGGER\stm32h5-fw\src\lib\ST\STM32H5xx_HAL_Driver\Src\stm32h5xx_hal_dma.c:916:6:HAL_DMA_IRQHandler	8	static
C:\work\git\STM32-H5-KIT\firmware\H5_CAN_LOGGER\stm32h5-fw\src\lib\ST\STM32H5xx_HAL_Driver\Src\stm32h5xx_hal_dma.c:1152:19:HAL_DMA_RegisterCallback	0	static
C:\work\git\STM32-H5-KIT\firmware\H5_CAN_LOGGER\stm32h5-fw\src\lib\ST\STM32H5xx_HAL_Driver\Src\stm32h5xx_hal_dma.c:1231:19:HAL_DMA_UnRegisterCallback	0	static
C:\work\git\STM32-H5-KIT\firmware\H5_CAN_LOGGER\stm32h5-fw\src\lib\ST\STM32H5xx_HAL_Driver\Src\stm32h5xx_hal_dma.c:1339:22:HAL_DMA_GetState	0	static
C:\work\git\STM32-H5-KIT\firmware\H5_CAN_LOGGER\stm32h5-fw\src\lib\ST\STM32H5xx_HAL_Driver\Src\stm32h5xx_hal_dma.c:1351:10:HAL_DMA_GetError	0	static
C:\work\git\STM32-H5-KIT\firmware\H5_CAN_LOGGER\stm32h5-fw\src\lib\ST\STM32H5xx_HAL_Driver\Src\stm32h5xx_hal_dma.c:1395:19:HAL_DMA_ConfigChannelAttributes	16	static
C:\work\git\STM32-H5-KIT\firmware\H5_CAN_LOGGER\stm32h5-fw\src\lib\ST\STM32H5xx_HAL_Driver\Src\stm32h5xx_hal_dma.c:1483:19:HAL_DMA_GetConfigChannelAttributes	4	static
C:\work\git\STM32-H5-KIT\firmware\H5_CAN_LOGGER\stm32h5-fw\src\lib\ST\STM32H5xx_HAL_Driver\Src\stm32h5xx_hal_dma.c:1563:19:HAL_DMA_GetLockChannelAttributes	0	static
