C:\work\git\STM32-H5-KIT\firmware\H5_CAN_LOGGER\stm32h5-fw\src\lib\ST\STM32H5xx_HAL_Driver\Src\stm32h5xx_hal_exti.c:139:19:HAL_EXTI_SetConfigLine	24	static
C:\work\git\STM32-H5-KIT\firmware\H5_CAN_LOGGER\stm32h5-fw\src\lib\ST\STM32H5xx_HAL_Driver\Src\stm32h5xx_hal_exti.c:261:19:HAL_EXTI_GetConfigLine	16	static
C:\work\git\STM32-H5-KIT\firmware\H5_CAN_LOGGER\stm32h5-fw\src\lib\ST\STM32H5xx_HAL_Driver\Src\stm32h5xx_hal_exti.c:355:19:HAL_EXTI_ClearConfigLine	24	static
C:\work\git\STM32-H5-KIT\firmware\H5_CAN_LOGGER\stm32h5-fw\src\lib\ST\STM32H5xx_HAL_Driver\Src\stm32h5xx_hal_exti.c:421:19:HAL_EXTI_RegisterCallback	0	static
C:\work\git\STM32-H5-KIT\firmware\H5_CAN_LOGGER\stm32h5-fw\src\lib\ST\STM32H5xx_HAL_Driver\Src\stm32h5xx_hal_exti.c:457:19:HAL_EXTI_GetHandle	16	static
C:\work\git\STM32-H5-KIT\firmware\H5_CAN_LOGGER\stm32h5-fw\src\lib\ST\STM32H5xx_HAL_Driver\Src\stm32h5xx_hal_exti.c:498:6:HAL_EXTI_IRQHandler	16	static
C:\work\git\STM32-H5-KIT\firmware\H5_CAN_LOGGER\stm32h5-fw\src\lib\ST\STM32H5xx_HAL_Driver\Src\stm32h5xx_hal_exti.c:552:10:HAL_EXTI_GetPending	16	static
C:\work\git\STM32-H5-KIT\firmware\H5_CAN_LOGGER\stm32h5-fw\src\lib\ST\STM32H5xx_HAL_Driver\Src\stm32h5xx_hal_exti.c:596:6:HAL_EXTI_ClearPending	16	static
C:\work\git\STM32-H5-KIT\firmware\H5_CAN_LOGGER\stm32h5-fw\src\lib\ST\STM32H5xx_HAL_Driver\Src\stm32h5xx_hal_exti.c:632:6:HAL_EXTI_GenerateSWI	8	static
C:\work\git\STM32-H5-KIT\firmware\H5_CAN_LOGGER\stm32h5-fw\src\lib\ST\STM32H5xx_HAL_Driver\Src\stm32h5xx_hal_exti.c:683:6:HAL_EXTI_ConfigLineAttributes	16	static
C:\work\git\STM32-H5-KIT\firmware\H5_CAN_LOGGER\stm32h5-fw\src\lib\ST\STM32H5xx_HAL_Driver\Src\stm32h5xx_hal_exti.c:756:19:HAL_EXTI_GetConfigLineAttributes	16	static
