C:\work\git\STM32-H5-KIT\firmware\H5_CAN_LOGGER\stm32h5-fw\src\hw\driver\fs.c:419:5:fsDeviceSync	0	static
C:\work\git\STM32-H5-KIT\firmware\H5_CAN_LOGGER\stm32h5-fw\src\hw\driver\fs.c:440:12:fsDeviceUnlock	8	static
C:\work\git\STM32-H5-KIT\firmware\H5_CAN_LOGGER\stm32h5-fw\src\hw\driver\fs.c:428:12:fsDeviceLock	8	static
C:\work\git\STM32-H5-KIT\firmware\H5_CAN_LOGGER\stm32h5-fw\src\hw\driver\fs.c:399:5:fsDeviceErase	8	static
C:\work\git\STM32-H5-KIT\firmware\H5_CAN_LOGGER\stm32h5-fw\src\hw\driver\fs.c:376:5:fsDeviceProg	8	static
C:\work\git\STM32-H5-KIT\firmware\H5_CAN_LOGGER\stm32h5-fw\src\hw\driver\fs.c:354:5:fsDeviceRead	8	static
C:\work\git\STM32-H5-KIT\firmware\H5_CAN_LOGGER\stm32h5-fw\src\hw\driver\fs.c:170:6:fsIsInit	0	static
C:\work\git\STM32-H5-KIT\firmware\H5_CAN_LOGGER\stm32h5-fw\src\hw\driver\fs.c:175:6:fsIsExist	272	static
C:\work\git\STM32-H5-KIT\firmware\H5_CAN_LOGGER\stm32h5-fw\src\hw\driver\fs.c:190:6:fsIsDir	64	static
C:\work\git\STM32-H5-KIT\firmware\H5_CAN_LOGGER\stm32h5-fw\src\hw\driver\fs.c:203:9:fsGetFree	8	static
C:\work\git\STM32-H5-KIT\firmware\H5_CAN_LOGGER\stm32h5-fw\src\hw\driver\fs.c:223:9:fsGetSize	0	static
C:\work\git\STM32-H5-KIT\firmware\H5_CAN_LOGGER\stm32h5-fw\src\hw\driver\fs.c:228:6:fsFileOpen	8	static
C:\work\git\STM32-H5-KIT\firmware\H5_CAN_LOGGER\stm32h5-fw\src\hw\driver\fs.c:245:6:fsFileClose	16	static
C:\work\git\STM32-H5-KIT\firmware\H5_CAN_LOGGER\stm32h5-fw\src\hw\driver\fs.c:266:6:fsFileDel	8	static
C:\work\git\STM32-H5-KIT\firmware\H5_CAN_LOGGER\stm32h5-fw\src\hw\driver\fs.c:284:9:fsFileRead	8	static
C:\work\git\STM32-H5-KIT\firmware\H5_CAN_LOGGER\stm32h5-fw\src\hw\driver\fs.c:95:6:fsInit	232	static
C:\work\git\STM32-H5-KIT\firmware\H5_CAN_LOGGER\stm32h5-fw\src\hw\driver\fs.c:298:9:fsFileWrite	8	static
C:\work\git\STM32-H5-KIT\firmware\H5_CAN_LOGGER\stm32h5-fw\src\hw\driver\fs.c:312:9:fsFileSync	8	static
C:\work\git\STM32-H5-KIT\firmware\H5_CAN_LOGGER\stm32h5-fw\src\hw\driver\fs.c:317:6:fsFileRewind	8	static
C:\work\git\STM32-H5-KIT\firmware\H5_CAN_LOGGER\stm32h5-fw\src\hw\driver\fs.c:334:9:fsFileSeek	8	static
C:\work\git\STM32-H5-KIT\firmware\H5_CAN_LOGGER\stm32h5-fw\src\hw\driver\fs.c:343:9:fsFileSize	8	static
C:\work\git\STM32-H5-KIT\firmware\H5_CAN_LOGGER\stm32h5-fw\src\hw\driver\fs.c:566:5:lfs_ls	336	static
C:\work\git\STM32-H5-KIT\firmware\H5_CAN_LOGGER\stm32h5-fw\src\hw\driver\fs.c:459:6:cliCmd	112	static
