C:\work\git\STM32-H5-KIT\firmware\H5_CAN_LOGGER\stm32h5-fw\src\hw\driver\nvs.c:13:6:nvsInit	8	static
C:\work\git\STM32-H5-KIT\firmware\H5_CAN_LOGGER\stm32h5-fw\src\hw\driver\nvs.c:29:6:nvsIsInit	0	static
C:\work\git\STM32-H5-KIT\firmware\H5_CAN_LOGGER\stm32h5-fw\src\hw\driver\nvs.c:34:6:nvsIsExist	8	static
C:\work\git\STM32-H5-KIT\firmware\H5_CAN_LOGGER\stm32h5-fw\src\hw\driver\nvs.c:48:6:nvsSet	16	static
C:\work\git\STM32-H5-KIT\firmware\H5_CAN_LOGGER\stm32h5-fw\src\hw\driver\nvs.c:70:6:nvsGet	24	static
