C:\work\git\STM32-H5-KIT\firmware\H5_GUI_LOGGER\stm32h5-fw\src\ap\modules\control\motor\motor.cpp:80:6:void eventReceive(event_msg_t*)	0	static
C:\work\git\STM32-H5-KIT\firmware\H5_GUI_LOGGER\stm32h5-fw\src\ap\modules\control\motor\motor.cpp:123:6:void motorReqStop()	0	static
C:\work\git\STM32-H5-KIT\firmware\H5_GUI_LOGGER\stm32h5-fw\src\ap\modules\control\motor\motor.cpp:128:6:void motorReqMoveUp(int32_t)	0	static
C:\work\git\STM32-H5-KIT\firmware\H5_GUI_LOGGER\stm32h5-fw\src\lib\wifi\ArduinoJson\src/ArduinoJson/Variant/VariantData.hpp:21:13:bool ArduinoJson::V742HB22::detail::isTinyString(const T&, size_t) [with T = char*]	4	static
C:\work\git\STM32-H5-KIT\firmware\H5_GUI_LOGGER\stm32h5-fw\src\ap\modules\control\motor\motor.cpp:56:6:bool motorInit()	16	static
C:\work\git\STM32-H5-KIT\firmware\H5_GUI_LOGGER\stm32h5-fw\src\ap\modules\control\motor\motor.cpp:253:6:void cliCmd(cli_args_t*)	8	static
C:\work\git\STM32-H5-KIT\firmware\H5_GUI_LOGGER\stm32h5-fw\src\ap\modules\control\motor\motor.cpp:138:6:void motorThread(const void*)	8	static
C:\work\git\STM32-H5-KIT\firmware\H5_GUI_LOGGER\stm32h5-fw\src\lib\wifi\ArduinoJson\src/ArduinoJson/Memory/Allocator.hpp:34:9:virtual void* ArduinoJson::V742HB22::detail::DefaultAllocator::reallocate(void*, size_t)	8	static
C:\work\git\STM32-H5-KIT\firmware\H5_GUI_LOGGER\stm32h5-fw\src\lib\wifi\ArduinoJson\src/ArduinoJson/Memory/Allocator.hpp:30:8:virtual void ArduinoJson::V742HB22::detail::DefaultAllocator::deallocate(void*)	8	static
C:\work\git\STM32-H5-KIT\firmware\H5_GUI_LOGGER\stm32h5-fw\src\lib\wifi\ArduinoJson\src/ArduinoJson/Memory/Allocator.hpp:26:9:virtual void* ArduinoJson::V742HB22::detail::DefaultAllocator::allocate(size_t)	8	static
C:\work\git\STM32-H5-KIT\firmware\H5_GUI_LOGGER\stm32h5-fw\src\lib\wifi\ArduinoJson\src/ArduinoJson/Memory/ResourceManager.hpp:34:3:ArduinoJson::V742HB22::detail::ResourceManager::~ResourceManager()	32	static
C:\work\git\STM32-H5-KIT\firmware\H5_GUI_LOGGER\stm32h5-fw\src\lib\wifi\ArduinoJson\src/ArduinoJson/Memory/StringBuilder.hpp:17:3:ArduinoJson::V742HB22::detail::StringBuilder::~StringBuilder()	8	static
C:\work\git\STM32-H5-KIT\firmware\H5_GUI_LOGGER\stm32h5-fw\src\lib\wifi\ArduinoJson\src/ArduinoJson/Memory/MemoryPoolList.hpp:82:11:ArduinoJson::V742HB22::detail::Slot<T> ArduinoJson::V742HB22::detail::MemoryPoolList<T>::allocSlot(ArduinoJson::V742HB22::Allocator*) [with T = ArduinoJson::V742HB22::detail::ResourceManager::SlotData]	48	static
C:\work\git\STM32-H5-KIT\firmware\H5_GUI_LOGGER\stm32h5-fw\src\lib\wifi\ArduinoJson\src/ArduinoJson/Polyfills/alias_cast.hpp:24:3:T ArduinoJson::V742HB22::detail::alias_cast(F) [with T = ArduinoJson::V742HB22::detail::ResourceManager::SlotData*; F = ArduinoJson::V742HB22::detail::VariantData*]	0	static
C:\work\git\STM32-H5-KIT\firmware\H5_GUI_LOGGER\stm32h5-fw\src\lib\wifi\ArduinoJson\src/ArduinoJson/Variant/VariantImpl.hpp:48:13:void ArduinoJson::V742HB22::detail::VariantData::clear(ArduinoJson::V742HB22::detail::ResourceManager*)	64	static
C:\work\git\STM32-H5-KIT\firmware\H5_GUI_LOGGER\stm32h5-fw\src\lib\wifi\ArduinoJson\src/ArduinoJson/Strings/StringAdapter.hpp:43:23:ArduinoJson::V742HB22::detail::AdaptedString<TChar*> ArduinoJson::V742HB22::detail::adaptString(TChar*, size_t) [with TChar = char]	0	static
C:\work\git\STM32-H5-KIT\firmware\H5_GUI_LOGGER\stm32h5-fw\src\lib\wifi\ArduinoJson\src/ArduinoJson/Polyfills/utility.hpp:14:5:T&& ArduinoJson::V742HB22::detail::forward(ArduinoJson::V742HB22::detail::remove_reference_t<T>&) [with T = const char*&]	0	static
C:\work\git\STM32-H5-KIT\firmware\H5_GUI_LOGGER\stm32h5-fw\src\lib\wifi\ArduinoJson\src/ArduinoJson/Strings/StringAdapter.hpp:33:24:ArduinoJson::V742HB22::detail::AdaptedString<TString> ArduinoJson::V742HB22::detail::adaptString(TString&&) [with TString = const char*&]	16	static
C:\work\git\STM32-H5-KIT\firmware\H5_GUI_LOGGER\stm32h5-fw\src\lib\wifi\ArduinoJson\src/ArduinoJson/Polyfills/utility.hpp:14:5:T&& ArduinoJson::V742HB22::detail::forward(ArduinoJson::V742HB22::detail::remove_reference_t<T>&) [with T = ArduinoJson::V742HB22::JsonString&]	0	static
C:\work\git\STM32-H5-KIT\firmware\H5_GUI_LOGGER\stm32h5-fw\src\lib\wifi\ArduinoJson\src/ArduinoJson/Strings/StringAdapter.hpp:33:24:ArduinoJson::V742HB22::detail::AdaptedString<TString> ArduinoJson::V742HB22::detail::adaptString(TString&&) [with TString = ArduinoJson::V742HB22::JsonString&]	8	static
C:\work\git\STM32-H5-KIT\firmware\H5_GUI_LOGGER\stm32h5-fw\src\lib\wifi\ArduinoJson\src/ArduinoJson/Polyfills/utility.hpp:14:5:T&& ArduinoJson::V742HB22::detail::forward(ArduinoJson::V742HB22::detail::remove_reference_t<T>&) [with T = ArduinoJson::V742HB22::JsonDocument&]	0	static
C:\work\git\STM32-H5-KIT\firmware\H5_GUI_LOGGER\stm32h5-fw\src\lib\wifi\ArduinoJson\src/ArduinoJson/Strings/StringAdapters.hpp:44:1:ArduinoJson::V742HB22::detail::enable_if_t<(TAdaptedString1::typeSortKey <= TAdaptedString2::typeSortKey), bool> ArduinoJson::V742HB22::detail::stringEquals(TAdaptedString1, TAdaptedString2) [with TAdaptedString1 = ArduinoJson::V742HB22::detail::RamString; TAdaptedString2 = ArduinoJson::V742HB22::detail::RamString]	16	static
C:\work\git\STM32-H5-KIT\firmware\H5_GUI_LOGGER\stm32h5-fw\src\lib\wifi\ArduinoJson\src/ArduinoJson/Memory/StringBuilder.hpp:28:8:void ArduinoJson::V742HB22::detail::StringBuilder::save(ArduinoJson::V742HB22::detail::VariantData*)	80	static
C:\work\git\STM32-H5-KIT\firmware\H5_GUI_LOGGER\stm32h5-fw\src\lib\wifi\ArduinoJson\src/ArduinoJson/Polyfills/alias_cast.hpp:24:3:T ArduinoJson::V742HB22::detail::alias_cast(F) [with T = double; F = long long unsigned int]	0	static
C:\work\git\STM32-H5-KIT\firmware\H5_GUI_LOGGER\stm32h5-fw\src\lib\wifi\ArduinoJson\src/ArduinoJson/Numbers/parseNumber.hpp:105:15:ArduinoJson::V742HB22::detail::Number ArduinoJson::V742HB22::detail::parseNumber(const char*)	24	static
C:\work\git\STM32-H5-KIT\firmware\H5_GUI_LOGGER\stm32h5-fw\src\lib\wifi\ArduinoJson\src/ArduinoJson/Deserialization/Reader.hpp:65:36:ArduinoJson::V742HB22::detail::Reader<typename ArduinoJson::V742HB22::detail::remove_reference<T>::type> ArduinoJson::V742HB22::detail::makeReader(TInput&&) [with TInput = const char*&]	8	static
C:\work\git\STM32-H5-KIT\firmware\H5_GUI_LOGGER\stm32h5-fw\src\lib\wifi\ArduinoJson\src/ArduinoJson/Polyfills/utility.hpp:14:5:T&& ArduinoJson::V742HB22::detail::forward(ArduinoJson::V742HB22::detail::remove_reference_t<T>&) [with T = const char (&)[4]]	0	static
C:\work\git\STM32-H5-KIT\firmware\H5_GUI_LOGGER\stm32h5-fw\src\lib\wifi\ArduinoJson\src/ArduinoJson/Strings/StringAdapter.hpp:33:24:ArduinoJson::V742HB22::detail::AdaptedString<TString> ArduinoJson::V742HB22::detail::adaptString(TString&&) [with TString = const char (&)[4]]	8	static
C:\work\git\STM32-H5-KIT\firmware\H5_GUI_LOGGER\stm32h5-fw\src\lib\wifi\ArduinoJson\src/ArduinoJson/Polyfills/utility.hpp:14:5:T&& ArduinoJson::V742HB22::detail::forward(ArduinoJson::V742HB22::detail::remove_reference_t<T>&) [with T = const char (&)[6]]	0	static
C:\work\git\STM32-H5-KIT\firmware\H5_GUI_LOGGER\stm32h5-fw\src\lib\wifi\ArduinoJson\src/ArduinoJson/Strings/StringAdapter.hpp:33:24:ArduinoJson::V742HB22::detail::AdaptedString<TString> ArduinoJson::V742HB22::detail::adaptString(TString&&) [with TString = const char (&)[6]]	8	static
C:\work\git\STM32-H5-KIT\firmware\H5_GUI_LOGGER\stm32h5-fw\src\lib\wifi\ArduinoJson\src/ArduinoJson/Polyfills/utility.hpp:14:5:T&& ArduinoJson::V742HB22::detail::forward(ArduinoJson::V742HB22::detail::remove_reference_t<T>&) [with T = const char (&)[3]]	0	static
C:\work\git\STM32-H5-KIT\firmware\H5_GUI_LOGGER\stm32h5-fw\src\lib\wifi\ArduinoJson\src/ArduinoJson/Strings/StringAdapter.hpp:33:24:ArduinoJson::V742HB22::detail::AdaptedString<TString> ArduinoJson::V742HB22::detail::adaptString(TString&&) [with TString = const char (&)[3]]	8	static
C:\work\git\STM32-H5-KIT\firmware\H5_GUI_LOGGER\stm32h5-fw\src\lib\wifi\ArduinoJson\src/ArduinoJson/Polyfills/utility.hpp:14:5:T&& ArduinoJson::V742HB22::detail::forward(ArduinoJson::V742HB22::detail::remove_reference_t<T>&) [with T = ArduinoJson::V742HB22::JsonString]	0	static
C:\work\git\STM32-H5-KIT\firmware\H5_GUI_LOGGER\stm32h5-fw\src\lib\wifi\ArduinoJson\src/ArduinoJson/Strings/StringAdapter.hpp:33:24:ArduinoJson::V742HB22::detail::AdaptedString<TString> ArduinoJson::V742HB22::detail::adaptString(TString&&) [with TString = ArduinoJson::V742HB22::JsonString]	8	static
C:\work\git\STM32-H5-KIT\firmware\H5_GUI_LOGGER\stm32h5-fw\src\lib\wifi\ArduinoJson\src/ArduinoJson/Strings/StringAdapters.hpp:19:1:ArduinoJson::V742HB22::detail::enable_if_t<(TAdaptedString1::typeSortKey <= TAdaptedString2::typeSortKey), int> ArduinoJson::V742HB22::detail::stringCompare(TAdaptedString1, TAdaptedString2) [with TAdaptedString1 = ArduinoJson::V742HB22::detail::RamString; TAdaptedString2 = ArduinoJson::V742HB22::detail::RamString]	24	static
C:\work\git\STM32-H5-KIT\firmware\H5_GUI_LOGGER\stm32h5-fw\src\lib\wifi\ArduinoJson\src/ArduinoJson/Variant/VariantData.hpp:54:34:typename TVisitor::result_type ArduinoJson::V742HB22::detail::VariantData::accept(TVisitor&, const ArduinoJson::V742HB22::detail::ResourceManager*) const [with TVisitor = ArduinoJson::V742HB22::detail::VisitorAdapter<ArduinoJson::V742HB22::detail::Comparer<const char*, void> >]	192	static
C:\work\git\STM32-H5-KIT\firmware\H5_GUI_LOGGER\stm32h5-fw\src\lib\wifi\ArduinoJson\src/ArduinoJson/Variant/JsonVariantVisitor.hpp:51:32:typename TVisitor::result_type ArduinoJson::V742HB22::detail::accept(ArduinoJson::V742HB22::JsonVariantConst, TVisitor&) [with TVisitor = ArduinoJson::V742HB22::detail::Comparer<const char*, void>]	40	static
C:\work\git\STM32-H5-KIT\firmware\H5_GUI_LOGGER\stm32h5-fw\src\lib\wifi\ArduinoJson\src/ArduinoJson/Variant/VariantCompare.hpp:206:15:ArduinoJson::V742HB22::detail::CompareResult ArduinoJson::V742HB22::detail::compare(ArduinoJson::V742HB22::JsonVariantConst, const T&) [with T = const char*]	24	static
C:\work\git\STM32-H5-KIT\firmware\H5_GUI_LOGGER\stm32h5-fw\src\lib\wifi\ArduinoJson\src/ArduinoJson/Numbers/convertNumber.hpp:28:1:ArduinoJson::V742HB22::detail::enable_if_t<(((ArduinoJson::V742HB22::detail::is_integral<TIn>::value && ArduinoJson::V742HB22::detail::is_unsigned<TIn>::value) && ArduinoJson::V742HB22::detail::is_integral<T>::value) && (sizeof (TOut) <= sizeof (TIn))), bool> ArduinoJson::V742HB22::detail::canConvertNumber(TIn) [with TOut = unsigned char; TIn = long unsigned int]	0	static
C:\work\git\STM32-H5-KIT\firmware\H5_GUI_LOGGER\stm32h5-fw\src\lib\wifi\ArduinoJson\src/ArduinoJson/Numbers/convertNumber.hpp:135:6:TOut ArduinoJson::V742HB22::detail::convertNumber(TIn) [with TOut = unsigned char; TIn = long unsigned int]	8	static
C:\work\git\STM32-H5-KIT\firmware\H5_GUI_LOGGER\stm32h5-fw\src\lib\wifi\ArduinoJson\src/ArduinoJson/Numbers/convertNumber.hpp:90:1:ArduinoJson::V742HB22::detail::enable_if_t<((((ArduinoJson::V742HB22::detail::is_integral<TIn>::value && ArduinoJson::V742HB22::detail::is_signed<TIn>::value) && ArduinoJson::V742HB22::detail::is_integral<T>::value) && ArduinoJson::V742HB22::detail::is_unsigned<T>::value) && (sizeof (TOut) < sizeof (TIn))), bool> ArduinoJson::V742HB22::detail::canConvertNumber(TIn) [with TOut = unsigned char; TIn = long int]	0	static
C:\work\git\STM32-H5-KIT\firmware\H5_GUI_LOGGER\stm32h5-fw\src\lib\wifi\ArduinoJson\src/ArduinoJson/Numbers/convertNumber.hpp:135:6:TOut ArduinoJson::V742HB22::detail::convertNumber(TIn) [with TOut = unsigned char; TIn = long int]	8	static
C:\work\git\STM32-H5-KIT\firmware\H5_GUI_LOGGER\stm32h5-fw\src\lib\wifi\ArduinoJson\src/ArduinoJson/Numbers/convertNumber.hpp:28:1:ArduinoJson::V742HB22::detail::enable_if_t<(((ArduinoJson::V742HB22::detail::is_integral<TIn>::value && ArduinoJson::V742HB22::detail::is_unsigned<TIn>::value) && ArduinoJson::V742HB22::detail::is_integral<T>::value) && (sizeof (TOut) <= sizeof (TIn))), bool> ArduinoJson::V742HB22::detail::canConvertNumber(TIn) [with TOut = unsigned char; TIn = long long unsigned int]	0	static
C:\work\git\STM32-H5-KIT\firmware\H5_GUI_LOGGER\stm32h5-fw\src\lib\wifi\ArduinoJson\src/ArduinoJson/Numbers/convertNumber.hpp:135:6:TOut ArduinoJson::V742HB22::detail::convertNumber(TIn) [with TOut = unsigned char; TIn = long long unsigned int]	8	static
C:\work\git\STM32-H5-KIT\firmware\H5_GUI_LOGGER\stm32h5-fw\src\lib\wifi\ArduinoJson\src/ArduinoJson/Numbers/convertNumber.hpp:90:1:ArduinoJson::V742HB22::detail::enable_if_t<((((ArduinoJson::V742HB22::detail::is_integral<TIn>::value && ArduinoJson::V742HB22::detail::is_signed<TIn>::value) && ArduinoJson::V742HB22::detail::is_integral<T>::value) && ArduinoJson::V742HB22::detail::is_unsigned<T>::value) && (sizeof (TOut) < sizeof (TIn))), bool> ArduinoJson::V742HB22::detail::canConvertNumber(TIn) [with TOut = unsigned char; TIn = long long int]	0	static
C:\work\git\STM32-H5-KIT\firmware\H5_GUI_LOGGER\stm32h5-fw\src\lib\wifi\ArduinoJson\src/ArduinoJson/Numbers/convertNumber.hpp:135:6:TOut ArduinoJson::V742HB22::detail::convertNumber(TIn) [with TOut = unsigned char; TIn = long long int]	8	static
C:\work\git\STM32-H5-KIT\firmware\H5_GUI_LOGGER\stm32h5-fw\src\lib\wifi\ArduinoJson\src/ArduinoJson/Numbers/convertNumber.hpp:102:1:ArduinoJson::V742HB22::detail::enable_if_t<((ArduinoJson::V742HB22::detail::is_floating_point<TIn>::value && ArduinoJson::V742HB22::detail::is_integral<T>::value) && (sizeof (TOut) < sizeof (TIn))), bool> ArduinoJson::V742HB22::detail::canConvertNumber(TIn) [with TOut = unsigned char; TIn = float]	0	static
C:\work\git\STM32-H5-KIT\firmware\H5_GUI_LOGGER\stm32h5-fw\src\lib\wifi\ArduinoJson\src/ArduinoJson/Numbers/convertNumber.hpp:135:6:TOut ArduinoJson::V742HB22::detail::convertNumber(TIn) [with TOut = unsigned char; TIn = float]	24	static
C:\work\git\STM32-H5-KIT\firmware\H5_GUI_LOGGER\stm32h5-fw\src\lib\wifi\ArduinoJson\src/ArduinoJson/Numbers/convertNumber.hpp:102:1:ArduinoJson::V742HB22::detail::enable_if_t<((ArduinoJson::V742HB22::detail::is_floating_point<TIn>::value && ArduinoJson::V742HB22::detail::is_integral<T>::value) && (sizeof (TOut) < sizeof (TIn))), bool> ArduinoJson::V742HB22::detail::canConvertNumber(TIn) [with TOut = unsigned char; TIn = double]	16	static
C:\work\git\STM32-H5-KIT\firmware\H5_GUI_LOGGER\stm32h5-fw\src\lib\wifi\ArduinoJson\src/ArduinoJson/Numbers/convertNumber.hpp:135:6:TOut ArduinoJson::V742HB22::detail::convertNumber(TIn) [with TOut = unsigned char; TIn = double]	16	static
C:\work\git\STM32-H5-KIT\firmware\H5_GUI_LOGGER\stm32h5-fw\src\lib\wifi\ArduinoJson\src/ArduinoJson/Variant/VariantData.hpp:239:5:T ArduinoJson::V742HB22::detail::VariantData::asIntegral(const ArduinoJson::V742HB22::detail::ResourceManager*) const [with T = unsigned char]	24	static
C:\work\git\STM32-H5-KIT\firmware\H5_GUI_LOGGER\stm32h5-fw\src\lib\wifi\ArduinoJson\src/ArduinoJson/Json/JsonDeserializer.hpp:396:30:ArduinoJson::V742HB22::DeserializationError::Code ArduinoJson::V742HB22::detail::JsonDeserializer<TReader>::parseQuotedString() [with TReader = ArduinoJson::V742HB22::detail::Reader<const char*, void>]	64	static
C:\work\git\STM32-H5-KIT\firmware\H5_GUI_LOGGER\stm32h5-fw\src\lib\wifi\ArduinoJson\src/ArduinoJson/Variant/VariantImpl.hpp:74:35:ArduinoJson::V742HB22::detail::enable_if_t<(sizeof (T) == 8), bool> ArduinoJson::V742HB22::detail::VariantData::setFloat(T, ArduinoJson::V742HB22::detail::ResourceManager*) [with T = double]	40	static
C:\work\git\STM32-H5-KIT\firmware\H5_GUI_LOGGER\stm32h5-fw\src\lib\wifi\ArduinoJson\src/ArduinoJson/Numbers/convertNumber.hpp:28:1:ArduinoJson::V742HB22::detail::enable_if_t<(((ArduinoJson::V742HB22::detail::is_integral<TIn>::value && ArduinoJson::V742HB22::detail::is_unsigned<TIn>::value) && ArduinoJson::V742HB22::detail::is_integral<T>::value) && (sizeof (TOut) <= sizeof (TIn))), bool> ArduinoJson::V742HB22::detail::canConvertNumber(TIn) [with TOut = long unsigned int; TIn = long long unsigned int]	0	static
C:\work\git\STM32-H5-KIT\firmware\H5_GUI_LOGGER\stm32h5-fw\src\lib\wifi\ArduinoJson\src/ArduinoJson/Variant/VariantImpl.hpp:124:42:ArduinoJson::V742HB22::detail::enable_if_t<ArduinoJson::V742HB22::detail::is_unsigned<T>::value, bool> ArduinoJson::V742HB22::detail::VariantData::setInteger(T, ArduinoJson::V742HB22::detail::ResourceManager*) [with T = long long unsigned int]	40	static
C:\work\git\STM32-H5-KIT\firmware\H5_GUI_LOGGER\stm32h5-fw\src\lib\wifi\ArduinoJson\src/ArduinoJson/Numbers/convertNumber.hpp:55:1:ArduinoJson::V742HB22::detail::enable_if_t<((((ArduinoJson::V742HB22::detail::is_integral<TIn>::value && ArduinoJson::V742HB22::detail::is_signed<TIn>::value) && ArduinoJson::V742HB22::detail::is_integral<T>::value) && ArduinoJson::V742HB22::detail::is_signed<T>::value) && (sizeof (TOut) < sizeof (TIn))), bool> ArduinoJson::V742HB22::detail::canConvertNumber(TIn) [with TOut = long int; TIn = long long int]	0	static
C:\work\git\STM32-H5-KIT\firmware\H5_GUI_LOGGER\stm32h5-fw\src\lib\wifi\ArduinoJson\src/ArduinoJson/Variant/VariantImpl.hpp:101:40:ArduinoJson::V742HB22::detail::enable_if_t<ArduinoJson::V742HB22::detail::is_signed<T>::value, bool> ArduinoJson::V742HB22::detail::VariantData::setInteger(T, ArduinoJson::V742HB22::detail::ResourceManager*) [with T = long long int]	40	static
C:\work\git\STM32-H5-KIT\firmware\H5_GUI_LOGGER\stm32h5-fw\src\lib\wifi\ArduinoJson\src/ArduinoJson/Json/JsonDeserializer.hpp:507:30:ArduinoJson::V742HB22::DeserializationError::Code ArduinoJson::V742HB22::detail::JsonDeserializer<TReader>::parseNumericValue(ArduinoJson::V742HB22::detail::VariantData&) [with TReader = ArduinoJson::V742HB22::detail::Reader<const char*, void>]	40	static
C:\work\git\STM32-H5-KIT\firmware\H5_GUI_LOGGER\stm32h5-fw\src\lib\wifi\ArduinoJson\src/ArduinoJson/Json/JsonDeserializer.hpp:62:30:ArduinoJson::V742HB22::DeserializationError::Code ArduinoJson::V742HB22::detail::JsonDeserializer<TReader>::parseVariant(ArduinoJson::V742HB22::detail::VariantData&, TFilter, ArduinoJson::V742HB22::DeserializationOption::NestingLimit) [with TFilter = ArduinoJson::V742HB22::detail::AllowAllFilter; TReader = ArduinoJson::V742HB22::detail::Reader<const char*, void>]	16	static
C:\work\git\STM32-H5-KIT\firmware\H5_GUI_LOGGER\stm32h5-fw\src\lib\wifi\ArduinoJson\src/ArduinoJson/Deserialization/deserialize.hpp:45:22:ArduinoJson::V742HB22::DeserializationError ArduinoJson::V742HB22::detail::doDeserialize(TDestination&&, TReader, TOptions) [with TDeserializer = ArduinoJson::V742HB22::detail::JsonDeserializer; TDestination = ArduinoJson::V742HB22::JsonDocument&; TReader = ArduinoJson::V742HB22::detail::Reader<const char*, void>; TOptions = ArduinoJson::V742HB22::detail::DeserializationOptions<ArduinoJson::V742HB22::detail::AllowAllFilter>]	144	static
C:\work\git\STM32-H5-KIT\firmware\H5_GUI_LOGGER\stm32h5-fw\src\lib\wifi\ArduinoJson\src/ArduinoJson/Deserialization/deserialize.hpp:63:22:>::type>::value), int>::type <anonymous> = 0]	16	static
C:\work\git\STM32-H5-KIT\firmware\H5_GUI_LOGGER\stm32h5-fw\src\lib\wifi\ArduinoJson\src/ArduinoJson/Json/JsonDeserializer.hpp:148:30:ArduinoJson::V742HB22::DeserializationError::Code ArduinoJson::V742HB22::detail::JsonDeserializer<TReader>::parseArray(ArduinoJson::V742HB22::detail::ArrayData&, TFilter, ArduinoJson::V742HB22::DeserializationOption::NestingLimit) [with TFilter = ArduinoJson::V742HB22::detail::AllowAllFilter; TReader = ArduinoJson::V742HB22::detail::Reader<const char*, void>]	48	static
C:\work\git\STM32-H5-KIT\firmware\H5_GUI_LOGGER\stm32h5-fw\src\lib\wifi\ArduinoJson\src/ArduinoJson/Json/JsonDeserializer.hpp:234:30:ArduinoJson::V742HB22::DeserializationError::Code ArduinoJson::V742HB22::detail::JsonDeserializer<TReader>::parseObject(ArduinoJson::V742HB22::detail::ObjectData&, TFilter, ArduinoJson::V742HB22::DeserializationOption::NestingLimit) [with TFilter = ArduinoJson::V742HB22::detail::AllowAllFilter; TReader = ArduinoJson::V742HB22::detail::Reader<const char*, void>]	160	static
C:\work\git\STM32-H5-KIT\firmware\H5_GUI_LOGGER\stm32h5-fw\src\lib\wifi\ArduinoJson\src/ArduinoJson/Variant/VariantData.hpp:330:16:ArduinoJson::V742HB22::detail::VariantData* ArduinoJson::V742HB22::detail::VariantData::getMember(TAdaptedString, const ArduinoJson::V742HB22::detail::ResourceManager*) const [with TAdaptedString = ArduinoJson::V742HB22::detail::RamString]	120	static
C:\work\git\STM32-H5-KIT\firmware\H5_GUI_LOGGER\stm32h5-fw\src\ap\modules\control\motor\motor.cpp:87:6:void mqttReceive(mqtt_msg_t*)	368	static
