C:\work\git\STM32-H5-KIT\firmware\H5_CAN_LOGGER\src\common\hw\src\cli_gui.c:54:17:getWidth	0	static
C:\work\git\STM32-H5-KIT\firmware\H5_CAN_LOGGER\src\common\hw\src\cli_gui.c:59:17:getHeight	0	static
C:\work\git\STM32-H5-KIT\firmware\H5_CAN_LOGGER\src\common\hw\src\cli_gui.c:431:13:setScrollArea	0	static
C:\work\git\STM32-H5-KIT\firmware\H5_CAN_LOGGER\src\common\hw\src\cli_gui.c:527:13:clearToEol	8	static
C:\work\git\STM32-H5-KIT\firmware\H5_CAN_LOGGER\src\common\hw\src\cli_gui.c:437:13:delChar	8	static
C:\work\git\STM32-H5-KIT\firmware\H5_CAN_LOGGER\src\common\hw\src\cli_gui.c:492:13:guiSetScrollArea	8	static
C:\work\git\STM32-H5-KIT\firmware\H5_CAN_LOGGER\src\common\hw\src\cli_gui.c:119:13:guiMove	8	static
C:\work\git\STM32-H5-KIT\firmware\H5_CAN_LOGGER\src\common\hw\src\cli_gui.c:124:13:move	8	static
C:\work\git\STM32-H5-KIT\firmware\H5_CAN_LOGGER\src\common\hw\src\cli_gui.c:513:13:insertLine	8	static
C:\work\git\STM32-H5-KIT\firmware\H5_CAN_LOGGER\src\common\hw\src\cli_gui.c:504:13:scroll	8	static
C:\work\git\STM32-H5-KIT\firmware\H5_CAN_LOGGER\src\common\hw\src\cli_gui.c:114:13:clear	8	static
C:\work\git\STM32-H5-KIT\firmware\H5_CAN_LOGGER\src\common\hw\src\cli_gui.c:136:13:addCh_Or_InsCh	16	static
C:\work\git\STM32-H5-KIT\firmware\H5_CAN_LOGGER\src\common\hw\src\cli_gui.c:522:13:insChar	8	static
C:\work\git\STM32-H5-KIT\firmware\H5_CAN_LOGGER\src\common\hw\src\cli_gui.c:334:13:addStr	8	static
C:\work\git\STM32-H5-KIT\firmware\H5_CAN_LOGGER\src\common\hw\src\cli_gui.c:532:13:message	8	static
C:\work\git\STM32-H5-KIT\firmware\H5_CAN_LOGGER\src\common\hw\src\cli_gui.c:180:13:addChar	8	static
C:\work\git\STM32-H5-KIT\firmware\H5_CAN_LOGGER\src\common\hw\src\cli_gui.c:342:13:showCursor	8	static
C:\work\git\STM32-H5-KIT\firmware\H5_CAN_LOGGER\src\common\hw\src\cli_gui.c:64:13:setAttr	16	static
C:\work\git\STM32-H5-KIT\firmware\H5_CAN_LOGGER\src\common\hw\src\cli_gui.c:442:13:shiftLeft	16	static
C:\work\git\STM32-H5-KIT\firmware\H5_CAN_LOGGER\src\common\hw\src\cli_gui.c:457:13:shiftLeftStr	24	static
C:\work\git\STM32-H5-KIT\firmware\H5_CAN_LOGGER\src\common\hw\src\cli_gui.c:409:13:addPrintf	16	static
C:\work\git\STM32-H5-KIT\firmware\H5_CAN_LOGGER\src\common\hw\src\cli_gui.c:539:16:cliGui	0	static
C:\work\git\STM32-H5-KIT\firmware\H5_CAN_LOGGER\src\common\hw\src\cli_gui.c:303:13:eraseBox	40	static
C:\work\git\STM32-H5-KIT\firmware\H5_CAN_LOGGER\src\common\hw\src\cli_gui.c:244:13:drawBox	40	static
C:\work\git\STM32-H5-KIT\firmware\H5_CAN_LOGGER\src\common\hw\src\cli_gui.c:185:13:drawBoxLine	40	static
C:\work\git\STM32-H5-KIT\firmware\H5_CAN_LOGGER\src\common\hw\src\cli_gui.c:393:13:showBottomLine	16	static
C:\work\git\STM32-H5-KIT\firmware\H5_CAN_LOGGER\src\common\hw\src\cli_gui.c:362:13:showTopLine	24	static
C:\work\git\STM32-H5-KIT\firmware\H5_CAN_LOGGER\src\common\hw\src\cli_gui.c:356:13:moveAddStr	24	static
C:\work\git\STM32-H5-KIT\firmware\H5_CAN_LOGGER\src\common\hw\src\cli_gui.c:420:13:movePrintf	24	static
C:\work\git\STM32-H5-KIT\firmware\H5_CAN_LOGGER\src\common\hw\src\cli_gui.c:45:13:closeScreen	8	static
C:\work\git\STM32-H5-KIT\firmware\H5_CAN_LOGGER\src\common\hw\src\cli_gui.c:30:13:initScreen	8	static
