C:\work\git\STM32-H5-KIT\firmware\H5_GUI_LOGGER\stm32h5-fw\src\hw\driver\fatfs.c:33:6:fatfsMount	8	static
C:\work\git\STM32-H5-KIT\firmware\H5_GUI_LOGGER\stm32h5-fw\src\hw\driver\fatfs.c:15:6:fatfsInit	8	static
C:\work\git\STM32-H5-KIT\firmware\H5_GUI_LOGGER\stm32h5-fw\src\hw\driver\fatfs.c:46:6:fatfsUnMount	8	static
C:\work\git\STM32-H5-KIT\firmware\H5_GUI_LOGGER\stm32h5-fw\src\hw\driver\fatfs.c:53:6:fatfsIsMount	0	static
C:\work\git\STM32-H5-KIT\firmware\H5_GUI_LOGGER\stm32h5-fw\src\hw\driver\fatfs.c:58:6:fatfsExist	32	static
C:\work\git\STM32-H5-KIT\firmware\H5_GUI_LOGGER\stm32h5-fw\src\hw\driver\fatfs.c:67:6:fatfsCreateDir	8	static
C:\work\git\STM32-H5-KIT\firmware\H5_GUI_LOGGER\stm32h5-fw\src\hw\driver\fatfs.c:74:6:fatfsDelete	8	static
C:\work\git\STM32-H5-KIT\firmware\H5_GUI_LOGGER\stm32h5-fw\src\hw\driver\fatfs.c:81:6:fatfsWrite	576	static
C:\work\git\STM32-H5-KIT\firmware\H5_GUI_LOGGER\stm32h5-fw\src\hw\driver\fatfs.c:101:6:fatfsRead	584	static
C:\work\git\STM32-H5-KIT\firmware\H5_GUI_LOGGER\stm32h5-fw\src\hw\driver\fatfs.c:123:6:fatfsAppend	576	static
C:\work\git\STM32-H5-KIT\firmware\H5_GUI_LOGGER\stm32h5-fw\src\hw\driver\fatfs.c:144:6:cliFs	96	static
