C:\work\git\STM32-H5-KIT\firmware\H5_GUI_LOGGER\stm32h5-fw\src\hw\driver\gpio.c:58:6:gpioPinMode	32	static
C:\work\git\STM32-H5-KIT\firmware\H5_GUI_LOGGER\stm32h5-fw\src\hw\driver\gpio.c:108:6:gpioPinWrite	8	static
C:\work\git\STM32-H5-KIT\firmware\H5_GUI_LOGGER\stm32h5-fw\src\hw\driver\gpio.c:36:6:gpioInit	32	static
C:\work\git\STM32-H5-KIT\firmware\H5_GUI_LOGGER\stm32h5-fw\src\hw\driver\gpio.c:125:6:gpioPinRead	16	static
C:\work\git\STM32-H5-KIT\firmware\H5_GUI_LOGGER\stm32h5-fw\src\hw\driver\gpio.c:157:6:cliGpio	24	static
C:\work\git\STM32-H5-KIT\firmware\H5_GUI_LOGGER\stm32h5-fw\src\hw\driver\gpio.c:142:6:gpioPinToggle	8	static
