C:\work\git\STM32-H5-KIT\firmware\H5_GUI_LOGGER\stm32h5-fw\src\hw\driver\sd.c:88:6:sdReInit	8	static
C:\work\git\STM32-H5-KIT\firmware\H5_GUI_LOGGER\stm32h5-fw\src\hw\driver\sd.c:103:6:sdDeInit	8	static
C:\work\git\STM32-H5-KIT\firmware\H5_GUI_LOGGER\stm32h5-fw\src\hw\driver\sd.c:119:6:sdIsInit	0	static
C:\work\git\STM32-H5-KIT\firmware\H5_GUI_LOGGER\stm32h5-fw\src\hw\driver\sd.c:124:6:sdIsDetected	8	static
C:\work\git\STM32-H5-KIT\firmware\H5_GUI_LOGGER\stm32h5-fw\src\hw\driver\sd.c:32:6:sdInit	16	static
C:\work\git\STM32-H5-KIT\firmware\H5_GUI_LOGGER\stm32h5-fw\src\hw\driver\sd.c:138:12:sdUpdate	8	static
C:\work\git\STM32-H5-KIT\firmware\H5_GUI_LOGGER\stm32h5-fw\src\hw\driver\sd.c:211:6:sdGetInfo	56	static
C:\work\git\STM32-H5-KIT\firmware\H5_GUI_LOGGER\stm32h5-fw\src\hw\driver\sd.c:238:6:sdIsBusy	8	static
C:\work\git\STM32-H5-KIT\firmware\H5_GUI_LOGGER\stm32h5-fw\src\hw\driver\sd.c:254:6:sdIsReady	16	static
C:\work\git\STM32-H5-KIT\firmware\H5_GUI_LOGGER\stm32h5-fw\src\hw\driver\sd.c:271:6:sdReadBlocks	16	static
C:\work\git\STM32-H5-KIT\firmware\H5_GUI_LOGGER\stm32h5-fw\src\hw\driver\sd.c:460:6:cliSd	536	static
C:\work\git\STM32-H5-KIT\firmware\H5_GUI_LOGGER\stm32h5-fw\src\hw\driver\sd.c:311:6:sdWriteBlocks	16	static
C:\work\git\STM32-H5-KIT\firmware\H5_GUI_LOGGER\stm32h5-fw\src\hw\driver\sd.c:349:6:sdEraseBlocks	8	static
C:\work\git\STM32-H5-KIT\firmware\H5_GUI_LOGGER\stm32h5-fw\src\hw\driver\sd.c:364:6:SDMMC1_IRQHandler	8	static
C:\work\git\STM32-H5-KIT\firmware\H5_GUI_LOGGER\stm32h5-fw\src\hw\driver\sd.c:369:6:HAL_SD_RxCpltCallback	0	static
C:\work\git\STM32-H5-KIT\firmware\H5_GUI_LOGGER\stm32h5-fw\src\hw\driver\sd.c:374:6:HAL_SD_TxCpltCallback	0	static
C:\work\git\STM32-H5-KIT\firmware\H5_GUI_LOGGER\stm32h5-fw\src\hw\driver\sd.c:379:6:HAL_SD_MspInit	64	static
C:\work\git\STM32-H5-KIT\firmware\H5_GUI_LOGGER\stm32h5-fw\src\hw\driver\sd.c:433:6:HAL_SD_MspDeInit	8	static
