C:\work\git\STM32-H5-KIT\firmware\H5_CAN_LOGGER\src\ap\modules\logger\writer\writer.c:47:6:writerThreadInit	16	static
C:\work\git\STM32-H5-KIT\firmware\H5_CAN_LOGGER\src\ap\modules\logger\writer\writer.c:210:13:writerCloseAllFiles	8	static
C:\work\git\STM32-H5-KIT\firmware\H5_CAN_LOGGER\src\ap\modules\logger\writer\writer.c:196:13:writerOpenAllFiles	16	static
C:\work\git\STM32-H5-KIT\firmware\H5_CAN_LOGGER\src\ap\modules\logger\writer\writer.c:237:13:writerCheckPause	8	static
C:\work\git\STM32-H5-KIT\firmware\H5_CAN_LOGGER\src\ap\modules\logger\writer\writer.c:116:17:writerAppendHexByte	8	static
C:\work\git\STM32-H5-KIT\firmware\H5_CAN_LOGGER\src\ap\modules\logger\writer\writer.c:109:17:writerAppendComma	8	static
C:\work\git\STM32-H5-KIT\firmware\H5_CAN_LOGGER\src\ap\modules\logger\writer\writer.c:123:17:writerAppendErrCode	8	static
C:\work\git\STM32-H5-KIT\firmware\H5_CAN_LOGGER\src\ap\modules\logger\writer\writer.c:130:13:writerCanProcess	2216	static
C:\work\git\STM32-H5-KIT\firmware\H5_CAN_LOGGER\src\ap\modules\logger\writer\writer.c:222:13:writerFlushPeriodically	8	static
C:\work\git\STM32-H5-KIT\firmware\H5_CAN_LOGGER\src\ap\modules\logger\writer\writer.c:60:13:writerThread	120	static
