../Core/Src/cli.c:95:6:cliInit	8	static
../Core/Src/cli.c:118:6:cliLineClean	16	static
../Core/Src/cli.c:128:6:cliShowPrompt	16	static
../Core/Src/cli.c:137:6:cliLineAdd	16	static
../Core/Src/cli.c:154:6:cliLineChange	24	static
../Core/Src/cli.c:201:6:cliProcess	48	static
../Core/Src/cli.c:375:6:cliRunCmd	24	static
../Core/Src/cli.c:405:6:cliParseArgs	40	static
../Core/Src/cli.c:440:6:cliPrintf	24	static
../Core/Src/cli.c:459:6:cliToUpper	24	static
../Core/Src/cli.c:474:9:cliArgsGetData	24	static
../Core/Src/cli.c:484:7:cliArgsGetFloat	24	static
../Core/Src/cli.c:494:7:cliArgsGetStr	24	static
../Core/Src/cli.c:504:6:cliArgsIsStr	24	static
../Core/Src/cli.c:518:6:cliAdd	24	static
../Core/Src/cli.c:541:6:cliShowList	24	static
