C:\work\git\STM32-H5-KIT\firmware\H5_GUI_LOGGER\stm32h5-fw\src\lib\wifi\WiFiEspAT\src\core/Print.h:74:17:virtual int Print::availableForWrite()	0	static
C:\work\git\STM32-H5-KIT\firmware\H5_GUI_LOGGER\stm32h5-fw\src\lib\wifi\WiFiEspAT\src\core/Print.h:115:18:virtual void Print::flush()	0	static
C:\work\git\STM32-H5-KIT\firmware\H5_GUI_LOGGER\stm32h5-fw\src\lib\wifi\PubSubClient\src\PubSubClient.cpp:547:8:virtual size_t PubSubClient::write(uint8_t)	16	static
C:\work\git\STM32-H5-KIT\firmware\H5_GUI_LOGGER\stm32h5-fw\src\lib\wifi\PubSubClient\src\PubSubClient.cpp:552:8:virtual size_t PubSubClient::write(const uint8_t*, size_t)	16	static
C:\work\git\STM32-H5-KIT\firmware\H5_GUI_LOGGER\stm32h5-fw\src\lib\wifi\PubSubClient\src\PubSubClient.cpp:769:1:void __static_initialization_and_destruction_0(int, int)	16	static
C:\work\git\STM32-H5-KIT\firmware\H5_GUI_LOGGER\stm32h5-fw\src\lib\wifi\PubSubClient\src\PubSubClient.cpp:161:1:PubSubClient::~PubSubClient()	8	static
C:\work\git\STM32-H5-KIT\firmware\H5_GUI_LOGGER\stm32h5-fw\src\lib\wifi\PubSubClient\src\PubSubClient.cpp:288:9:boolean PubSubClient::readByte(uint8_t*)	16	static
C:\work\git\STM32-H5-KIT\firmware\H5_GUI_LOGGER\stm32h5-fw\src\lib\wifi\PubSubClient\src\PubSubClient.cpp:302:9:boolean PubSubClient::readByte(uint8_t*, uint16_t*)	16	static
C:\work\git\STM32-H5-KIT\firmware\H5_GUI_LOGGER\stm32h5-fw\src\lib\wifi\PubSubClient\src\PubSubClient.cpp:312:10:uint32_t PubSubClient::readPacket(uint8_t*)	40	static
C:\work\git\STM32-H5-KIT\firmware\H5_GUI_LOGGER\stm32h5-fw\src\lib\wifi\PubSubClient\src\PubSubClient.cpp:543:5:int PubSubClient::endPublish()	0	static
C:\work\git\STM32-H5-KIT\firmware\H5_GUI_LOGGER\stm32h5-fw\src\lib\wifi\PubSubClient\src\PubSubClient.cpp:557:8:size_t PubSubClient::buildHeader(uint8_t, uint8_t*, uint16_t)	16	static
C:\work\git\STM32-H5-KIT\firmware\H5_GUI_LOGGER\stm32h5-fw\src\lib\wifi\PubSubClient\src\PubSubClient.cpp:581:9:boolean PubSubClient::write(uint8_t, uint8_t*, uint16_t)	24	static
C:\work\git\STM32-H5-KIT\firmware\H5_GUI_LOGGER\stm32h5-fw\src\lib\wifi\PubSubClient\src\PubSubClient.cpp:660:6:void PubSubClient::disconnect()	8	static
C:\work\git\STM32-H5-KIT\firmware\H5_GUI_LOGGER\stm32h5-fw\src\lib\wifi\PubSubClient\src\PubSubClient.cpp:670:10:uint16_t PubSubClient::writeString(const char*, uint8_t*, uint16_t)	4	static
C:\work\git\STM32-H5-KIT\firmware\H5_GUI_LOGGER\stm32h5-fw\src\lib\wifi\PubSubClient\src\PubSubClient.cpp:684:9:boolean PubSubClient::connected()	16	static
C:\work\git\STM32-H5-KIT\firmware\H5_GUI_LOGGER\stm32h5-fw\src\lib\wifi\PubSubClient\src\PubSubClient.cpp:181:9:boolean PubSubClient::connect(const char*, const char*, const char*, const char*, uint8_t, boolean, const char*, boolean)	56	static
C:\work\git\STM32-H5-KIT\firmware\H5_GUI_LOGGER\stm32h5-fw\src\lib\wifi\PubSubClient\src\PubSubClient.cpp:165:9:boolean PubSubClient::connect(const char*)	32	static
C:\work\git\STM32-H5-KIT\firmware\H5_GUI_LOGGER\stm32h5-fw\src\lib\wifi\PubSubClient\src\PubSubClient.cpp:169:9:boolean PubSubClient::connect(const char*, const char*, const char*)	32	static
C:\work\git\STM32-H5-KIT\firmware\H5_GUI_LOGGER\stm32h5-fw\src\lib\wifi\PubSubClient\src\PubSubClient.cpp:173:9:boolean PubSubClient::connect(const char*, const char*, uint8_t, boolean, const char*)	32	static
C:\work\git\STM32-H5-KIT\firmware\H5_GUI_LOGGER\stm32h5-fw\src\lib\wifi\PubSubClient\src\PubSubClient.cpp:177:9:boolean PubSubClient::connect(const char*, const char*, const char*, const char*, uint8_t, boolean, const char*)	32	static
C:\work\git\STM32-H5-KIT\firmware\H5_GUI_LOGGER\stm32h5-fw\src\lib\wifi\PubSubClient\src\PubSubClient.cpp:370:9:boolean PubSubClient::loop()	40	static
C:\work\git\STM32-H5-KIT\firmware\H5_GUI_LOGGER\stm32h5-fw\src\lib\wifi\PubSubClient\src\PubSubClient.cpp:448:9:boolean PubSubClient::publish(const char*, const uint8_t*, unsigned int, boolean)	32	static
C:\work\git\STM32-H5-KIT\firmware\H5_GUI_LOGGER\stm32h5-fw\src\lib\wifi\PubSubClient\src\PubSubClient.cpp:436:9:boolean PubSubClient::publish(const char*, const char*)	24	static
C:\work\git\STM32-H5-KIT\firmware\H5_GUI_LOGGER\stm32h5-fw\src\lib\wifi\PubSubClient\src\PubSubClient.cpp:440:9:boolean PubSubClient::publish(const char*, const char*, boolean)	32	static
C:\work\git\STM32-H5-KIT\firmware\H5_GUI_LOGGER\stm32h5-fw\src\lib\wifi\PubSubClient\src\PubSubClient.cpp:444:9:boolean PubSubClient::publish(const char*, const uint8_t*, unsigned int)	16	static
C:\work\git\STM32-H5-KIT\firmware\H5_GUI_LOGGER\stm32h5-fw\src\lib\wifi\PubSubClient\src\PubSubClient.cpp:478:9:boolean PubSubClient::publish_P(const char*, const uint8_t*, unsigned int, boolean)	32	static
C:\work\git\STM32-H5-KIT\firmware\H5_GUI_LOGGER\stm32h5-fw\src\lib\wifi\PubSubClient\src\PubSubClient.cpp:474:9:boolean PubSubClient::publish_P(const char*, const char*, boolean)	32	static
C:\work\git\STM32-H5-KIT\firmware\H5_GUI_LOGGER\stm32h5-fw\src\lib\wifi\PubSubClient\src\PubSubClient.cpp:526:9:boolean PubSubClient::beginPublish(const char*, unsigned int, boolean)	24	static
C:\work\git\STM32-H5-KIT\firmware\H5_GUI_LOGGER\stm32h5-fw\src\lib\wifi\PubSubClient\src\PubSubClient.cpp:609:9:boolean PubSubClient::subscribe(const char*, uint8_t)	24	static
C:\work\git\STM32-H5-KIT\firmware\H5_GUI_LOGGER\stm32h5-fw\src\lib\wifi\PubSubClient\src\PubSubClient.cpp:605:9:boolean PubSubClient::subscribe(const char*)	8	static
C:\work\git\STM32-H5-KIT\firmware\H5_GUI_LOGGER\stm32h5-fw\src\lib\wifi\PubSubClient\src\PubSubClient.cpp:637:9:boolean PubSubClient::unsubscribe(const char*)	16	static
C:\work\git\STM32-H5-KIT\firmware\H5_GUI_LOGGER\stm32h5-fw\src\lib\wifi\PubSubClient\src\PubSubClient.cpp:708:15:PubSubClient& PubSubClient::setServer(IPAddress, uint16_t)	0	static
C:\work\git\STM32-H5-KIT\firmware\H5_GUI_LOGGER\stm32h5-fw\src\lib\wifi\PubSubClient\src\PubSubClient.cpp:703:15:PubSubClient& PubSubClient::setServer(uint8_t*, uint16_t)	40	static
C:\work\git\STM32-H5-KIT\firmware\H5_GUI_LOGGER\stm32h5-fw\src\lib\wifi\PubSubClient\src\PubSubClient.cpp:715:15:PubSubClient& PubSubClient::setServer(const char*, uint16_t)	0	static
C:\work\git\STM32-H5-KIT\firmware\H5_GUI_LOGGER\stm32h5-fw\src\lib\wifi\PubSubClient\src\PubSubClient.cpp:721:15:PubSubClient& PubSubClient::setCallback(void (*)(char*, uint8_t*, unsigned int))	0	static
C:\work\git\STM32-H5-KIT\firmware\H5_GUI_LOGGER\stm32h5-fw\src\lib\wifi\PubSubClient\src\PubSubClient.cpp:726:15:PubSubClient& PubSubClient::setClient(Client&)	0	static
C:\work\git\STM32-H5-KIT\firmware\H5_GUI_LOGGER\stm32h5-fw\src\lib\wifi\PubSubClient\src\PubSubClient.cpp:731:15:PubSubClient& PubSubClient::setStream(Stream&)	0	static
C:\work\git\STM32-H5-KIT\firmware\H5_GUI_LOGGER\stm32h5-fw\src\lib\wifi\PubSubClient\src\PubSubClient.cpp:736:5:int PubSubClient::state()	0	static
C:\work\git\STM32-H5-KIT\firmware\H5_GUI_LOGGER\stm32h5-fw\src\lib\wifi\PubSubClient\src\PubSubClient.cpp:740:9:boolean PubSubClient::setBufferSize(uint16_t)	16	static
C:\work\git\STM32-H5-KIT\firmware\H5_GUI_LOGGER\stm32h5-fw\src\lib\wifi\PubSubClient\src\PubSubClient.cpp:759:10:uint16_t PubSubClient::getBufferSize()	0	static
C:\work\git\STM32-H5-KIT\firmware\H5_GUI_LOGGER\stm32h5-fw\src\lib\wifi\PubSubClient\src\PubSubClient.cpp:762:15:PubSubClient& PubSubClient::setKeepAlive(uint16_t)	0	static
C:\work\git\STM32-H5-KIT\firmware\H5_GUI_LOGGER\stm32h5-fw\src\lib\wifi\PubSubClient\src\PubSubClient.cpp:766:15:PubSubClient& PubSubClient::setSocketTimeout(uint16_t)	0	static
C:\work\git\STM32-H5-KIT\firmware\H5_GUI_LOGGER\stm32h5-fw\src\lib\wifi\PubSubClient\src\PubSubClient.cpp:11:1:PubSubClient::PubSubClient()	16	static
C:\work\git\STM32-H5-KIT\firmware\H5_GUI_LOGGER\stm32h5-fw\src\lib\wifi\PubSubClient\src\PubSubClient.cpp:22:1:PubSubClient::PubSubClient(Client&)	16	static
C:\work\git\STM32-H5-KIT\firmware\H5_GUI_LOGGER\stm32h5-fw\src\lib\wifi\PubSubClient\src\PubSubClient.cpp:32:1:PubSubClient::PubSubClient(IPAddress, uint16_t, Client&)	32	static
C:\work\git\STM32-H5-KIT\firmware\H5_GUI_LOGGER\stm32h5-fw\src\lib\wifi\PubSubClient\src\PubSubClient.cpp:42:1:PubSubClient::PubSubClient(IPAddress, uint16_t, Client&, Stream&)	32	static
C:\work\git\STM32-H5-KIT\firmware\H5_GUI_LOGGER\stm32h5-fw\src\lib\wifi\PubSubClient\src\PubSubClient.cpp:52:1:PubSubClient::PubSubClient(IPAddress, uint16_t, void (*)(char*, uint8_t*, unsigned int), Client&)	32	static
C:\work\git\STM32-H5-KIT\firmware\H5_GUI_LOGGER\stm32h5-fw\src\lib\wifi\PubSubClient\src\PubSubClient.cpp:63:1:PubSubClient::PubSubClient(IPAddress, uint16_t, void (*)(char*, uint8_t*, unsigned int), Client&, Stream&)	32	static
C:\work\git\STM32-H5-KIT\firmware\H5_GUI_LOGGER\stm32h5-fw\src\lib\wifi\PubSubClient\src\PubSubClient.cpp:75:1:PubSubClient::PubSubClient(uint8_t*, uint16_t, Client&)	24	static
C:\work\git\STM32-H5-KIT\firmware\H5_GUI_LOGGER\stm32h5-fw\src\lib\wifi\PubSubClient\src\PubSubClient.cpp:85:1:PubSubClient::PubSubClient(uint8_t*, uint16_t, Client&, Stream&)	24	static
C:\work\git\STM32-H5-KIT\firmware\H5_GUI_LOGGER\stm32h5-fw\src\lib\wifi\PubSubClient\src\PubSubClient.cpp:95:1:PubSubClient::PubSubClient(uint8_t*, uint16_t, void (*)(char*, uint8_t*, unsigned int), Client&)	24	static
C:\work\git\STM32-H5-KIT\firmware\H5_GUI_LOGGER\stm32h5-fw\src\lib\wifi\PubSubClient\src\PubSubClient.cpp:106:1:PubSubClient::PubSubClient(uint8_t*, uint16_t, void (*)(char*, uint8_t*, unsigned int), Client&, Stream&)	24	static
C:\work\git\STM32-H5-KIT\firmware\H5_GUI_LOGGER\stm32h5-fw\src\lib\wifi\PubSubClient\src\PubSubClient.cpp:118:1:PubSubClient::PubSubClient(const char*, uint16_t, Client&)	24	static
C:\work\git\STM32-H5-KIT\firmware\H5_GUI_LOGGER\stm32h5-fw\src\lib\wifi\PubSubClient\src\PubSubClient.cpp:128:1:PubSubClient::PubSubClient(const char*, uint16_t, Client&, Stream&)	24	static
C:\work\git\STM32-H5-KIT\firmware\H5_GUI_LOGGER\stm32h5-fw\src\lib\wifi\PubSubClient\src\PubSubClient.cpp:138:1:PubSubClient::PubSubClient(const char*, uint16_t, void (*)(char*, uint8_t*, unsigned int), Client&)	24	static
C:\work\git\STM32-H5-KIT\firmware\H5_GUI_LOGGER\stm32h5-fw\src\lib\wifi\PubSubClient\src\PubSubClient.cpp:149:1:PubSubClient::PubSubClient(const char*, uint16_t, void (*)(char*, uint8_t*, unsigned int), Client&, Stream&)	24	static
C:\work\git\STM32-H5-KIT\firmware\H5_GUI_LOGGER\stm32h5-fw\src\lib\wifi\PubSubClient\src\PubSubClient.cpp:769:1:cpp)	8	static
