C:\work\git\STM32-H5-KIT\firmware\H5_CAN_LOGGER\stm32h5-fw\src\lib\fatfs\diskio.c:11:9:disk_status	0	static
C:\work\git\STM32-H5-KIT\firmware\H5_CAN_LOGGER\stm32h5-fw\src\lib\fatfs\diskio.c:22:9:disk_initialize	8	static
C:\work\git\STM32-H5-KIT\firmware\H5_CAN_LOGGER\stm32h5-fw\src\lib\fatfs\diskio.c:42:9:disk_read	8	static
C:\work\git\STM32-H5-KIT\firmware\H5_CAN_LOGGER\stm32h5-fw\src\lib\fatfs\diskio.c:68:9:disk_write	8	static
C:\work\git\STM32-H5-KIT\firmware\H5_CAN_LOGGER\stm32h5-fw\src\lib\fatfs\diskio.c:99:9:disk_ioctl	56	static
C:\work\git\STM32-H5-KIT\firmware\H5_CAN_LOGGER\stm32h5-fw\src\lib\fatfs\diskio.c:157:7:get_fattime	0	static
