C:\work\git\STM32-H5-KIT\firmware\H5_CAN_LOGGER\src\lib\fatfs\ff.c:619:13:ld_16	0	static
C:\work\git\STM32-H5-KIT\firmware\H5_CAN_LOGGER\src\lib\fatfs\ff.c:628:14:ld_32	0	static
C:\work\git\STM32-H5-KIT\firmware\H5_CAN_LOGGER\src\lib\fatfs\ff.c:657:13:st_16	0	static
C:\work\git\STM32-H5-KIT\firmware\H5_CAN_LOGGER\src\lib\fatfs\ff.c:663:13:st_32	0	static
C:\work\git\STM32-H5-KIT\firmware\H5_CAN_LOGGER\src\lib\fatfs\ff.c:693:12:dbc_1st	0	static
C:\work\git\STM32-H5-KIT\firmware\H5_CAN_LOGGER\src\lib\fatfs\ff.c:713:12:dbc_2nd	0	static
C:\work\git\STM32-H5-KIT\firmware\H5_CAN_LOGGER\src\lib\fatfs\ff.c:1159:14:clst2sect	0	static
C:\work\git\STM32-H5-KIT\firmware\H5_CAN_LOGGER\src\lib\fatfs\ff.c:1865:14:ld_clust	16	static
C:\work\git\STM32-H5-KIT\firmware\H5_CAN_LOGGER\src\lib\fatfs\ff.c:1882:13:st_clust	16	static
C:\work\git\STM32-H5-KIT\firmware\H5_CAN_LOGGER\src\lib\fatfs\ff.c:1938:12:pick_lfn	24	static
C:\work\git\STM32-H5-KIT\firmware\H5_CAN_LOGGER\src\lib\fatfs\ff.c:1976:13:put_lfn	32	static
C:\work\git\STM32-H5-KIT\firmware\H5_CAN_LOGGER\src\lib\fatfs\ff.c:2070:13:sum_sfn	0	static
C:\work\git\STM32-H5-KIT\firmware\H5_CAN_LOGGER\src\lib\fatfs\ff.c:3220:12:get_ldnumber	0	static
C:\work\git\STM32-H5-KIT\firmware\H5_CAN_LOGGER\src\lib\fatfs\ff.c:896:12:lock_volume	8	static
C:\work\git\STM32-H5-KIT\firmware\H5_CAN_LOGGER\src\lib\fatfs\ff.c:1057:16:sync_window	16	static
C:\work\git\STM32-H5-KIT\firmware\H5_CAN_LOGGER\src\lib\fatfs\ff.c:1079:16:move_window	16	static
C:\work\git\STM32-H5-KIT\firmware\H5_CAN_LOGGER\src\lib\fatfs\ff.c:3367:13:check_fs	16	static
C:\work\git\STM32-H5-KIT\firmware\H5_CAN_LOGGER\src\lib\fatfs\ff.c:3407:13:find_volume	32	static
C:\work\git\STM32-H5-KIT\firmware\H5_CAN_LOGGER\src\lib\fatfs\ff.c:3461:16:mount_volume	40	static
C:\work\git\STM32-H5-KIT\firmware\H5_CAN_LOGGER\src\lib\fatfs\ff.c:1254:16:put_fat	32	static
C:\work\git\STM32-H5-KIT\firmware\H5_CAN_LOGGER\src\lib\fatfs\ff.c:1176:14:get_fat	24	static
C:\work\git\STM32-H5-KIT\firmware\H5_CAN_LOGGER\src\lib\fatfs\ff.c:1714:16:dir_sdi	24	static
C:\work\git\STM32-H5-KIT\firmware\H5_CAN_LOGGER\src\lib\fatfs\ff.c:1539:14:create_chain	24	static
C:\work\git\STM32-H5-KIT\firmware\H5_CAN_LOGGER\src\lib\fatfs\ff.c:1444:16:remove_chain	24	static
C:\work\git\STM32-H5-KIT\firmware\H5_CAN_LOGGER\src\lib\fatfs\ff.c:922:13:unlock_volume	8	static
C:\work\git\STM32-H5-KIT\firmware\H5_CAN_LOGGER\src\lib\fatfs\ff.c:3695:16:validate	16	static
C:\work\git\STM32-H5-KIT\firmware\H5_CAN_LOGGER\src\lib\fatfs\ff.c:1675:16:dir_clear	24	static
C:\work\git\STM32-H5-KIT\firmware\H5_CAN_LOGGER\src\lib\fatfs\ff.c:1762:16:dir_next	32	static
C:\work\git\STM32-H5-KIT\firmware\H5_CAN_LOGGER\src\lib\fatfs\ff.c:1823:16:dir_alloc	24	static
C:\work\git\STM32-H5-KIT\firmware\H5_CAN_LOGGER\src\lib\fatfs\ff.c:2334:16:dir_read	32	static
C:\work\git\STM32-H5-KIT\firmware\H5_CAN_LOGGER\src\lib\fatfs\ff.c:2607:16:dir_remove	16	static
C:\work\git\STM32-H5-KIT\firmware\H5_CAN_LOGGER\src\lib\fatfs\ff.c:1902:12:cmp_lfn	32	static
C:\work\git\STM32-H5-KIT\firmware\H5_CAN_LOGGER\src\lib\fatfs\ff.c:2412:16:dir_find	32	static
C:\work\git\STM32-H5-KIT\firmware\H5_CAN_LOGGER\src\lib\fatfs\ff.c:806:13:put_utf	16	static
C:\work\git\STM32-H5-KIT\firmware\H5_CAN_LOGGER\src\lib\fatfs\ff.c:2653:13:get_fileinfo	32	static
C:\work\git\STM32-H5-KIT\firmware\H5_CAN_LOGGER\src\lib\fatfs\ff.c:737:14:tchar2uni	24	static
C:\work\git\STM32-H5-KIT\firmware\H5_CAN_LOGGER\src\lib\fatfs\ff.c:2892:16:create_name	56	static
C:\work\git\STM32-H5-KIT\firmware\H5_CAN_LOGGER\src\lib\fatfs\ff.c:3101:16:follow_path	24	static
C:\work\git\STM32-H5-KIT\firmware\H5_CAN_LOGGER\src\lib\fatfs\ff.c:2013:13:gen_numname	32	static
C:\work\git\STM32-H5-KIT\firmware\H5_CAN_LOGGER\src\lib\fatfs\ff.c:2494:16:dir_register	40	static
C:\work\git\STM32-H5-KIT\firmware\H5_CAN_LOGGER\src\lib\fatfs\ff.c:1110:16:sync_fs	16	static
C:\work\git\STM32-H5-KIT\firmware\H5_CAN_LOGGER\src\lib\fatfs\ff.c:3739:9:f_mount	40	static
C:\work\git\STM32-H5-KIT\firmware\H5_CAN_LOGGER\src\lib\fatfs\ff.c:3799:9:f_open	608	static
C:\work\git\STM32-H5-KIT\firmware\H5_CAN_LOGGER\src\lib\fatfs\ff.c:3996:9:f_read	56	static
C:\work\git\STM32-H5-KIT\firmware\H5_CAN_LOGGER\src\lib\fatfs\ff.c:4097:9:f_write	56	static
C:\work\git\STM32-H5-KIT\firmware\H5_CAN_LOGGER\src\lib\fatfs\ff.c:4218:9:f_sync	24	static
C:\work\git\STM32-H5-KIT\firmware\H5_CAN_LOGGER\src\lib\fatfs\ff.c:4299:9:f_close	24	static
C:\work\git\STM32-H5-KIT\firmware\H5_CAN_LOGGER\src\lib\fatfs\ff.c:4555:9:f_lseek	32	static
C:\work\git\STM32-H5-KIT\firmware\H5_CAN_LOGGER\src\lib\fatfs\ff.c:4719:9:f_opendir	544	static
C:\work\git\STM32-H5-KIT\firmware\H5_CAN_LOGGER\src\lib\fatfs\ff.c:4781:9:f_closedir	24	static
C:\work\git\STM32-H5-KIT\firmware\H5_CAN_LOGGER\src\lib\fatfs\ff.c:4811:9:f_readdir	536	static
C:\work\git\STM32-H5-KIT\firmware\H5_CAN_LOGGER\src\lib\fatfs\ff.c:4902:9:f_stat	584	static
C:\work\git\STM32-H5-KIT\firmware\H5_CAN_LOGGER\src\lib\fatfs\ff.c:4939:9:f_getfree	64	static
C:\work\git\STM32-H5-KIT\firmware\H5_CAN_LOGGER\src\lib\fatfs\ff.c:5036:9:f_truncate	24	static
C:\work\git\STM32-H5-KIT\firmware\H5_CAN_LOGGER\src\lib\fatfs\ff.c:5087:9:f_unlink	640	static
C:\work\git\STM32-H5-KIT\firmware\H5_CAN_LOGGER\src\lib\fatfs\ff.c:5176:9:f_mkdir	608	static
C:\work\git\STM32-H5-KIT\firmware\H5_CAN_LOGGER\src\lib\fatfs\ff.c:5261:9:f_rename	672	static
