../Core/Src/usart.c:49:6:MX_UART4_Init	8	static
../Core/Src/usart.c:92:6:MX_UART5_Init	8	static
../Core/Src/usart.c:135:6:MX_UART7_Init	8	static
../Core/Src/usart.c:179:6:MX_USART1_UART_Init	8	static
../Core/Src/usart.c:223:6:MX_USART2_UART_Init	8	static
../Core/Src/usart.c:267:6:MX_USART3_UART_Init	8	static
../Core/Src/usart.c:311:6:MX_USART6_UART_Init	8	static
../Core/Src/usart.c:355:6:MX_USART10_UART_Init	8	static
../Core/Src/usart.c:398:6:HAL_UART_MspInit	488	static
../Core/Src/usart.c:907:6:HAL_UART_MspDeInit	16	static
