../lwip/target/ethernetif.c:145:13:low_level_init	24	static
../lwip/target/ethernetif.c:250:14:low_level_output	80	static
../lwip/target/ethernetif.c:297:22:low_level_input	24	static
../lwip/target/ethernetif.c:318:6:ethernetif_input	24	static
../lwip/target/ethernetif.c:368:7:ethernetif_init	16	static
../lwip/target/ethernetif.c:419:6:pbuf_free_custom	24	static
../lwip/target/ethernetif.c:441:7:sys_now	8	static
../lwip/target/ethernetif.c:454:6:HAL_ETH_MspInit	64	static
../lwip/target/ethernetif.c:513:6:HAL_ETH_MspDeInit	16	static
../lwip/target/ethernetif.c:559:9:ETH_PHY_IO_Init	8	static
../lwip/target/ethernetif.c:576:9:ETH_PHY_IO_DeInit	4	static
../lwip/target/ethernetif.c:588:9:ETH_PHY_IO_ReadReg	24	static
../lwip/target/ethernetif.c:605:9:ETH_PHY_IO_WriteReg	24	static
../lwip/target/ethernetif.c:619:9:ETH_PHY_IO_GetTick	8	static
../lwip/target/ethernetif.c:628:6:ethernet_link_check_state	136	static
../lwip/target/ethernetif.c:685:6:HAL_ETH_RxAllocateCallback	32	static
../lwip/target/ethernetif.c:707:6:HAL_ETH_RxLinkCallback	40	static
../lwip/target/ethernetif.c:744:6:HAL_ETH_TxFreeCallback	16	static
