../Core/Src/main.c:131:6:HAL_UART_RxCpltCallback	16	static
../Core/Src/main.c:147:10:millis	8	static
../Core/Src/main.c:155:6:cliLed	16	static
../Core/Src/main.c:196:6:cliUart6	48	static
../Core/Src/main.c:206:6:cliUart10	48	static
../Core/Src/main.c:216:6:cliRs232	48	static
../Core/Src/main.c:226:6:cliRs485	72	static
../Core/Src/main.c:271:6:cliOled	24	static
../Core/Src/main.c:319:5:main	24	static
../Core/Src/main.c:453:6:SystemClock_Config	120	static
../Core/Src/main.c:509:6:PeriphCommonClock_Config	272	static
../Core/Src/main.c:543:6:Error_Handler	4	static,ignoring_inline_asm
