../Core/Src/main.c:132:6:HAL_UART_RxCpltCallback	16	static
../Core/Src/main.c:148:10:millis	8	static
../Core/Src/main.c:156:6:cliLed	16	static
../Core/Src/main.c:197:6:cliUart6	48	static
../Core/Src/main.c:207:6:cliUart10	48	static
../Core/Src/main.c:217:6:cliRs232	48	static
../Core/Src/main.c:227:6:cliRs485	72	static
../Core/Src/main.c:272:6:cliOled	24	static
../Core/Src/main.c:320:5:main	24	static
../Core/Src/main.c:454:6:SystemClock_Config	120	static
../Core/Src/main.c:510:6:PeriphCommonClock_Config	272	static
../Core/Src/main.c:544:6:Error_Handler	4	static,ignoring_inline_asm
