../Core/Src/usart.c:37:6:MX_UART4_Init	8	static
../Core/Src/usart.c:80:6:MX_UART5_Init	8	static
../Core/Src/usart.c:123:6:MX_UART7_Init	8	static
../Core/Src/usart.c:167:6:MX_USART1_UART_Init	8	static
../Core/Src/usart.c:211:6:MX_USART2_UART_Init	8	static
../Core/Src/usart.c:255:6:MX_USART3_UART_Init	8	static
../Core/Src/usart.c:299:6:MX_USART6_UART_Init	8	static
../Core/Src/usart.c:343:6:MX_USART10_UART_Init	8	static
../Core/Src/usart.c:386:6:HAL_UART_MspInit	392	static
../Core/Src/usart.c:711:6:HAL_UART_MspDeInit	16	static
