../Core/Src/main.c:137:6:HAL_UART_RxCpltCallback	16	static
../Core/Src/main.c:153:10:millis	8	static
../Core/Src/main.c:161:6:cliLed	16	static
../Core/Src/main.c:202:6:cliUart6	48	static
../Core/Src/main.c:212:6:cliUart10	48	static
../Core/Src/main.c:222:6:cliRs232	48	static
../Core/Src/main.c:232:6:cliRs485	72	static
../Core/Src/main.c:277:6:cliOled	24	static
../Core/Src/main.c:324:6:cliCan	128	static
../Core/Src/main.c:457:6:cliFram	32	static
../Core/Src/main.c:517:5:main	8	static
../Core/Src/main.c:618:6:SystemClock_Config	120	static
../Core/Src/main.c:674:6:PeriphCommonClock_Config	272	static
../Core/Src/main.c:708:6:Error_Handler	4	static,ignoring_inline_asm
