../Core/Src/main.c:137:6:HAL_UART_RxCpltCallback	4
../Core/Src/main.c:153:10:millis	1
../Core/Src/main.c:161:6:cliLed	7
../Core/Src/main.c:202:6:cliUart6	1
../Core/Src/main.c:212:6:cliUart10	1
../Core/Src/main.c:222:6:cliRs232	1
../Core/Src/main.c:232:6:cliRs485	6
../Core/Src/main.c:277:6:cliOled	6
../Core/Src/main.c:324:6:cliCan	20
../Core/Src/main.c:457:6:cliFram	10
../Core/Src/main.c:517:5:main	3
../Core/Src/main.c:618:6:SystemClock_Config	4
../Core/Src/main.c:674:6:PeriphCommonClock_Config	2
../Core/Src/main.c:708:6:Error_Handler	1
