C:\work\git\STM32-H5-KIT\firmware\H5_GUI_LOGGER\stm32h5-fw\src\ap\modules\network\mqtt\mqtt.cpp:96:6:void mqttEvent(event_msg_t*)	0	static
C:\work\git\STM32-H5-KIT\firmware\H5_GUI_LOGGER\stm32h5-fw\src\lib\wifi\ArduinoJson\src/ArduinoJson/Variant/VariantData.hpp:21:13:bool ArduinoJson::V742HB22::detail::isTinyString(const T&, size_t) [with T = ArduinoJson::V742HB22::detail::RamString]	4	static
C:\work\git\STM32-H5-KIT\firmware\H5_GUI_LOGGER\stm32h5-fw\src\lib\wifi\ArduinoJson\src/ArduinoJson/Strings/StringAdapters.hpp:65:13:void ArduinoJson::V742HB22::detail::stringGetChars(TAdaptedString, char*, size_t) [with TAdaptedString = ArduinoJson::V742HB22::detail::RamString]	16	static
C:\work\git\STM32-H5-KIT\firmware\H5_GUI_LOGGER\stm32h5-fw\src\ap\modules\network\mqtt\mqtt.cpp:49:6:bool mqttInit()	16	static
C:\work\git\STM32-H5-KIT\firmware\H5_GUI_LOGGER\stm32h5-fw\src\lib\wifi\ArduinoJson\src/ArduinoJson/Memory/Allocator.hpp:34:9:virtual void* ArduinoJson::V742HB22::detail::DefaultAllocator::reallocate(void*, size_t)	8	static
C:\work\git\STM32-H5-KIT\firmware\H5_GUI_LOGGER\stm32h5-fw\src\lib\wifi\ArduinoJson\src/ArduinoJson/Memory/Allocator.hpp:30:8:virtual void ArduinoJson::V742HB22::detail::DefaultAllocator::deallocate(void*)	8	static
C:\work\git\STM32-H5-KIT\firmware\H5_GUI_LOGGER\stm32h5-fw\src\lib\wifi\ArduinoJson\src/ArduinoJson/Memory/Allocator.hpp:26:9:virtual void* ArduinoJson::V742HB22::detail::DefaultAllocator::allocate(size_t)	8	static
C:\work\git\STM32-H5-KIT\firmware\H5_GUI_LOGGER\stm32h5-fw\src\lib\wifi\ArduinoJson\src/ArduinoJson/Memory/ResourceManager.hpp:34:3:ArduinoJson::V742HB22::detail::ResourceManager::~ResourceManager()	32	static
C:\work\git\STM32-H5-KIT\firmware\H5_GUI_LOGGER\stm32h5-fw\src\lib\wifi\ArduinoJson\src/ArduinoJson/Numbers/FloatParts.hpp:52:20:constexpr uint32_t ArduinoJson::V742HB22::detail::pow10(int)	8	static
C:\work\git\STM32-H5-KIT\firmware\H5_GUI_LOGGER\stm32h5-fw\src\ap\modules\network\mqtt\mqtt.cpp:106:6:void mqttUpdateSub()	24	static
C:\work\git\STM32-H5-KIT\firmware\H5_GUI_LOGGER\stm32h5-fw\src\ap\modules\network\mqtt\mqtt.cpp:140:6:void mqttUpdatePub()	16	static
C:\work\git\STM32-H5-KIT\firmware\H5_GUI_LOGGER\stm32h5-fw\src\ap\modules\network\mqtt\mqtt.cpp:189:6:void mqttThread(const void*)	24	static
C:\work\git\STM32-H5-KIT\firmware\H5_GUI_LOGGER\stm32h5-fw\src\ap\modules\network\mqtt\mqtt.cpp:155:6:bool mqttSub(void (*)(mqtt_msg_t*))	8	static
C:\work\git\STM32-H5-KIT\firmware\H5_GUI_LOGGER\stm32h5-fw\src\ap\modules\network\mqtt\mqtt.cpp:169:6:bool mqttPub(const char*)	16	static
C:\work\git\STM32-H5-KIT\firmware\H5_GUI_LOGGER\stm32h5-fw\src\lib\wifi\ArduinoJson\src/ArduinoJson/Memory/MemoryPoolList.hpp:82:11:ArduinoJson::V742HB22::detail::Slot<T> ArduinoJson::V742HB22::detail::MemoryPoolList<T>::allocSlot(ArduinoJson::V742HB22::Allocator*) [with T = ArduinoJson::V742HB22::detail::ResourceManager::SlotData]	48	static
C:\work\git\STM32-H5-KIT\firmware\H5_GUI_LOGGER\stm32h5-fw\src\lib\wifi\ArduinoJson\src/ArduinoJson/Polyfills/alias_cast.hpp:24:3:T ArduinoJson::V742HB22::detail::alias_cast(F) [with T = ArduinoJson::V742HB22::detail::ResourceManager::SlotData*; F = ArduinoJson::V742HB22::detail::VariantData*]	0	static
C:\work\git\STM32-H5-KIT\firmware\H5_GUI_LOGGER\stm32h5-fw\src\lib\wifi\ArduinoJson\src/ArduinoJson/Variant/VariantImpl.hpp:48:13:void ArduinoJson::V742HB22::detail::VariantData::clear(ArduinoJson::V742HB22::detail::ResourceManager*)	64	static
C:\work\git\STM32-H5-KIT\firmware\H5_GUI_LOGGER\stm32h5-fw\src\lib\wifi\ArduinoJson\src/ArduinoJson/Strings/StringAdapter.hpp:43:23:ArduinoJson::V742HB22::detail::AdaptedString<TChar*> ArduinoJson::V742HB22::detail::adaptString(TChar*, size_t) [with TChar = char]	0	static
C:\work\git\STM32-H5-KIT\firmware\H5_GUI_LOGGER\stm32h5-fw\src\lib\wifi\ArduinoJson\src/ArduinoJson/Strings/StringAdapters.hpp:44:1:ArduinoJson::V742HB22::detail::enable_if_t<(TAdaptedString1::typeSortKey <= TAdaptedString2::typeSortKey), bool> ArduinoJson::V742HB22::detail::stringEquals(TAdaptedString1, TAdaptedString2) [with TAdaptedString1 = ArduinoJson::V742HB22::detail::RamString; TAdaptedString2 = ArduinoJson::V742HB22::detail::RamString]	16	static
C:\work\git\STM32-H5-KIT\firmware\H5_GUI_LOGGER\stm32h5-fw\src\lib\wifi\ArduinoJson\src/ArduinoJson/Polyfills/utility.hpp:14:5:T&& ArduinoJson::V742HB22::detail::forward(ArduinoJson::V742HB22::detail::remove_reference_t<T>&) [with T = const char (&)[7]]	0	static
C:\work\git\STM32-H5-KIT\firmware\H5_GUI_LOGGER\stm32h5-fw\src\lib\wifi\ArduinoJson\src/ArduinoJson/Strings/StringAdapter.hpp:33:24:ArduinoJson::V742HB22::detail::AdaptedString<TString> ArduinoJson::V742HB22::detail::adaptString(TString&&) [with TString = const char (&)[7]]	8	static
C:\work\git\STM32-H5-KIT\firmware\H5_GUI_LOGGER\stm32h5-fw\src\lib\wifi\ArduinoJson\src/ArduinoJson/Polyfills/utility.hpp:14:5:T&& ArduinoJson::V742HB22::detail::forward(ArduinoJson::V742HB22::detail::remove_reference_t<T>&) [with T = const char (&)[5]]	0	static
C:\work\git\STM32-H5-KIT\firmware\H5_GUI_LOGGER\stm32h5-fw\src\lib\wifi\ArduinoJson\src/ArduinoJson/Strings/StringAdapter.hpp:33:24:ArduinoJson::V742HB22::detail::AdaptedString<TString> ArduinoJson::V742HB22::detail::adaptString(TString&&) [with TString = const char (&)[5]]	8	static
C:\work\git\STM32-H5-KIT\firmware\H5_GUI_LOGGER\stm32h5-fw\src\lib\wifi\ArduinoJson\src/ArduinoJson/Polyfills/utility.hpp:14:5:T&& ArduinoJson::V742HB22::detail::forward(ArduinoJson::V742HB22::detail::remove_reference_t<T>&) [with T = const char (&)[4]]	0	static
C:\work\git\STM32-H5-KIT\firmware\H5_GUI_LOGGER\stm32h5-fw\src\lib\wifi\ArduinoJson\src/ArduinoJson/Strings/StringAdapter.hpp:33:24:ArduinoJson::V742HB22::detail::AdaptedString<TString> ArduinoJson::V742HB22::detail::adaptString(TString&&) [with TString = const char (&)[4]]	8	static
C:\work\git\STM32-H5-KIT\firmware\H5_GUI_LOGGER\stm32h5-fw\src\lib\wifi\ArduinoJson\src/ArduinoJson/Polyfills/utility.hpp:14:5:T&& ArduinoJson::V742HB22::detail::forward(ArduinoJson::V742HB22::detail::remove_reference_t<T>&) [with T = ArduinoJson::V742HB22::JsonString]	0	static
C:\work\git\STM32-H5-KIT\firmware\H5_GUI_LOGGER\stm32h5-fw\src\lib\wifi\ArduinoJson\src/ArduinoJson/Strings/StringAdapter.hpp:33:24:ArduinoJson::V742HB22::detail::AdaptedString<TString> ArduinoJson::V742HB22::detail::adaptString(TString&&) [with TString = ArduinoJson::V742HB22::JsonString]	8	static
C:\work\git\STM32-H5-KIT\firmware\H5_GUI_LOGGER\stm32h5-fw\src\lib\wifi\ArduinoJson\src/ArduinoJson/Variant/VariantImpl.hpp:74:35:ArduinoJson::V742HB22::detail::enable_if_t<(sizeof (T) == 8), bool> ArduinoJson::V742HB22::detail::VariantData::setFloat(T, ArduinoJson::V742HB22::detail::ResourceManager*) [with T = double]	40	static
C:\work\git\STM32-H5-KIT\firmware\H5_GUI_LOGGER\stm32h5-fw\src\lib\wifi\ArduinoJson\src/ArduinoJson/Polyfills/math.hpp:16:6:bool ArduinoJson::V742HB22::detail::isnan(T) [with T = double]	8	static
C:\work\git\STM32-H5-KIT\firmware\H5_GUI_LOGGER\stm32h5-fw\src\lib\wifi\ArduinoJson\src/ArduinoJson/Polyfills/math.hpp:23:6:bool ArduinoJson::V742HB22::detail::isinf(T) [with T = double]	16	static
C:\work\git\STM32-H5-KIT\firmware\H5_GUI_LOGGER\stm32h5-fw\src\lib\wifi\ArduinoJson\src/ArduinoJson/Json/TextFormatter.hpp:72:8:void ArduinoJson::V742HB22::detail::TextFormatter<TWriter>::writeFloat(ArduinoJson::V742HB22::JsonFloat, int8_t) [with TWriter = ArduinoJson::V742HB22::detail::StaticStringWriter]	96	static
C:\work\git\STM32-H5-KIT\firmware\H5_GUI_LOGGER\stm32h5-fw\src\lib\wifi\ArduinoJson\src/ArduinoJson/Variant/VariantData.hpp:54:34:typename TVisitor::result_type ArduinoJson::V742HB22::detail::VariantData::accept(TVisitor&, const ArduinoJson::V742HB22::detail::ResourceManager*) const [with TVisitor = ArduinoJson::V742HB22::detail::JsonSerializer<ArduinoJson::V742HB22::detail::StaticStringWriter>]	104	static
C:\work\git\STM32-H5-KIT\firmware\H5_GUI_LOGGER\stm32h5-fw\src\lib\wifi\ArduinoJson\src/ArduinoJson/Serialization/serialize.hpp:12:8:size_t ArduinoJson::V742HB22::detail::doSerialize(ArduinoJson::V742HB22::JsonVariantConst, TWriter) [with TSerializer = ArduinoJson::V742HB22::detail::JsonSerializer; TWriter = ArduinoJson::V742HB22::detail::StaticStringWriter]	64	static
C:\work\git\STM32-H5-KIT\firmware\H5_GUI_LOGGER\stm32h5-fw\src\lib\wifi\ArduinoJson\src/ArduinoJson/Serialization/serialize.hpp:34:68:ArduinoJson::V742HB22::detail::enable_if_t<TSerializer<ArduinoJson::V742HB22::detail::StaticStringWriter>::producesText, unsigned int> ArduinoJson::V742HB22::detail::serialize(ArduinoJson::V742HB22::JsonVariantConst, void*, size_t) [with TSerializer = ArduinoJson::V742HB22::detail::JsonSerializer]	32	static
C:\work\git\STM32-H5-KIT\firmware\H5_GUI_LOGGER\stm32h5-fw\src\lib\wifi\ArduinoJson\src/ArduinoJson/Serialization/serialize.hpp:45:43:ArduinoJson::V742HB22::detail::enable_if_t<ArduinoJson::V742HB22::detail::IsChar<TChar>::value, unsigned int> ArduinoJson::V742HB22::detail::serialize(ArduinoJson::V742HB22::JsonVariantConst, TChar (&)[N]) [with TSerializer = ArduinoJson::V742HB22::detail::JsonSerializer; TChar = char; unsigned int N = 1024]	16	static
C:\work\git\STM32-H5-KIT\firmware\H5_GUI_LOGGER\stm32h5-fw\src\lib\wifi\ArduinoJson\src/ArduinoJson/Json/JsonSerializer.hpp:135:8:size_t ArduinoJson::V742HB22::serializeJson(ArduinoJson::V742HB22::JsonVariantConst, TDestination&) [with TDestination = char [1024]; typename ArduinoJson::V742HB22::detail::enable_if<(! ArduinoJson::V742HB22::detail::is_pointer<T>::value), int>::type <anonymous> = 0]	16	static
C:\work\git\STM32-H5-KIT\firmware\H5_GUI_LOGGER\stm32h5-fw\src\lib\wifi\ArduinoJson\src/ArduinoJson/Object/ObjectImpl.hpp:53:21:ArduinoJson::V742HB22::detail::VariantData* ArduinoJson::V742HB22::detail::ObjectData::addMember(TAdaptedString, ArduinoJson::V742HB22::detail::ResourceManager*) [with TAdaptedString = ArduinoJson::V742HB22::detail::RamString]	128	static
C:\work\git\STM32-H5-KIT\firmware\H5_GUI_LOGGER\stm32h5-fw\src\lib\wifi\ArduinoJson\src/ArduinoJson/Object/ObjectImpl.hpp:24:14:ArduinoJson::V742HB22::detail::VariantData* ArduinoJson::V742HB22::detail::ObjectData::getOrAddMember(TAdaptedString, ArduinoJson::V742HB22::detail::ResourceManager*) [with TAdaptedString = ArduinoJson::V742HB22::detail::RamString]	112	static
C:\work\git\STM32-H5-KIT\firmware\H5_GUI_LOGGER\stm32h5-fw\src\ap\modules\network\mqtt\mqtt.cpp:323:6:void cliMqtt(cli_args_t*)	952	static
