C:\work\git\STM32-H5-KIT\firmware\H5_GUI_LOGGER\stm32h5-fw\src\ap\modules\logger\writer\file_controller.c:189:13:fileCtrlFlushForce	16	static
C:\work\git\STM32-H5-KIT\firmware\H5_GUI_LOGGER\stm32h5-fw\src\ap\modules\logger\writer\file_controller.c:23:6:fileCtrlOpen	32	static
C:\work\git\STM32-H5-KIT\firmware\H5_GUI_LOGGER\stm32h5-fw\src\ap\modules\logger\writer\file_controller.c:58:6:fileCtrlClose	8	static
C:\work\git\STM32-H5-KIT\firmware\H5_GUI_LOGGER\stm32h5-fw\src\ap\modules\logger\writer\file_controller.c:134:6:fileCtrlFlush	24	static
C:\work\git\STM32-H5-KIT\firmware\H5_GUI_LOGGER\stm32h5-fw\src\ap\modules\logger\writer\file_controller.c:84:6:fileCtrlWrite	24	static
C:\work\git\STM32-H5-KIT\firmware\H5_GUI_LOGGER\stm32h5-fw\src\ap\modules\logger\writer\file_controller.c:173:6:fileCtrlFlushAll	8	static
C:\work\git\STM32-H5-KIT\firmware\H5_GUI_LOGGER\stm32h5-fw\src\ap\modules\logger\writer\file_controller.c:218:6:fileCtrlIsOpen	0	static
