C:\work\git\STM32-H5-KIT\firmware\H5_GUI_LOGGER\stm32h5-fw\src\ap\modules\logger\writer\writer.c:55:6:writerThreadInit	16	static
C:\work\git\STM32-H5-KIT\firmware\H5_GUI_LOGGER\stm32h5-fw\src\ap\modules\logger\writer\writer.c:262:13:writerOpenAllFiles	16	static
C:\work\git\STM32-H5-KIT\firmware\H5_GUI_LOGGER\stm32h5-fw\src\ap\modules\logger\writer\writer.c:141:13:writerCanProcess	936	static
C:\work\git\STM32-H5-KIT\firmware\H5_GUI_LOGGER\stm32h5-fw\src\ap\modules\logger\writer\writer.c:188:13:writerSerialProcess	1112	static
C:\work\git\STM32-H5-KIT\firmware\H5_GUI_LOGGER\stm32h5-fw\src\ap\modules\logger\writer\writer.c:285:13:writerFlushPeriodically	8	static
C:\work\git\STM32-H5-KIT\firmware\H5_GUI_LOGGER\stm32h5-fw\src\ap\modules\logger\writer\writer.c:277:13:writerCloseAllFiles	8	static
C:\work\git\STM32-H5-KIT\firmware\H5_GUI_LOGGER\stm32h5-fw\src\ap\modules\logger\writer\writer.c:301:13:writerCheckPause	8	static
C:\work\git\STM32-H5-KIT\firmware\H5_GUI_LOGGER\stm32h5-fw\src\ap\modules\logger\writer\writer.c:68:13:writerThread	16	static
