../App/common/hw/src/cli_gui.c:30:13:initScreen	16	static
../App/common/hw/src/cli_gui.c:45:13:closeScreen	8	static
../App/common/hw/src/cli_gui.c:54:17:getWidth	4	static
../App/common/hw/src/cli_gui.c:59:17:getHeight	4	static
../App/common/hw/src/cli_gui.c:64:13:setAttr	24	static
../App/common/hw/src/cli_gui.c:114:13:clear	8	static
../App/common/hw/src/cli_gui.c:119:13:guiMove	16	static
../App/common/hw/src/cli_gui.c:124:13:move	16	static
../App/common/hw/src/cli_gui.c:136:13:addCh_Or_InsCh	16	static
../App/common/hw/src/cli_gui.c:180:13:addChar	16	static
../App/common/hw/src/cli_gui.c:185:13:drawBoxLine	40	static
../App/common/hw/src/cli_gui.c:244:13:drawBox	40	static
../App/common/hw/src/cli_gui.c:303:13:eraseBox	32	static
../App/common/hw/src/cli_gui.c:334:13:addStr	16	static
../App/common/hw/src/cli_gui.c:342:13:showCursor	16	static
../App/common/hw/src/cli_gui.c:356:13:moveAddStr	16	static
../App/common/hw/src/cli_gui.c:362:13:showTopLine	32	static
../App/common/hw/src/cli_gui.c:393:13:showBottomLine	24	static
../App/common/hw/src/cli_gui.c:409:13:addPrintf	16	static
../App/common/hw/src/cli_gui.c:420:13:movePrintf	24	static
../App/common/hw/src/cli_gui.c:431:13:setScrollArea	16	static
../App/common/hw/src/cli_gui.c:437:13:delChar	8	static
../App/common/hw/src/cli_gui.c:442:13:shiftLeft	24	static
../App/common/hw/src/cli_gui.c:457:13:shiftLeftStr	24	static
../App/common/hw/src/cli_gui.c:492:13:guiSetScrollArea	16	static
../App/common/hw/src/cli_gui.c:504:13:scroll	8	static
../App/common/hw/src/cli_gui.c:513:13:insertLine	8	static
../App/common/hw/src/cli_gui.c:522:13:insChar	16	static
../App/common/hw/src/cli_gui.c:527:13:clearToEol	8	static
../App/common/hw/src/cli_gui.c:532:13:message	16	static
../App/common/hw/src/cli_gui.c:539:16:cliGui	4	static
