C:\work\git\STM32-H5-KIT\firmware\H5_CAN_LOGGER\stm32h5-fw\src\hw\driver\gpio.c:56:6:gpioPinMode	32	static
C:\work\git\STM32-H5-KIT\firmware\H5_CAN_LOGGER\stm32h5-fw\src\hw\driver\gpio.c:111:6:gpioPinWrite	8	static
C:\work\git\STM32-H5-KIT\firmware\H5_CAN_LOGGER\stm32h5-fw\src\hw\driver\gpio.c:34:6:gpioInit	32	static
C:\work\git\STM32-H5-KIT\firmware\H5_CAN_LOGGER\stm32h5-fw\src\hw\driver\gpio.c:128:6:gpioPinRead	16	static
C:\work\git\STM32-H5-KIT\firmware\H5_CAN_LOGGER\stm32h5-fw\src\hw\driver\gpio.c:157:6:cliGpio	24	static
C:\work\git\STM32-H5-KIT\firmware\H5_CAN_LOGGER\stm32h5-fw\src\hw\driver\gpio.c:145:6:gpioPinToggle	8	static
