C:\work\git\STM32-H5-KIT\firmware\H5_CAN_LOGGER\stm32h5-fw\src\hw\driver\i2c.c:131:10:i2cGetTimming	0	static
C:\work\git\STM32-H5-KIT\firmware\H5_CAN_LOGGER\stm32h5-fw\src\hw\driver\i2c.c:420:6:delayUs	8	static
C:\work\git\STM32-H5-KIT\firmware\H5_CAN_LOGGER\stm32h5-fw\src\hw\driver\i2c.c:56:6:i2cInit	8	static
C:\work\git\STM32-H5-KIT\firmware\H5_CAN_LOGGER\stm32h5-fw\src\hw\driver\i2c.c:79:6:i2cIsInit	0	static
C:\work\git\STM32-H5-KIT\firmware\H5_CAN_LOGGER\stm32h5-fw\src\hw\driver\i2c.c:153:6:i2cIsBegin	0	static
C:\work\git\STM32-H5-KIT\firmware\H5_CAN_LOGGER\stm32h5-fw\src\hw\driver\i2c.c:158:6:i2cReset	56	static
C:\work\git\STM32-H5-KIT\firmware\H5_CAN_LOGGER\stm32h5-fw\src\hw\driver\i2c.c:84:6:i2cBegin	16	static
C:\work\git\STM32-H5-KIT\firmware\H5_CAN_LOGGER\stm32h5-fw\src\hw\driver\i2c.c:200:6:i2cIsDeviceReady	16	static
C:\work\git\STM32-H5-KIT\firmware\H5_CAN_LOGGER\stm32h5-fw\src\hw\driver\i2c.c:217:6:i2cRecovery	8	static
C:\work\git\STM32-H5-KIT\firmware\H5_CAN_LOGGER\stm32h5-fw\src\hw\driver\i2c.c:233:6:i2cReadBytes	48	static
C:\work\git\STM32-H5-KIT\firmware\H5_CAN_LOGGER\stm32h5-fw\src\hw\driver\i2c.c:228:6:i2cReadByte	16	static
C:\work\git\STM32-H5-KIT\firmware\H5_CAN_LOGGER\stm32h5-fw\src\hw\driver\i2c.c:260:6:i2cReadA16Bytes	48	static
C:\work\git\STM32-H5-KIT\firmware\H5_CAN_LOGGER\stm32h5-fw\src\hw\driver\i2c.c:287:6:i2cReadData	40	static
C:\work\git\STM32-H5-KIT\firmware\H5_CAN_LOGGER\stm32h5-fw\src\hw\driver\i2c.c:319:6:i2cWriteBytes	48	static
C:\work\git\STM32-H5-KIT\firmware\H5_CAN_LOGGER\stm32h5-fw\src\hw\driver\i2c.c:314:6:i2cWriteByte	24	static
C:\work\git\STM32-H5-KIT\firmware\H5_CAN_LOGGER\stm32h5-fw\src\hw\driver\i2c.c:493:6:cliI2C	64	static
C:\work\git\STM32-H5-KIT\firmware\H5_CAN_LOGGER\stm32h5-fw\src\hw\driver\i2c.c:346:6:i2cWriteA16Bytes	48	static
C:\work\git\STM32-H5-KIT\firmware\H5_CAN_LOGGER\stm32h5-fw\src\hw\driver\i2c.c:373:6:i2cWriteData	40	static
C:\work\git\STM32-H5-KIT\firmware\H5_CAN_LOGGER\stm32h5-fw\src\hw\driver\i2c.c:400:6:i2cSetTimeout	0	static
C:\work\git\STM32-H5-KIT\firmware\H5_CAN_LOGGER\stm32h5-fw\src\hw\driver\i2c.c:405:10:i2cGetTimeout	0	static
C:\work\git\STM32-H5-KIT\firmware\H5_CAN_LOGGER\stm32h5-fw\src\hw\driver\i2c.c:410:6:i2cClearErrCount	0	static
C:\work\git\STM32-H5-KIT\firmware\H5_CAN_LOGGER\stm32h5-fw\src\hw\driver\i2c.c:415:10:i2cGetErrCount	0	static
C:\work\git\STM32-H5-KIT\firmware\H5_CAN_LOGGER\stm32h5-fw\src\hw\driver\i2c.c:434:6:HAL_I2C_ErrorCallback	0	static
C:\work\git\STM32-H5-KIT\firmware\H5_CAN_LOGGER\stm32h5-fw\src\hw\driver\i2c.c:441:6:HAL_I2C_MspInit	304	static
C:\work\git\STM32-H5-KIT\firmware\H5_CAN_LOGGER\stm32h5-fw\src\hw\driver\i2c.c:474:6:HAL_I2C_MspDeInit	8	static
