C:\work\git\STM32-H5-KIT\firmware\H5_CAN_LOGGER\src\hw\driver\reset.c:32:6:resetInit	8	static
C:\work\git\STM32-H5-KIT\firmware\H5_CAN_LOGGER\src\hw\driver\reset.c:93:6:resetLog	0	static
C:\work\git\STM32-H5-KIT\firmware\H5_CAN_LOGGER\src\hw\driver\reset.c:110:6:resetToReset	8	static
C:\work\git\STM32-H5-KIT\firmware\H5_CAN_LOGGER\src\hw\driver\reset.c:115:10:resetGetBits	0	static
C:\work\git\STM32-H5-KIT\firmware\H5_CAN_LOGGER\src\hw\driver\reset.c:120:6:resetSetBits	0	static
C:\work\git\STM32-H5-KIT\firmware\H5_CAN_LOGGER\src\hw\driver\reset.c:125:6:resetSetBootMode	8	static
C:\work\git\STM32-H5-KIT\firmware\H5_CAN_LOGGER\src\hw\driver\reset.c:137:6:cliReset	16	static
C:\work\git\STM32-H5-KIT\firmware\H5_CAN_LOGGER\src\hw\driver\reset.c:98:6:resetToBoot	8	static
C:\work\git\STM32-H5-KIT\firmware\H5_CAN_LOGGER\src\hw\driver\reset.c:104:6:resetToUpdate	8	static
C:\work\git\STM32-H5-KIT\firmware\H5_CAN_LOGGER\src\hw\driver\reset.c:131:10:resetGetBootMode	0	static
