C:\work\git\STM32-H5-KIT\firmware\H5_CAN_LOGGER\src\hw\driver\uart.c:122:6:uartInit	8	static
C:\work\git\STM32-H5-KIT\firmware\H5_CAN_LOGGER\src\hw\driver\uart.c:154:6:uartDeInit	0	static
C:\work\git\STM32-H5-KIT\firmware\H5_CAN_LOGGER\src\hw\driver\uart.c:159:6:uartIsInit	0	static
C:\work\git\STM32-H5-KIT\firmware\H5_CAN_LOGGER\src\hw\driver\uart.c:164:6:uartOpen	64	static
C:\work\git\STM32-H5-KIT\firmware\H5_CAN_LOGGER\src\hw\driver\uart.c:262:6:uartClose	0	static
C:\work\git\STM32-H5-KIT\firmware\H5_CAN_LOGGER\src\hw\driver\uart.c:272:10:uartAvailable	8	static
C:\work\git\STM32-H5-KIT\firmware\H5_CAN_LOGGER\src\hw\driver\uart.c:306:9:uartRead	24	static
C:\work\git\STM32-H5-KIT\firmware\H5_CAN_LOGGER\src\hw\driver\uart.c:288:6:uartFlush	16	static
C:\work\git\STM32-H5-KIT\firmware\H5_CAN_LOGGER\src\hw\driver\uart.c:322:10:uartWrite	16	static
C:\work\git\STM32-H5-KIT\firmware\H5_CAN_LOGGER\src\hw\driver\uart.c:341:10:uartPrintf	276	static
C:\work\git\STM32-H5-KIT\firmware\H5_CAN_LOGGER\src\hw\driver\uart.c:359:10:uartGetBaud	0	static
C:\work\git\STM32-H5-KIT\firmware\H5_CAN_LOGGER\src\hw\driver\uart.c:1293:6:cliUart	40	static
C:\work\git\STM32-H5-KIT\firmware\H5_CAN_LOGGER\src\hw\driver\uart.c:379:10:uartGetRxCnt	0	static
C:\work\git\STM32-H5-KIT\firmware\H5_CAN_LOGGER\src\hw\driver\uart.c:387:10:uartGetTxCnt	0	static
C:\work\git\STM32-H5-KIT\firmware\H5_CAN_LOGGER\src\hw\driver\uart.c:395:6:HAL_UART_MspInit	512	static
C:\work\git\STM32-H5-KIT\firmware\H5_CAN_LOGGER\src\hw\driver\uart.c:1178:6:HAL_UART_MspDeInit	8	static
