../App/hw/driver/can.c:127:6:canInit	16	static
../App/hw/driver/can.c:171:6:canLock	16	static
../App/hw/driver/can.c:177:6:canUnLock	4	static
../App/hw/driver/can.c:182:6:canOpen	48	static
../App/hw/driver/can.c:307:6:canIsOpen	16	static
../App/hw/driver/can.c:314:6:canClose	16	static
../App/hw/driver/can.c:325:6:canGetInfo	16	static
../App/hw/driver/can.c:337:10:canGetDlc	24	static
../App/hw/driver/can.c:363:9:canGetLen	16	static
../App/hw/driver/can.c:368:6:canSetFilterType	16	static
../App/hw/driver/can.c:374:6:canGetFilterType	16	static
../App/hw/driver/can.c:380:6:canConfigFilter	48	static
../App/hw/driver/can.c:423:10:canMsgAvailable	16	static
../App/hw/driver/can.c:430:6:canMsgInit	16	static
../App/hw/driver/can.c:439:6:canMsgWrite	72	static
../App/hw/driver/can.c:519:6:canRecovery	16	static
../App/hw/driver/can.c:532:6:canMsgRead	24	static
../App/hw/driver/can.c:544:6:canUpdate	24	static
../App/hw/driver/can.c:584:10:canGetRxErrCount	40	static
../App/hw/driver/can.c:601:10:canGetTxErrCount	40	static
../App/hw/driver/can.c:618:10:canGetError	16	static
../App/hw/driver/can.c:625:10:canGetRxCount	16	static
../App/hw/driver/can.c:632:10:canGetTxCount	16	static
../App/hw/driver/can.c:639:10:canGetState	16	static
../App/hw/driver/can.c:646:6:canAttachRxInterrupt	16	static
../App/hw/driver/can.c:653:6:canDetachRxInterrupt	16	static
../App/hw/driver/can.c:662:6:canRxFifoCallback	64	static
../App/hw/driver/can.c:719:6:canErrClear	16	static
../App/hw/driver/can.c:726:6:canErrPrint	24	static
../App/hw/driver/can.c:740:6:canErrUpdate	64	static
../App/hw/driver/can.c:787:6:canInfoPrint	24	static
../App/hw/driver/can.c:898:6:HAL_FDCAN_ErrorStatusCallback	24	static
../App/hw/driver/can.c:913:6:HAL_FDCAN_ErrorCallback	24	static
../App/hw/driver/can.c:934:6:HAL_FDCAN_RxFifo0Callback	24	static
../App/hw/driver/can.c:964:6:cliCan	200	static
