../App/hw/driver/can.c:127:6:canInit	16	static
../App/hw/driver/can.c:171:6:canLock	16	static
../App/hw/driver/can.c:177:6:canUnLock	4	static
../App/hw/driver/can.c:182:6:canOpen	48	static
../App/hw/driver/can.c:308:6:canIsOpen	16	static
../App/hw/driver/can.c:315:6:canClose	16	static
../App/hw/driver/can.c:326:6:canGetInfo	16	static
../App/hw/driver/can.c:338:10:canGetDlc	24	static
../App/hw/driver/can.c:364:9:canGetLen	16	static
../App/hw/driver/can.c:369:6:canSetFilterType	16	static
../App/hw/driver/can.c:375:6:canGetFilterType	16	static
../App/hw/driver/can.c:381:6:canConfigFilter	48	static
../App/hw/driver/can.c:424:10:canMsgAvailable	16	static
../App/hw/driver/can.c:431:6:canMsgInit	16	static
../App/hw/driver/can.c:440:6:canMsgWrite	72	static
../App/hw/driver/can.c:520:6:canRecovery	16	static
../App/hw/driver/can.c:533:6:canMsgRead	24	static
../App/hw/driver/can.c:545:6:canUpdate	24	static
../App/hw/driver/can.c:585:10:canGetRxErrCount	40	static
../App/hw/driver/can.c:602:10:canGetTxErrCount	40	static
../App/hw/driver/can.c:619:10:canGetError	16	static
../App/hw/driver/can.c:626:10:canGetRxCount	16	static
../App/hw/driver/can.c:633:10:canGetTxCount	16	static
../App/hw/driver/can.c:640:10:canGetState	16	static
../App/hw/driver/can.c:647:6:canAttachRxInterrupt	16	static
../App/hw/driver/can.c:654:6:canDetachRxInterrupt	16	static
../App/hw/driver/can.c:663:6:canRxFifoCallback	64	static
../App/hw/driver/can.c:720:6:canErrClear	16	static
../App/hw/driver/can.c:727:6:canErrPrint	24	static
../App/hw/driver/can.c:741:6:canErrUpdate	64	static
../App/hw/driver/can.c:788:6:canInfoPrint	24	static
../App/hw/driver/can.c:899:6:HAL_FDCAN_ErrorStatusCallback	24	static
../App/hw/driver/can.c:914:6:HAL_FDCAN_ErrorCallback	24	static
../App/hw/driver/can.c:935:6:HAL_FDCAN_RxFifo0Callback	24	static
../App/hw/driver/can.c:965:6:cliCan	200	static
