../App/hw/driver/i2c.c:45:6:i2cInit	16	static
../App/hw/driver/i2c.c:64:6:i2cIsInit	4	static
../App/hw/driver/i2c.c:69:6:i2cBegin	24	static
../App/hw/driver/i2c.c:117:10:i2cGetTimming	24	static
../App/hw/driver/i2c.c:139:6:i2cIsBegin	16	static
../App/hw/driver/i2c.c:144:6:i2cReset	48	static
../App/hw/driver/i2c.c:185:6:i2cIsDeviceReady	24	static,ignoring_inline_asm
../App/hw/driver/i2c.c:199:6:i2cRecovery	24	static
../App/hw/driver/i2c.c:210:6:i2cReadByte	32	static
../App/hw/driver/i2c.c:215:6:i2cReadBytes	56	static
../App/hw/driver/i2c.c:240:6:i2cReadA16Bytes	56	static
../App/hw/driver/i2c.c:265:6:i2cReadData	48	static
../App/hw/driver/i2c.c:290:6:i2cWriteByte	32	static
../App/hw/driver/i2c.c:295:6:i2cWriteBytes	56	static
../App/hw/driver/i2c.c:320:6:i2cWriteA16Bytes	56	static
../App/hw/driver/i2c.c:345:6:i2cWriteData	48	static
../App/hw/driver/i2c.c:371:6:i2cSetTimeout	16	static
../App/hw/driver/i2c.c:376:10:i2cGetTimeout	16	static
../App/hw/driver/i2c.c:381:6:i2cClearErrCount	16	static
../App/hw/driver/i2c.c:386:10:i2cGetErrCount	16	static
../App/hw/driver/i2c.c:391:6:delayUs	24	static
../App/hw/driver/i2c.c:405:6:HAL_I2C_ErrorCallback	16	static
../App/hw/driver/i2c.c:413:6:cliI2C	200	static
