../App/hw/driver/lcd.c:97:6:TransferDoneISR	8	static
../App/hw/driver/lcd.c:112:6:lcdInit	24	static
../App/hw/driver/lcd.c:152:10:lcdGetDrawTime	4	static
../App/hw/driver/lcd.c:157:6:lcdIsInit	4	static
../App/hw/driver/lcd.c:162:6:lcdReset	8	static
../App/hw/driver/lcd.c:167:9:lcdGetBackLight	4	static
../App/hw/driver/lcd.c:172:6:lcdSetBackLight	16	static
../App/hw/driver/lcd.c:197:22:lcdReadPixel	0	static
../App/hw/driver/lcd.c:202:18:lcdDrawPixel	0	static
../App/hw/driver/lcd.c:210:18:lcdClear	8	static
../App/hw/driver/lcd.c:217:18:lcdClearBuffer	8	static
../App/hw/driver/lcd.c:227:18:lcdDrawFillCircle	48	static
../App/hw/driver/lcd.c:258:18:lcdDrawCircleHelper	56	static
../App/hw/driver/lcd.c:299:18:lcdDrawRoundRect	64	static
../App/hw/driver/lcd.c:314:18:lcdDrawFillCircleHelper	56	static
../App/hw/driver/lcd.c:349:18:lcdDrawFillRoundRect	40	static
../App/hw/driver/lcd.c:359:18:lcdDrawTriangle	40	static
../App/hw/driver/lcd.c:366:18:lcdDrawFillTriangle	80	dynamic
../App/hw/driver/lcd.c:402:6:lcdSetFps	16	static
../App/hw/driver/lcd.c:407:10:lcdGetFps	4	static
../App/hw/driver/lcd.c:412:10:lcdGetFpsTime	4	static
../App/hw/driver/lcd.c:417:6:lcdDrawAvailable	16	static
../App/hw/driver/lcd.c:437:6:lcdRequestDraw	16	static
../App/hw/driver/lcd.c:456:6:lcdUpdateDraw	16	static
../App/hw/driver/lcd.c:478:6:lcdSetWindow	24	static
../App/hw/driver/lcd.c:488:11:lcdGetFrameBuffer	4	static
../App/hw/driver/lcd.c:493:11:lcdGetCurrentFrameBuffer	4	static
../App/hw/driver/lcd.c:498:6:lcdDisplayOff	4	static
../App/hw/driver/lcd.c:502:6:lcdDisplayOn	8	static
../App/hw/driver/lcd.c:507:9:lcdGetWidth	4	static
../App/hw/driver/lcd.c:512:9:lcdGetHeight	4	static
../App/hw/driver/lcd.c:518:6:lcdDrawLine	48	static
../App/hw/driver/lcd.c:572:6:lcdDrawLineBuffer	48	static
../App/hw/driver/lcd.c:640:6:lcdDrawVLine	32	static
../App/hw/driver/lcd.c:645:6:lcdDrawHLine	32	static
../App/hw/driver/lcd.c:650:6:lcdDrawFillRect	32	static
../App/hw/driver/lcd.c:658:6:lcdDrawRect	24	static
../App/hw/driver/lcd.c:666:6:lcdDrawFillScreen	24	static
../App/hw/driver/lcd.c:671:6:lcdPrintf	364	static
../App/hw/driver/lcd.c:737:10:lcdGetStrWidth	328	static
../App/hw/driver/lcd.c:768:6:disHanFont	40	static
../App/hw/driver/lcd.c:800:6:disEngFont	40	static
../App/hw/driver/lcd.c:819:6:lcdSetFont	16	static
../App/hw/driver/lcd.c:824:9:lcdGetFont	4	static
../App/hw/driver/lcd.c:829:18:lcdDrawPixelBuffer	0	static
../App/hw/driver/lcd.c:834:6:disHanFontBuffer	40	static
../App/hw/driver/lcd.c:876:22:lcdGetColorMix	8	static
../App/hw/driver/lcd.c:902:18:lcdDrawPixelMix	16	static
../App/hw/driver/lcd.c:915:6:lcdPrintfResize	424	static
../App/hw/driver/lcd.c:1023:6:lcdSetResizeMode	16	static
../App/hw/driver/lcd.c:1055:6:cliLcd	40	static
